00:02.082 INFO  :core:testJvm             Testing module 'core' for platform 'jvm'...
00:02.086 INFO  :data:testJvm             Testing module 'data' for platform 'jvm'...
00:02.113 INFO  :sharedUI:testJvm         Testing module 'sharedUI' for platform 'jvm'...
00:02.126 WARN  :desktopApp:testJvm       No test classes, skipping test execution for module 'desktopApp'
Started DataStoreSettingsRepositoryTest
Started testValidJsonIsDecoded()
Passed testValidJsonIsDecoded()
Started testDecodeErrorReturnsDefaultFlow()
Passed testDecodeErrorReturnsDefaultFlow()
Started testDecodeErrorReturnsDefaultOnUpdate()
Passed testDecodeErrorReturnsDefaultOnUpdate()
Started testPartialUpdatePreservesAllOtherFields()
Passed testPartialUpdatePreservesAllOtherFields()
Completed DataStoreSettingsRepositoryTest
Started BalanceServiceTest
Started testSaveBalanceUpdatesValue()
Passed testSaveBalanceUpdatesValue()
Started testExceptionInDataFlowReturnsDefaultValue()
Passed testExceptionInDataFlowReturnsDefaultValue()
Started testDefaultBalanceIsEmittedWhenEmpty()
Passed testDefaultBalanceIsEmittedWhenEmpty()
Started testResetBalanceRestoresDefaultValue()
Passed testResetBalanceRestoresDefaultValue()
Completed BalanceServiceTest
Started SettingsRepositoryTest
Started update_sound_muted()
Passed update_sound_muted()
Started default_settings_on_first_read()
Passed default_settings_on_first_read()
Completed SettingsRepositoryTest

Test run finished after 353 ms
[         6 containers found      ]
[         0 containers skipped    ]
[         6 containers started    ]
[         0 containers aborted    ]
[         6 containers successful ]
[         0 containers failed     ]
[        10 tests found           ]
[         0 tests skipped         ]
[        10 tests started         ]
[         0 tests aborted         ]
[        10 tests successful      ]
[         0 tests failed          ]

Started ChipVisualsTest
Started HandCountPersistenceTest
Started breakdownAmountValues_exceedsMaxParticles_withLeftover_addsOne()
Started testNewGameRemembersHandCount()
Passed breakdownAmountValues_exceedsMaxParticles_withLeftover_addsOne()
Started breakdownAmountValues_exactDenomination_returnsSingleValue()
Passed breakdownAmountValues_exactDenomination_returnsSingleValue()
Started breakdownAmountValues_zeroAmount_returnsEmptyList()
Passed breakdownAmountValues_zeroAmount_returnsEmptyList()
Started breakdownAmountValues_withLeftoverAndSpace_addsOne()
Passed breakdownAmountValues_withLeftoverAndSpace_addsOne()
Started breakdownAmount_exceedsMaxParticles_withLeftover_noWhiteSoftAdded()
Passed breakdownAmount_exceedsMaxParticles_withLeftover_noWhiteSoftAdded()
Started breakdownAmount_exceedsMaxParticles_truncates()
Passed breakdownAmount_exceedsMaxParticles_truncates()
Started breakdownAmount_zeroAmount_returnsEmptyList()
Passed breakdownAmount_zeroAmount_returnsEmptyList()
Started breakdownAmountValues_complexAmount_returnsExpectedValues()
Passed breakdownAmountValues_complexAmount_returnsExpectedValues()
Started breakdownAmount_exactDenomination_returnsCorrectColors()
Passed breakdownAmount_exactDenomination_returnsCorrectColors()
Started breakdownAmountValues_exceedsMaxParticles_truncates()
Passed breakdownAmountValues_exceedsMaxParticles_truncates()
Started breakdownAmount_complexAmount_returnsCorrectColors()
Passed breakdownAmount_complexAmount_returnsCorrectColors()
Completed ChipVisualsTest
Started GameEffectHandlerTest
Started winPulseEffectRoutesToWinPulse()
Passed winPulseEffectRoutesToWinPulse()
Started lightTickEffectRoutesToLightTick()
Passed lightTickEffectRoutesToLightTick()
Started nonVibrateEffectDoesNotTriggerHaptics()
Passed nonVibrateEffectDoesNotTriggerHaptics()
Started bustThdEffectRoutesToBustThud()
Passed bustThdEffectRoutesToBustThud()
Started vibrateEffectTriggersHaptics()
Passed vibrateEffectTriggersHaptics()
Completed GameEffectHandlerTest
Started BlackjackAnimationOrchestratorTest
Started nearMiss_setsHandIndexThenClearsAfterLifetime()
Verbose: (DefaultBlackjackStateMachine) SM reduce: NewGame(initialBalance=1000, rules=GameRules(dealerHitsSoft17=true, allowDoubleAfterSplit=true, allowSurrender=false, blackjackPayout=THREE_TO_TWO, deckCount=6, splitOnValueOnly=false, deterministicReshuffle=false), handCount=3, previousBets=[0], lastSideBets={})
Verbose: (DefaultBlackjackStateMachine) SM action loop finished: NewGame(initialBalance=1000, rules=GameRules(dealerHitsSoft17=true, allowDoubleAfterSplit=true, allowSurrender=false, blackjackPayout=THREE_TO_TWO, deckCount=6, splitOnValueOnly=false, deterministicReshuffle=false), handCount=3, previousBets=[0], lastSideBets={})
Verbose: (DefaultBlackjackStateMachine) SM reduce: NewGame(initialBalance=1000, rules=GameRules(dealerHitsSoft17=true, allowDoubleAfterSplit=true, allowSurrender=false, blackjackPayout=THREE_TO_TWO, deckCount=6, splitOnValueOnly=false, deterministicReshuffle=false), handCount=2, previousBets=[0], lastSideBets={})
Verbose: (DefaultBlackjackStateMachine) SM action loop finished: NewGame(initialBalance=1000, rules=GameRules(dealerHitsSoft17=true, allowDoubleAfterSplit=true, allowSurrender=false, blackjackPayout=THREE_TO_TWO, deckCount=6, splitOnValueOnly=false, deterministicReshuffle=false), handCount=2, previousBets=[0], lastSideBets={})
Debug: (DefaultBlackjackStateMachine) SM init block finally
Passed testNewGameRemembersHandCount()
Started testSelectHandCountPersistsInCurrentState()
Verbose: (DefaultBlackjackStateMachine) SM reduce: NewGame(initialBalance=1000, rules=GameRules(dealerHitsSoft17=true, allowDoubleAfterSplit=true, allowSurrender=false, blackjackPayout=THREE_TO_TWO, deckCount=6, splitOnValueOnly=false, deterministicReshuffle=false), handCount=1, previousBets=[0], lastSideBets={})
Verbose: (DefaultBlackjackStateMachine) SM action loop finished: NewGame(initialBalance=1000, rules=GameRules(dealerHitsSoft17=true, allowDoubleAfterSplit=true, allowSurrender=false, blackjackPayout=THREE_TO_TWO, deckCount=6, splitOnValueOnly=false, deterministicReshuffle=false), handCount=1, previousBets=[0], lastSideBets={})
Verbose: (DefaultBlackjackStateMachine) SM reduce: SelectHandCount(count=2)
Verbose: (DefaultBlackjackStateMachine) SM action loop finished: SelectHandCount(count=2)
Debug: (DefaultBlackjackStateMachine) SM init block finally
Passed testSelectHandCountPersistsInCurrentState()
Started testNewGameCorrectlyInitializesCurrentBets()
Verbose: (DefaultBlackjackStateMachine) SM reduce: NewGame(initialBalance=1000, rules=GameRules(dealerHitsSoft17=true, allowDoubleAfterSplit=true, allowSurrender=false, blackjackPayout=THREE_TO_TWO, deckCount=6, splitOnValueOnly=false, deterministicReshuffle=false), handCount=3, previousBets=[100], lastSideBets={})
Verbose: (DefaultBlackjackStateMachine) SM action loop finished: NewGame(initialBalance=1000, rules=GameRules(dealerHitsSoft17=true, allowDoubleAfterSplit=true, allowSurrender=false, blackjackPayout=THREE_TO_TWO, deckCount=6, splitOnValueOnly=false, deterministicReshuffle=false), handCount=3, previousBets=[100], lastSideBets={})
Debug: (DefaultBlackjackStateMachine) SM init block finally
Passed testNewGameCorrectlyInitializesCurrentBets()
Completed HandCountPersistenceTest
Started BlackjackStateMachineShutdownTest
Started shutdownCausesEffectsFlowToComplete()
Debug: (DefaultBlackjackStateMachine) SM init block finally
Passed shutdownCausesEffectsFlowToComplete()
Started dispatchAfterShutdown_isSilentlyIgnored()
Debug: (DefaultBlackjackStateMachine) SM init block finally
Warn: (DefaultBlackjackStateMachine) Ignored action Deal: State machine is shut down.
Passed dispatchAfterShutdown_isSilentlyIgnored()
Completed BlackjackStateMachineShutdownTest
Started GameFlowMiddlewareTest
Started dealerTurn_emitsCriticalDrawEffect()
Passed dealerTurn_emitsCriticalDrawEffect()
Started dealerTurn_loopUntilStanding()
Passed dealerTurn_loopUntilStanding()
Started dealSequence_multiHand()
Passed dealSequence_multiHand()
Started reshuffle_whenDeckIsEmpty()
Passed nearMiss_setsHandIndexThenClearsAfterLifetime()
Started chipLoss_addsToListThenRemovesAfterLifetime()
Passed reshuffle_whenDeckIsEmpty()
Started dealSequence_interleavedCards()
Passed dealSequence_interleavedCards()
Completed GameFlowMiddlewareTest
Started RuleVariationsTest
Started testSurrender()
Passed chipLoss_addsToListThenRemovesAfterLifetime()
Started chipEruption_addsToListThenRemovesAfterLifetime()
Verbose: (DefaultBlackjackStateMachine) SM reduce: Surrender
Verbose: (DefaultBlackjackStateMachine) SM action loop finished: Surrender
Verbose: (DefaultBlackjackStateMachine) SM reduce: RevealDealerHole
Verbose: (DefaultBlackjackStateMachine) SM action loop finished: RevealDealerHole
Verbose: (DefaultBlackjackStateMachine) SM reduce: FinalizeGame
Verbose: (DefaultBlackjackStateMachine) SM action loop finished: FinalizeGame
Debug: (DefaultBlackjackStateMachine) SM init block finally
Passed chipEruption_addsToListThenRemovesAfterLifetime()
Completed BlackjackAnimationOrchestratorTest
Passed testSurrender()
Started AudioServiceTest
Started toResourceMapsAllSoundEffectsCorrectly()
Started testBlackjackPayout_sixToFive()
Verbose: (DefaultBlackjackStateMachine) SM reduce: Deal
Verbose: (DefaultBlackjackStateMachine) SM action loop finished: Deal
Verbose: (DefaultBlackjackStateMachine) SM reduce: DealCardToPlayer(seatIndex=0)
Verbose: (DefaultBlackjackStateMachine) SM action loop finished: DealCardToPlayer(seatIndex=0)
Verbose: (DefaultBlackjackStateMachine) SM reduce: DealCardToDealer(faceDown=false)
Verbose: (DefaultBlackjackStateMachine) SM action loop finished: DealCardToDealer(faceDown=false)
Verbose: (DefaultBlackjackStateMachine) SM reduce: DealCardToPlayer(seatIndex=0)
Verbose: (DefaultBlackjackStateMachine) SM action loop finished: DealCardToPlayer(seatIndex=0)
Verbose: (DefaultBlackjackStateMachine) SM reduce: DealCardToDealer(faceDown=true)
Verbose: (DefaultBlackjackStateMachine) SM action loop finished: DealCardToDealer(faceDown=true)
Verbose: (DefaultBlackjackStateMachine) SM reduce: ApplyInitialOutcome
Verbose: (DefaultBlackjackStateMachine) SM action loop finished: ApplyInitialOutcome
Debug: (DefaultBlackjackStateMachine) SM init block finally
Passed testBlackjackPayout_sixToFive()
Started testBlackjackPayout_threeToTwo()
Verbose: (DefaultBlackjackStateMachine) SM reduce: Deal
Verbose: (DefaultBlackjackStateMachine) SM action loop finished: Deal
Verbose: (DefaultBlackjackStateMachine) SM reduce: DealCardToPlayer(seatIndex=0)
Verbose: (DefaultBlackjackStateMachine) SM action loop finished: DealCardToPlayer(seatIndex=0)
Verbose: (DefaultBlackjackStateMachine) SM reduce: DealCardToDealer(faceDown=false)
Verbose: (DefaultBlackjackStateMachine) SM action loop finished: DealCardToDealer(faceDown=false)
Verbose: (DefaultBlackjackStateMachine) SM reduce: DealCardToPlayer(seatIndex=0)
Verbose: (DefaultBlackjackStateMachine) SM action loop finished: DealCardToPlayer(seatIndex=0)
Verbose: (DefaultBlackjackStateMachine) SM reduce: DealCardToDealer(faceDown=true)
Verbose: (DefaultBlackjackStateMachine) SM action loop finished: DealCardToDealer(faceDown=true)
Verbose: (DefaultBlackjackStateMachine) SM reduce: ApplyInitialOutcome
Verbose: (DefaultBlackjackStateMachine) SM action loop finished: ApplyInitialOutcome
Debug: (DefaultBlackjackStateMachine) SM init block finally
Passed testBlackjackPayout_threeToTwo()
Started testDealerHitsSoft17()
Verbose: (DefaultBlackjackStateMachine) SM reduce: Stand
Verbose: (DefaultBlackjackStateMachine) SM action loop finished: Stand
Verbose: (DefaultBlackjackStateMachine) SM reduce: RevealDealerHole
Verbose: (DefaultBlackjackStateMachine) SM action loop finished: RevealDealerHole
Verbose: (DefaultBlackjackStateMachine) SM reduce: DealerDraw
Verbose: (DefaultBlackjackStateMachine) SM action loop finished: DealerDraw
Verbose: (DefaultBlackjackStateMachine) SM reduce: FinalizeGame
Verbose: (DefaultBlackjackStateMachine) SM action loop finished: FinalizeGame
Debug: (DefaultBlackjackStateMachine) SM init block finally
Passed testDealerHitsSoft17()
Started testDealerStandsOnSoft17()
Verbose: (DefaultBlackjackStateMachine) SM reduce: Stand
Verbose: (DefaultBlackjackStateMachine) SM action loop finished: Stand
Verbose: (DefaultBlackjackStateMachine) SM reduce: RevealDealerHole
Verbose: (DefaultBlackjackStateMachine) SM action loop finished: RevealDealerHole
Verbose: (DefaultBlackjackStateMachine) SM reduce: FinalizeGame
Verbose: (DefaultBlackjackStateMachine) SM action loop finished: FinalizeGame
Debug: (DefaultBlackjackStateMachine) SM init block finally
Passed testDealerStandsOnSoft17()
Started surrender_emitsChipLossForHalfBet()
Verbose: (DefaultBlackjackStateMachine) SM reduce: Surrender
Verbose: (DefaultBlackjackStateMachine) SM action loop finished: Surrender
Verbose: (DefaultBlackjackStateMachine) SM reduce: RevealDealerHole
Verbose: (DefaultBlackjackStateMachine) SM action loop finished: RevealDealerHole
Verbose: (DefaultBlackjackStateMachine) SM reduce: FinalizeGame
Verbose: (DefaultBlackjackStateMachine) SM action loop finished: FinalizeGame
Passed toResourceMapsAllSoundEffectsCorrectly()
Completed AudioServiceTest
Debug: (DefaultBlackjackStateMachine) SM init block finally
Passed surrender_emitsChipLossForHalfBet()
Completed RuleVariationsTest
Started DealerEffectsFlowTest
Started dealerCriticalDrawNotEmittedForSoftHand()
Verbose: (DefaultBlackjackStateMachine) SM reduce: Stand
Verbose: (DefaultBlackjackStateMachine) SM action loop finished: Stand
Verbose: (DefaultBlackjackStateMachine) SM reduce: RevealDealerHole
Verbose: (DefaultBlackjackStateMachine) SM action loop finished: RevealDealerHole
Verbose: (DefaultBlackjackStateMachine) SM reduce: DealerDraw
Verbose: (DefaultBlackjackStateMachine) SM action loop finished: DealerDraw
Verbose: (DefaultBlackjackStateMachine) SM reduce: FinalizeGame
Verbose: (DefaultBlackjackStateMachine) SM action loop finished: FinalizeGame
Debug: (DefaultBlackjackStateMachine) SM init block finally
Passed dealerCriticalDrawNotEmittedForSoftHand()
Started playerWinDoesNotEmitPlayPushSound()
Verbose: (DefaultBlackjackStateMachine) SM reduce: Stand
Verbose: (DefaultBlackjackStateMachine) SM action loop finished: Stand
Verbose: (DefaultBlackjackStateMachine) SM reduce: RevealDealerHole
Verbose: (DefaultBlackjackStateMachine) SM action loop finished: RevealDealerHole
Verbose: (DefaultBlackjackStateMachine) SM reduce: FinalizeGame
Verbose: (DefaultBlackjackStateMachine) SM action loop finished: FinalizeGame
Debug: (DefaultBlackjackStateMachine) SM init block finally
Passed playerWinDoesNotEmitPlayPushSound()
Started dealerCriticalDrawEmittedAtBoundaryHardSixteen()
Verbose: (DefaultBlackjackStateMachine) SM reduce: Stand
Verbose: (DefaultBlackjackStateMachine) SM action loop finished: Stand
Verbose: (DefaultBlackjackStateMachine) SM reduce: RevealDealerHole
Verbose: (DefaultBlackjackStateMachine) SM action loop finished: RevealDealerHole
Verbose: (DefaultBlackjackStateMachine) SM reduce: DealerDraw
Verbose: (DefaultBlackjackStateMachine) SM action loop finished: DealerDraw
Verbose: (DefaultBlackjackStateMachine) SM reduce: FinalizeGame
Verbose: (DefaultBlackjackStateMachine) SM action loop finished: FinalizeGame
Debug: (DefaultBlackjackStateMachine) SM init block finally
Passed dealerCriticalDrawEmittedAtBoundaryHardSixteen()
Started dealerCriticalDrawNotEmittedWhenDealerStandsAtSeventeen()
Verbose: (DefaultBlackjackStateMachine) SM reduce: Stand
Verbose: (DefaultBlackjackStateMachine) SM action loop finished: Stand
Verbose: (DefaultBlackjackStateMachine) SM reduce: RevealDealerHole
Verbose: (DefaultBlackjackStateMachine) SM action loop finished: RevealDealerHole
Verbose: (DefaultBlackjackStateMachine) SM reduce: FinalizeGame
Verbose: (DefaultBlackjackStateMachine) SM action loop finished: FinalizeGame
Debug: (DefaultBlackjackStateMachine) SM init block finally
Passed dealerCriticalDrawNotEmittedWhenDealerStandsAtSeventeen()
Started pushEmitsPlayPushSound()

Test run finished after 298 ms
[         7 containers found      ]
[         0 containers skipped    ]
[         7 containers started    ]
[         0 containers aborted    ]
[         7 containers successful ]
[         0 containers failed     ]
[        20 tests found           ]
[         0 tests skipped         ]
[        20 tests started         ]
[         0 tests aborted         ]
[        20 tests successful      ]
[         0 tests failed          ]

Verbose: (DefaultBlackjackStateMachine) SM reduce: Stand
Verbose: (DefaultBlackjackStateMachine) SM action loop finished: Stand
Verbose: (DefaultBlackjackStateMachine) SM reduce: RevealDealerHole
Verbose: (DefaultBlackjackStateMachine) SM action loop finished: RevealDealerHole
Verbose: (DefaultBlackjackStateMachine) SM reduce: FinalizeGame
Verbose: (DefaultBlackjackStateMachine) SM action loop finished: FinalizeGame
Debug: (DefaultBlackjackStateMachine) SM init block finally
Passed pushEmitsPlayPushSound()
Started dealerWinDoesNotEmitPlayPushSound()
Verbose: (DefaultBlackjackStateMachine) SM reduce: Stand
Verbose: (DefaultBlackjackStateMachine) SM action loop finished: Stand
Verbose: (DefaultBlackjackStateMachine) SM reduce: RevealDealerHole
Verbose: (DefaultBlackjackStateMachine) SM action loop finished: RevealDealerHole
Verbose: (DefaultBlackjackStateMachine) SM reduce: FinalizeGame
Verbose: (DefaultBlackjackStateMachine) SM action loop finished: FinalizeGame
Debug: (DefaultBlackjackStateMachine) SM init block finally
Passed dealerWinDoesNotEmitPlayPushSound()
Started dealerCriticalDrawEmittedOnHardStiffHand()
Verbose: (DefaultBlackjackStateMachine) SM reduce: Stand
Verbose: (DefaultBlackjackStateMachine) SM action loop finished: Stand
Verbose: (DefaultBlackjackStateMachine) SM reduce: RevealDealerHole
Verbose: (DefaultBlackjackStateMachine) SM action loop finished: RevealDealerHole
Verbose: (DefaultBlackjackStateMachine) SM reduce: DealerDraw
Verbose: (DefaultBlackjackStateMachine) SM action loop finished: DealerDraw
Verbose: (DefaultBlackjackStateMachine) SM reduce: FinalizeGame
Verbose: (DefaultBlackjackStateMachine) SM action loop finished: FinalizeGame
Debug: (DefaultBlackjackStateMachine) SM init block finally
Passed dealerCriticalDrawEmittedOnHardStiffHand()
Completed DealerEffectsFlowTest
Started DoubleDownTest
Started doubleDown_invalid_if_insufficient_balance()
Verbose: (DefaultBlackjackStateMachine) SM reduce: DoubleDown
Verbose: (DefaultBlackjackStateMachine) SM action loop finished: DoubleDown
Debug: (DefaultBlackjackStateMachine) SM init block finally
Passed doubleDown_invalid_if_insufficient_balance()
Started doubleAfterSplit_disallowed()
Passed doubleAfterSplit_disallowed()
Started doubleDown_doublesbet_and_deals_one_card()
Verbose: (DefaultBlackjackStateMachine) SM reduce: DoubleDown
Verbose: (DefaultBlackjackStateMachine) SM action loop finished: DoubleDown
Verbose: (DefaultBlackjackStateMachine) SM reduce: RevealDealerHole
Verbose: (DefaultBlackjackStateMachine) SM action loop finished: RevealDealerHole
Verbose: (DefaultBlackjackStateMachine) SM reduce: FinalizeGame
Verbose: (DefaultBlackjackStateMachine) SM action loop finished: FinalizeGame
Debug: (DefaultBlackjackStateMachine) SM init block finally
Passed doubleDown_doublesbet_and_deals_one_card()
Started doubleDown_invalid_in_wrong_status()
Verbose: (DefaultBlackjackStateMachine) SM reduce: DoubleDown
Verbose: (DefaultBlackjackStateMachine) SM action loop finished: DoubleDown
Debug: (DefaultBlackjackStateMachine) SM init block finally
Passed doubleDown_invalid_in_wrong_status()
Started doubleDown_transitions_to_DEALER_WON()
Verbose: (DefaultBlackjackStateMachine) SM reduce: DoubleDown
Verbose: (DefaultBlackjackStateMachine) SM action loop finished: DoubleDown
Verbose: (DefaultBlackjackStateMachine) SM reduce: RevealDealerHole
Verbose: (DefaultBlackjackStateMachine) SM action loop finished: RevealDealerHole
Verbose: (DefaultBlackjackStateMachine) SM reduce: FinalizeGame
Verbose: (DefaultBlackjackStateMachine) SM action loop finished: FinalizeGame
Debug: (DefaultBlackjackStateMachine) SM init block finally
Passed doubleDown_transitions_to_DEALER_WON()
Started canDoubleDown_true_when_two_cards_and_sufficient_balance_and_not_split()
Passed canDoubleDown_true_when_two_cards_and_sufficient_balance_and_not_split()
Started canDoubleDown_false_when_insufficient_balance()
Passed canDoubleDown_false_when_insufficient_balance()
Started doubleAfterSplit_respectsRules()
Passed doubleAfterSplit_respectsRules()
Started doubleDown_updatesActiveBetOnly()
Verbose: (DefaultBlackjackStateMachine) SM reduce: DoubleDown
Verbose: (DefaultBlackjackStateMachine) SM action loop finished: DoubleDown
Debug: (DefaultBlackjackStateMachine) SM init block finally
Passed doubleDown_updatesActiveBetOnly()
Started doubleDown_invalid_after_hit()
Verbose: (DefaultBlackjackStateMachine) SM reduce: DoubleDown
Verbose: (DefaultBlackjackStateMachine) SM action loop finished: DoubleDown
Debug: (DefaultBlackjackStateMachine) SM init block finally
Passed doubleDown_invalid_after_hit()
Started doubleDown_allowedOnNonFirstHandInMultiHandGame()
Passed doubleDown_allowedOnNonFirstHandInMultiHandGame()
Started canDoubleDown_false_when_more_than_two_cards()
Passed canDoubleDown_false_when_more_than_two_cards()
Started canDoubleDown_false_when_less_than_two_cards()
Passed canDoubleDown_false_when_less_than_two_cards()
Started doubleAfterSplit_allowed()
Passed doubleAfterSplit_allowed()
Started doubleDown_bust_is_DEALER_WON()
Verbose: (DefaultBlackjackStateMachine) SM reduce: DoubleDown
Verbose: (DefaultBlackjackStateMachine) SM action loop finished: DoubleDown
Verbose: (DefaultBlackjackStateMachine) SM reduce: RevealDealerHole
Verbose: (DefaultBlackjackStateMachine) SM action loop finished: RevealDealerHole
Verbose: (DefaultBlackjackStateMachine) SM reduce: FinalizeGame
Verbose: (DefaultBlackjackStateMachine) SM action loop finished: FinalizeGame
Debug: (DefaultBlackjackStateMachine) SM init block finally
Passed doubleDown_bust_is_DEALER_WON()
Started canDoubleDown_uses_active_hand_and_bet()
Passed canDoubleDown_uses_active_hand_and_bet()
Completed DoubleDownTest
Started SurrenderTest
Started surrender_advancesToNextHand_inMultiHand()
Verbose: (DefaultBlackjackStateMachine) SM reduce: Surrender
Verbose: (DefaultBlackjackStateMachine) SM action loop finished: Surrender
Debug: (DefaultBlackjackStateMachine) SM init block finally
Passed surrender_advancesToNextHand_inMultiHand()
Started surrender_refundsHalfBet_and_endsTurn()
Verbose: (DefaultBlackjackStateMachine) SM reduce: Surrender
Verbose: (DefaultBlackjackStateMachine) SM action loop finished: Surrender
Verbose: (DefaultBlackjackStateMachine) SM reduce: RevealDealerHole
Verbose: (DefaultBlackjackStateMachine) SM action loop finished: RevealDealerHole
Verbose: (DefaultBlackjackStateMachine) SM reduce: FinalizeGame
Verbose: (DefaultBlackjackStateMachine) SM action loop finished: FinalizeGame
Debug: (DefaultBlackjackStateMachine) SM init block finally
Passed surrender_refundsHalfBet_and_endsTurn()
Started surrender_emitsExpectedEffects()
Verbose: (DefaultBlackjackStateMachine) SM reduce: Surrender
Verbose: (DefaultBlackjackStateMachine) SM action loop finished: Surrender
Verbose: (DefaultBlackjackStateMachine) SM reduce: RevealDealerHole
Verbose: (DefaultBlackjackStateMachine) SM action loop finished: RevealDealerHole
Verbose: (DefaultBlackjackStateMachine) SM reduce: FinalizeGame
Verbose: (DefaultBlackjackStateMachine) SM action loop finished: FinalizeGame
Debug: (DefaultBlackjackStateMachine) SM init block finally
Passed surrender_emitsExpectedEffects()
Started surrender_rejected_ifRuleDisabled()
Verbose: (DefaultBlackjackStateMachine) SM reduce: Surrender
Verbose: (DefaultBlackjackStateMachine) SM action loop finished: Surrender
Debug: (DefaultBlackjackStateMachine) SM init block finally
Passed surrender_rejected_ifRuleDisabled()
Started surrender_rejected_ifMoreThanTwoCards()
Verbose: (DefaultBlackjackStateMachine) SM reduce: Surrender
Verbose: (DefaultBlackjackStateMachine) SM action loop finished: Surrender
Debug: (DefaultBlackjackStateMachine) SM init block finally
Passed surrender_rejected_ifMoreThanTwoCards()
Started surrender_rejected_inWrongStatus()
Verbose: (DefaultBlackjackStateMachine) SM reduce: Surrender
Verbose: (DefaultBlackjackStateMachine) SM action loop finished: Surrender
Debug: (DefaultBlackjackStateMachine) SM init block finally
Passed surrender_rejected_inWrongStatus()
Completed SurrenderTest
Started BettingPredicatesTest
Started canResetBet_returnsTrue_whenAtLeastOneHandHasBet()
Passed canResetBet_returnsTrue_whenAtLeastOneHandHasBet()
Started canDeal_returnsFalse_whenSomeHandsHaveNoBet()
Passed canDeal_returnsFalse_whenSomeHandsHaveNoBet()
Started canResetBet_returnsFalse_whenNoHands()
Passed canResetBet_returnsFalse_whenNoHands()
Started canDeal_returnsFalse_whenNoHands()
Passed canDeal_returnsFalse_whenNoHands()
Started canResetBet_returnsFalse_whenAllHandsHaveNoBet()
Passed canResetBet_returnsFalse_whenAllHandsHaveNoBet()
Started canDeal_returnsTrue_singleHandWithBet()
Passed canDeal_returnsTrue_singleHandWithBet()
Started canDeal_returnsTrue_whenAllHandsHaveBets()
Passed canDeal_returnsTrue_whenAllHandsHaveBets()
Started canDeal_returnsFalse_whenAllHandsHaveNoBet()
Passed canDeal_returnsFalse_whenAllHandsHaveNoBet()
Started canResetBet_returnsTrue_whenAllHandsHaveBets()
Passed canResetBet_returnsTrue_whenAllHandsHaveBets()
Completed BettingPredicatesTest
Started BlackjackRulesTest
Started resolveInitialOutcomeValues_instantPayout_onNaturalBlackjack()
Passed resolveInitialOutcomeValues_instantPayout_onNaturalBlackjack()
Started shouldDealerDraw_under17_alwaysHits()
Passed shouldDealerDraw_under17_alwaysHits()
Started createDeck_validSize()
Passed createDeck_validSize()
Started resolveInitialOutcomeValues_offersInsurance_whenDealerAce()
Passed resolveInitialOutcomeValues_offersInsurance_whenDealerAce()
Started isDealerCriticalDraw_true_whenStiffHardHand()
Passed isDealerCriticalDraw_true_whenStiffHardHand()
Started determineHandOutcome_naturalBJ_pushesDealer21()
Passed determineHandOutcome_naturalBJ_pushesDealer21()
Started determineHandOutcome_naturalBJ_pushesDealerBJ()
Passed determineHandOutcome_naturalBJ_pushesDealerBJ()
Started isDealerCriticalDraw_false_whenSoftHandInRange()
Passed isDealerCriticalDraw_false_whenSoftHandInRange()
Started calculateHandResults_mixedOutcomes_payoutIsAdditive()
Passed calculateHandResults_mixedOutcomes_payoutIsAdditive()
Started resolveHand_3to2_oddBet_truncatesInterior()
Passed resolveHand_3to2_oddBet_truncatesInterior()
Started determineInitialStatus_singleHand_playerBJ_noDealerBJ_isPlayerWon()
Passed determineInitialStatus_singleHand_playerBJ_noDealerBJ_isPlayerWon()
Started determineInitialStatus_singleHand_playerBJ_dealerBJ_isPush()
Passed determineInitialStatus_singleHand_playerBJ_dealerBJ_isPush()
Started isDealerCriticalDraw_false_whenScoreBelowStiffMin()
Passed isDealerCriticalDraw_false_whenScoreBelowStiffMin()
Started determineHandOutcome_bust_isAlwaysLoss()
Passed determineHandOutcome_bust_isAlwaysLoss()
Started determineHandOutcome_naturalBJ_beatsDealer20()
Passed determineHandOutcome_naturalBJ_beatsDealer20()
Started determineHandOutcome_split21_isNotNatural()
Passed determineHandOutcome_split21_isNotNatural()
Started determineInitialStatus_multiHand_allDealerBJ_isDealerWon()
Passed determineInitialStatus_multiHand_allDealerBJ_isDealerWon()
Started shouldDealerDraw_over17_alwaysStands()
Passed shouldDealerDraw_over17_alwaysStands()
Started resolveHand_surrenderedHand_returnsZero()
Passed resolveHand_surrenderedHand_returnsZero()
Started resolveHand_6to5_oddBet_truncatesInterior()
Passed resolveHand_6to5_oddBet_truncatesInterior()
Started shouldDealerDraw_soft17_withH17_hits()
Passed shouldDealerDraw_soft17_withH17_hits()
Started shouldDealerDraw_soft17_withS17_stands()
Passed shouldDealerDraw_soft17_withS17_stands()
Started determineInitialStatus_multiHand_mixedOutcomes_isPlaying()
Passed determineInitialStatus_multiHand_mixedOutcomes_isPlaying()
Completed BlackjackRulesTest
Started PlayerActionLogicTest
Started hit_returnsNoop_whenGameNotPlaying()
Passed hit_returnsNoop_whenGameNotPlaying()
Started hit_addsCardToHand_removesFromDeck()
Passed hit_addsCardToHand_removesFromDeck()
Started stand_returnsNoop_whenGameNotPlaying()
Passed stand_returnsNoop_whenGameNotPlaying()
Started split_returnsNoop_whenGameNotPlaying()
Passed split_returnsNoop_whenGameNotPlaying()
Started hit_addsNearMissHighlightEffect_whenHandScoreIs11()
Passed hit_addsNearMissHighlightEffect_whenHandScoreIs11()
Started hit_doesNotAdvanceTurn_onNonBustingHit()
Passed hit_doesNotAdvanceTurn_onNonBustingHit()
Started split_returnsNoop_whenCannotSplit_dueToDifferentRanks()
Passed split_returnsNoop_whenCannotSplit_dueToDifferentRanks()
Started hit_returnsNoop_whenHandIsSplitAceAndHasTwoCards()
Passed hit_returnsNoop_whenHandIsSplitAceAndHasTwoCards()
Started split_createsCorrectHandStructure_forNonAceSplit()
Passed split_createsCorrectHandStructure_forNonAceSplit()
Started split_returnsNoop_whenDeckHasLessThanTwoCards()
Passed split_returnsNoop_whenDeckHasLessThanTwoCards()
Started split_emitsCardSoundForEachNewCard_forNonAceSplit()
Passed split_emitsCardSoundForEachNewCard_forNonAceSplit()
Started stand_emitsNoEffects()
Passed stand_emitsNoEffects()
Started doubleDown_doublesBalanceAndBet_addsCard()
Passed doubleDown_doublesBalanceAndBet_addsCard()
Started split_emitsCardSoundForEachNewCard_forAceSplit()
Passed split_emitsCardSoundForEachNewCard_forAceSplit()
Started hit_advancesTurn_whenHandBusts()
Passed hit_advancesTurn_whenHandBusts()
Started hit_returnsNoop_whenDeckIsEmpty()
Passed hit_returnsNoop_whenDeckIsEmpty()
Started doubleDown_addsCorrectEffects_whenHandBusts()
Passed doubleDown_addsCorrectEffects_whenHandBusts()
Started split_doesNotAdvanceTurn_forNonAceSplit()
Passed split_doesNotAdvanceTurn_forNonAceSplit()
Started hit_returnsNoop_whenHandScoreIs21()
Passed hit_returnsNoop_whenHandScoreIs21()
Started doubleDown_returnsNoop_whenGameNotPlaying()
Passed doubleDown_returnsNoop_whenGameNotPlaying()
Started doubleDown_returnsNoop_whenCannotDoubleDown_dueToCardCount()
Passed doubleDown_returnsNoop_whenCannotDoubleDown_dueToCardCount()
Started doubleDown_advancesTurn()
Passed doubleDown_advancesTurn()
Started split_advancesTurn_forAceSplit()
Passed split_advancesTurn_forAceSplit()
Started hit_addsPulse21Effect_whenHandScoreIs21()
Passed hit_addsPulse21Effect_whenHandScoreIs21()
Started stand_marksHandAsStanding()
Passed stand_marksHandAsStanding()
Started doubleDown_returnsNoop_whenCannotDoubleDown_dueToBalance()
Passed doubleDown_returnsNoop_whenCannotDoubleDown_dueToBalance()
Started stand_advancesTurn()
Passed stand_advancesTurn()
Started hit_addsHeavyCardThudEffect_whenCardValueIsTenOrMore()
Passed hit_addsHeavyCardThudEffect_whenCardValueIsTenOrMore()
Started doubleDown_returnsNoop_whenDeckIsEmpty()
Passed doubleDown_returnsNoop_whenDeckIsEmpty()
Started split_createsCorrectHandStructure_forAceSplit()
Passed split_createsCorrectHandStructure_forAceSplit()
Started doubleDown_addsCorrectEffects_whenDrawnCardIsTenOrMore()
Passed doubleDown_addsCorrectEffects_whenDrawnCardIsTenOrMore()
Completed PlayerActionLogicTest
Started MultiHandTest
Started testMultiHandPayout_mixedOutcomes()
Verbose: (DefaultBlackjackStateMachine) SM reduce: Stand
Verbose: (DefaultBlackjackStateMachine) SM action loop finished: Stand
Verbose: (DefaultBlackjackStateMachine) SM reduce: RevealDealerHole
Verbose: (DefaultBlackjackStateMachine) SM action loop finished: RevealDealerHole
Verbose: (DefaultBlackjackStateMachine) SM reduce: FinalizeGame
Verbose: (DefaultBlackjackStateMachine) SM action loop finished: FinalizeGame
Debug: (DefaultBlackjackStateMachine) SM init block finally
Passed testMultiHandPayout_mixedOutcomes()
Started testHandSwitching_onStand()
Verbose: (DefaultBlackjackStateMachine) SM reduce: Stand
Verbose: (DefaultBlackjackStateMachine) SM action loop finished: Stand
Debug: (DefaultBlackjackStateMachine) SM init block finally
Passed testHandSwitching_onStand()
Started testInitialDeal_threeHands()
Verbose: (DefaultBlackjackStateMachine) SM reduce: SelectHandCount(count=3)
Verbose: (DefaultBlackjackStateMachine) SM action loop finished: SelectHandCount(count=3)
Verbose: (DefaultBlackjackStateMachine) SM reduce: PlaceBet(amount=100, seatIndex=0)
Verbose: (DefaultBlackjackStateMachine) SM action loop finished: PlaceBet(amount=100, seatIndex=0)
Verbose: (DefaultBlackjackStateMachine) SM reduce: PlaceBet(amount=100, seatIndex=1)
Verbose: (DefaultBlackjackStateMachine) SM action loop finished: PlaceBet(amount=100, seatIndex=1)
Verbose: (DefaultBlackjackStateMachine) SM reduce: PlaceBet(amount=100, seatIndex=2)
Verbose: (DefaultBlackjackStateMachine) SM action loop finished: PlaceBet(amount=100, seatIndex=2)
Verbose: (DefaultBlackjackStateMachine) SM reduce: Deal
Verbose: (DefaultBlackjackStateMachine) SM action loop finished: Deal
Verbose: (DefaultBlackjackStateMachine) SM reduce: DealCardToPlayer(seatIndex=0)
Verbose: (DefaultBlackjackStateMachine) SM action loop finished: DealCardToPlayer(seatIndex=0)
Verbose: (DefaultBlackjackStateMachine) SM reduce: DealCardToPlayer(seatIndex=1)
Verbose: (DefaultBlackjackStateMachine) SM action loop finished: DealCardToPlayer(seatIndex=1)
Verbose: (DefaultBlackjackStateMachine) SM reduce: DealCardToPlayer(seatIndex=2)
Verbose: (DefaultBlackjackStateMachine) SM action loop finished: DealCardToPlayer(seatIndex=2)
Verbose: (DefaultBlackjackStateMachine) SM reduce: DealCardToDealer(faceDown=false)
Verbose: (DefaultBlackjackStateMachine) SM action loop finished: DealCardToDealer(faceDown=false)
Verbose: (DefaultBlackjackStateMachine) SM reduce: DealCardToPlayer(seatIndex=0)
Verbose: (DefaultBlackjackStateMachine) SM action loop finished: DealCardToPlayer(seatIndex=0)
Verbose: (DefaultBlackjackStateMachine) SM reduce: DealCardToPlayer(seatIndex=1)
Verbose: (DefaultBlackjackStateMachine) SM action loop finished: DealCardToPlayer(seatIndex=1)
Verbose: (DefaultBlackjackStateMachine) SM reduce: DealCardToPlayer(seatIndex=2)
Verbose: (DefaultBlackjackStateMachine) SM action loop finished: DealCardToPlayer(seatIndex=2)
Verbose: (DefaultBlackjackStateMachine) SM reduce: DealCardToDealer(faceDown=true)
Verbose: (DefaultBlackjackStateMachine) SM action loop finished: DealCardToDealer(faceDown=true)
Verbose: (DefaultBlackjackStateMachine) SM reduce: ApplyInitialOutcome
Verbose: (DefaultBlackjackStateMachine) SM action loop finished: ApplyInitialOutcome
Debug: (DefaultBlackjackStateMachine) SM init block finally
Passed testInitialDeal_threeHands()
Started testSplitAces_noNaturalBlackjack()
Verbose: (DefaultBlackjackStateMachine) SM reduce: Split
Verbose: (DefaultBlackjackStateMachine) SM action loop finished: Split
Verbose: (DefaultBlackjackStateMachine) SM reduce: RevealDealerHole
Verbose: (DefaultBlackjackStateMachine) SM action loop finished: RevealDealerHole
Verbose: (DefaultBlackjackStateMachine) SM reduce: DealerDraw
Verbose: (DefaultBlackjackStateMachine) SM action loop finished: DealerDraw
Verbose: (DefaultBlackjackStateMachine) SM reduce: FinalizeGame
Verbose: (DefaultBlackjackStateMachine) SM action loop finished: FinalizeGame
Debug: (DefaultBlackjackStateMachine) SM init block finally
Passed testSplitAces_noNaturalBlackjack()
Started testHandSwitching_onBust()
Verbose: (DefaultBlackjackStateMachine) SM reduce: Hit
Verbose: (DefaultBlackjackStateMachine) SM action loop finished: Hit
Debug: (DefaultBlackjackStateMachine) SM init block finally
Passed testHandSwitching_onBust()
Started testSplitAces_oneCardOnly()
Verbose: (DefaultBlackjackStateMachine) SM reduce: Split
Verbose: (DefaultBlackjackStateMachine) SM action loop finished: Split
Verbose: (DefaultBlackjackStateMachine) SM reduce: RevealDealerHole
Verbose: (DefaultBlackjackStateMachine) SM action loop finished: RevealDealerHole
Verbose: (DefaultBlackjackStateMachine) SM reduce: FinalizeGame
Verbose: (DefaultBlackjackStateMachine) SM action loop finished: FinalizeGame
Debug: (DefaultBlackjackStateMachine) SM init block finally
Passed testSplitAces_oneCardOnly()
Completed MultiHandTest
Started DealTest
Started sideBetPayout_perfectPairs_integration()
Verbose: (DefaultBlackjackStateMachine) SM reduce: Deal
Verbose: (DefaultBlackjackStateMachine) SM action loop finished: Deal
Verbose: (DefaultBlackjackStateMachine) SM reduce: DealCardToPlayer(seatIndex=0)
Verbose: (DefaultBlackjackStateMachine) SM action loop finished: DealCardToPlayer(seatIndex=0)
Verbose: (DefaultBlackjackStateMachine) SM reduce: DealCardToDealer(faceDown=false)
Verbose: (DefaultBlackjackStateMachine) SM action loop finished: DealCardToDealer(faceDown=false)
Verbose: (DefaultBlackjackStateMachine) SM reduce: DealCardToPlayer(seatIndex=0)
Verbose: (DefaultBlackjackStateMachine) SM action loop finished: DealCardToPlayer(seatIndex=0)
Verbose: (DefaultBlackjackStateMachine) SM reduce: DealCardToDealer(faceDown=true)
Verbose: (DefaultBlackjackStateMachine) SM action loop finished: DealCardToDealer(faceDown=true)
Verbose: (DefaultBlackjackStateMachine) SM reduce: ApplyInitialOutcome
Verbose: (DefaultBlackjackStateMachine) SM action loop finished: ApplyInitialOutcome
Debug: (DefaultBlackjackStateMachine) SM init block finally
Passed sideBetPayout_perfectPairs_integration()
Started debug_channel_reading()
Verbose: (DefaultBlackjackStateMachine) SM reduce: Deal
Verbose: (DefaultBlackjackStateMachine) SM action loop finished: Deal
Verbose: (DefaultBlackjackStateMachine) SM reduce: SetDeck(deck=[Card(rank=KING, suit=CLUBS, isFaceDown=false), Card(rank=TEN, suit=SPADES, isFaceDown=false), Card(rank=KING, suit=SPADES, isFaceDown=false), Card(rank=KING, suit=HEARTS, isFaceDown=false), Card(rank=QUEEN, suit=CLUBS, isFaceDown=false), Card(rank=NINE, suit=HEARTS, isFaceDown=false), Card(rank=EIGHT, suit=SPADES, isFaceDown=false), Card(rank=ACE, suit=HEARTS, isFaceDown=false), Card(rank=NINE, suit=CLUBS, isFaceDown=false), Card(rank=TWO, suit=SPADES, isFaceDown=false), Card(rank=ACE, suit=SPADES, isFaceDown=false), Card(rank=TEN, suit=DIAMONDS, isFaceDown=false), Card(rank=SEVEN, suit=HEARTS, isFaceDown=false), Card(rank=TEN, suit=CLUBS, isFaceDown=false), Card(rank=FIVE, suit=SPADES, isFaceDown=false), Card(rank=FOUR, suit=SPADES, isFaceDown=false), Card(rank=THREE, suit=SPADES, isFaceDown=false), Card(rank=SIX, suit=DIAMONDS, isFaceDown=false), Card(rank=ACE, suit=CLUBS, isFaceDown=false), Card(rank=TWO, suit=SPADES, isFaceDown=false), Card(rank=KING, suit=SPADES, isFaceDown=false), Card(rank=ACE, suit=HEARTS, isFaceDown=false), Card(rank=NINE, suit=SPADES, isFaceDown=false), Card(rank=FIVE, suit=SPADES, isFaceDown=false), Card(rank=TEN, suit=DIAMONDS, isFaceDown=false), Card(rank=ACE, suit=DIAMONDS, isFaceDown=false), Card(rank=ACE, suit=DIAMONDS, isFaceDown=false), Card(rank=THREE, suit=HEARTS, isFaceDown=false), Card(rank=FOUR, suit=CLUBS, isFaceDown=false), Card(rank=SEVEN, suit=HEARTS, isFaceDown=false), Card(rank=SIX, suit=CLUBS, isFaceDown=false), Card(rank=THREE, suit=HEARTS, isFaceDown=false), Card(rank=NINE, suit=SPADES, isFaceDown=false), Card(rank=TWO, suit=HEARTS, isFaceDown=false), Card(rank=EIGHT, suit=CLUBS, isFaceDown=false), Card(rank=FOUR, suit=CLUBS, isFaceDown=false), Card(rank=THREE, suit=SPADES, isFaceDown=false), Card(rank=JACK, suit=SPADES, isFaceDown=false), Card(rank=TWO, suit=SPADES, isFaceDown=false), Card(rank=TWO, suit=DIAMONDS, isFaceDown=false), Card(rank=KING, suit=HEARTS, isFaceDown=false), Card(rank=TWO, suit=CLUBS, isFaceDown=false), Card(rank=TWO, suit=DIAMONDS, isFaceDown=false), Card(rank=FIVE, suit=SPADES, isFaceDown=false), Card(rank=FOUR, suit=CLUBS, isFaceDown=false), Card(rank=KING, suit=HEARTS, isFaceDown=false), Card(rank=NINE, suit=SPADES, isFaceDown=false), Card(rank=ACE, suit=CLUBS, isFaceDown=false), Card(rank=EIGHT, suit=SPADES, isFaceDown=false), Card(rank=THREE, suit=CLUBS, isFaceDown=false), Card(rank=TEN, suit=CLUBS, isFaceDown=false), Card(rank=ACE, suit=DIAMONDS, isFaceDown=false), Card(rank=TWO, suit=DIAMONDS, isFaceDown=false), Card(rank=FOUR, suit=SPADES, isFaceDown=false), Card(rank=THREE, suit=CLUBS, isFaceDown=false), Card(rank=NINE, suit=CLUBS, isFaceDown=false), Card(rank=FOUR, suit=HEARTS, isFaceDown=false), Card(rank=SEVEN, suit=DIAMONDS, isFaceDown=false), Card(rank=TEN, suit=HEARTS, isFaceDown=false), Card(rank=EIGHT, suit=SPADES, isFaceDown=false), Card(rank=SEVEN, suit=HEARTS, isFaceDown=false), Card(rank=EIGHT, suit=DIAMONDS, isFaceDown=false), Card(rank=SIX, suit=CLUBS, isFaceDown=false), Card(rank=JACK, suit=HEARTS, isFaceDown=false), Card(rank=KING, suit=SPADES, isFaceDown=false), Card(rank=KING, suit=DIAMONDS, isFaceDown=false), Card(rank=TWO, suit=CLUBS, isFaceDown=false), Card(rank=TWO, suit=CLUBS, isFaceDown=false), Card(rank=ACE, suit=CLUBS, isFaceDown=false), Card(rank=TEN, suit=CLUBS, isFaceDown=false), Card(rank=JACK, suit=DIAMONDS, isFaceDown=false), Card(rank=ACE, suit=CLUBS, isFaceDown=false), Card(rank=EIGHT, suit=DIAMONDS, isFaceDown=false), Card(rank=SEVEN, suit=DIAMONDS, isFaceDown=false), Card(rank=QUEEN, suit=DIAMONDS, isFaceDown=false), Card(rank=ACE, suit=CLUBS, isFaceDown=false), Card(rank=QUEEN, suit=SPADES, isFaceDown=false), Card(rank=KING, suit=CLUBS, isFaceDown=false), Card(rank=JACK, suit=CLUBS, isFaceDown=false), Card(rank=JACK, suit=CLUBS, isFaceDown=false), Card(rank=NINE, suit=SPADES, isFaceDown=false), Card(rank=JACK, suit=SPADES, isFaceDown=false), Card(rank=FIVE, suit=CLUBS, isFaceDown=false), Card(rank=SEVEN, suit=CLUBS, isFaceDown=false), Card(rank=TEN, suit=CLUBS, isFaceDown=false), Card(rank=QUEEN, suit=HEARTS, isFaceDown=false), Card(rank=KING, suit=DIAMONDS, isFaceDown=false), Card(rank=NINE, suit=DIAMONDS, isFaceDown=false), Card(rank=JACK, suit=SPADES, isFaceDown=false), Card(rank=FOUR, suit=CLUBS, isFaceDown=false), Card(rank=KING, suit=CLUBS, isFaceDown=false), Card(rank=TEN, suit=HEARTS, isFaceDown=false), Card(rank=ACE, suit=HEARTS, isFaceDown=false), Card(rank=JACK, suit=HEARTS, isFaceDown=false), Card(rank=NINE, suit=SPADES, isFaceDown=false), Card(rank=FIVE, suit=SPADES, isFaceDown=false), Card(rank=SEVEN, suit=CLUBS, isFaceDown=false), Card(rank=SIX, suit=DIAMONDS, isFaceDown=false), Card(rank=ACE, suit=SPADES, isFaceDown=false), Card(rank=KING, suit=HEARTS, isFaceDown=false), Card(rank=TEN, suit=HEARTS, isFaceDown=false), Card(rank=KING, suit=HEARTS, isFaceDown=false), Card(rank=SIX, suit=CLUBS, isFaceDown=false), Card(rank=TWO, suit=SPADES, isFaceDown=false), Card(rank=TWO, suit=DIAMONDS, isFaceDown=false), Card(rank=TWO, suit=HEARTS, isFaceDown=false), Card(rank=SEVEN, suit=SPADES, isFaceDown=false), Card(rank=ACE, suit=HEARTS, isFaceDown=false), Card(rank=EIGHT, suit=SPADES, isFaceDown=false), Card(rank=SEVEN, suit=DIAMONDS, isFaceDown=false), Card(rank=JACK, suit=DIAMONDS, isFaceDown=false), Card(rank=TWO, suit=SPADES, isFaceDown=false), Card(rank=SIX, suit=CLUBS, isFaceDown=false), Card(rank=SIX, suit=DIAMONDS, isFaceDown=false), Card(rank=THREE, suit=HEARTS, isFaceDown=false), Card(rank=KING, suit=DIAMONDS, isFaceDown=false), Card(rank=JACK, suit=DIAMONDS, isFaceDown=false), Card(rank=THREE, suit=CLUBS, isFaceDown=false), Card(rank=ACE, suit=CLUBS, isFaceDown=false), Card(rank=THREE, suit=CLUBS, isFaceDown=false), Card(rank=SEVEN, suit=SPADES, isFaceDown=false), Card(rank=NINE, suit=DIAMONDS, isFaceDown=false), Card(rank=JACK, suit=HEARTS, isFaceDown=false), Card(rank=SEVEN, suit=SPADES, isFaceDown=false), Card(rank=EIGHT, suit=HEARTS, isFaceDown=false), Card(rank=QUEEN, suit=SPADES, isFaceDown=false), Card(rank=SEVEN, suit=HEARTS, isFaceDown=false), Card(rank=QUEEN, suit=DIAMONDS, isFaceDown=false), Card(rank=FIVE, suit=CLUBS, isFaceDown=false), Card(rank=TEN, suit=SPADES, isFaceDown=false), Card(rank=QUEEN, suit=HEARTS, isFaceDown=false), Card(rank=JACK, suit=HEARTS, isFaceDown=false), Card(rank=TEN, suit=SPADES, isFaceDown=false), Card(rank=TEN, suit=HEARTS, isFaceDown=false), Card(rank=SIX, suit=HEARTS, isFaceDown=false), Card(rank=FIVE, suit=DIAMONDS, isFaceDown=false), Card(rank=SEVEN, suit=SPADES, isFaceDown=false), Card(rank=SEVEN, suit=SPADES, isFaceDown=false), Card(rank=JACK, suit=HEARTS, isFaceDown=false), Card(rank=JACK, suit=DIAMONDS, isFaceDown=false), Card(rank=SIX, suit=HEARTS, isFaceDown=false), Card(rank=KING, suit=CLUBS, isFaceDown=false), Card(rank=KING, suit=DIAMONDS, isFaceDown=false), Card(rank=FOUR, suit=SPADES, isFaceDown=false), Card(rank=TWO, suit=HEARTS, isFaceDown=false), Card(rank=EIGHT, suit=CLUBS, isFaceDown=false), Card(rank=FIVE, suit=DIAMONDS, isFaceDown=false), Card(rank=QUEEN, suit=CLUBS, isFaceDown=false), Card(rank=EIGHT, suit=DIAMONDS, isFaceDown=false), Card(rank=FIVE, suit=HEARTS, isFaceDown=false), Card(rank=THREE, suit=DIAMONDS, isFaceDown=false), Card(rank=TWO, suit=DIAMONDS, isFaceDown=false), Card(rank=FIVE, suit=SPADES, isFaceDown=false), Card(rank=TEN, suit=DIAMONDS, isFaceDown=false), Card(rank=THREE, suit=DIAMONDS, isFaceDown=false), Card(rank=EIGHT, suit=DIAMONDS, isFaceDown=false), Card(rank=NINE, suit=CLUBS, isFaceDown=false), Card(rank=JACK, suit=SPADES, isFaceDown=false), Card(rank=ACE, suit=SPADES, isFaceDown=false), Card(rank=FOUR, suit=CLUBS, isFaceDown=false), Card(rank=SEVEN, suit=SPADES, isFaceDown=false), Card(rank=TEN, suit=DIAMONDS, isFaceDown=false), Card(rank=SIX, suit=DIAMONDS, isFaceDown=false), Card(rank=FOUR, suit=DIAMONDS, isFaceDown=false), Card(rank=ACE, suit=HEARTS, isFaceDown=false), Card(rank=QUEEN, suit=SPADES, isFaceDown=false), Card(rank=TWO, suit=HEARTS, isFaceDown=false), Card(rank=SEVEN, suit=DIAMONDS, isFaceDown=false), Card(rank=FIVE, suit=HEARTS, isFaceDown=false), Card(rank=TEN, suit=CLUBS, isFaceDown=false), Card(rank=QUEEN, suit=CLUBS, isFaceDown=false), Card(rank=EIGHT, suit=HEARTS, isFaceDown=false), Card(rank=QUEEN, suit=HEARTS, isFaceDown=false), Card(rank=KING, suit=CLUBS, isFaceDown=false), Card(rank=FOUR, suit=DIAMONDS, isFaceDown=false), Card(rank=FOUR, suit=CLUBS, isFaceDown=false), Card(rank=FIVE, suit=HEARTS, isFaceDown=false), Card(rank=SIX, suit=SPADES, isFaceDown=false), Card(rank=FOUR, suit=DIAMONDS, isFaceDown=false), Card(rank=THREE, suit=CLUBS, isFaceDown=false), Card(rank=QUEEN, suit=DIAMONDS, isFaceDown=false), Card(rank=THREE, suit=DIAMONDS, isFaceDown=false), Card(rank=NINE, suit=CLUBS, isFaceDown=false), Card(rank=FIVE, suit=HEARTS, isFaceDown=false), Card(rank=TEN, suit=SPADES, isFaceDown=false), Card(rank=EIGHT, suit=DIAMONDS, isFaceDown=false), Card(rank=TEN, suit=SPADES, isFaceDown=false), Card(rank=FIVE, suit=HEARTS, isFaceDown=false), Card(rank=JACK, suit=DIAMONDS, isFaceDown=false), Card(rank=EIGHT, suit=CLUBS, isFaceDown=false), Card(rank=ACE, suit=HEARTS, isFaceDown=false), Card(rank=EIGHT, suit=HEARTS, isFaceDown=false), Card(rank=SEVEN, suit=HEARTS, isFaceDown=false), Card(rank=FOUR, suit=HEARTS, isFaceDown=false), Card(rank=THREE, suit=SPADES, isFaceDown=false), Card(rank=JACK, suit=SPADES, isFaceDown=false), Card(rank=EIGHT, suit=SPADES, isFaceDown=false), Card(rank=JACK, suit=CLUBS, isFaceDown=false), Card(rank=THREE, suit=SPADES, isFaceDown=false), Card(rank=KING, suit=SPADES, isFaceDown=false), Card(rank=SIX, suit=HEARTS, isFaceDown=false), Card(rank=THREE, suit=HEARTS, isFaceDown=false), Card(rank=TEN, suit=SPADES, isFaceDown=false), Card(rank=THREE, suit=DIAMONDS, isFaceDown=false), Card(rank=FOUR, suit=DIAMONDS, isFaceDown=false), Card(rank=SIX, suit=HEARTS, isFaceDown=false), Card(rank=JACK, suit=HEARTS, isFaceDown=false), Card(rank=SIX, suit=DIAMONDS, isFaceDown=false), Card(rank=SIX, suit=HEARTS, isFaceDown=false), Card(rank=EIGHT, suit=DIAMONDS, isFaceDown=false), Card(rank=FOUR, suit=SPADES, isFaceDown=false), Card(rank=JACK, suit=CLUBS, isFaceDown=false), Card(rank=ACE, suit=SPADES, isFaceDown=false), Card(rank=THREE, suit=SPADES, isFaceDown=false), Card(rank=JACK, suit=CLUBS, isFaceDown=false), Card(rank=TEN, suit=CLUBS, isFaceDown=false), Card(rank=FOUR, suit=SPADES, isFaceDown=false), Card(rank=KING, suit=HEARTS, isFaceDown=false), Card(rank=NINE, suit=CLUBS, isFaceDown=false), Card(rank=TWO, suit=CLUBS, isFaceDown=false), Card(rank=QUEEN, suit=HEARTS, isFaceDown=false), Card(rank=FIVE, suit=CLUBS, isFaceDown=false), Card(rank=TEN, suit=DIAMONDS, isFaceDown=false), Card(rank=SEVEN, suit=DIAMONDS, isFaceDown=false), Card(rank=TWO, suit=CLUBS, isFaceDown=false), Card(rank=EIGHT, suit=SPADES, isFaceDown=false), Card(rank=QUEEN, suit=DIAMONDS, isFaceDown=false), Card(rank=TWO, suit=HEARTS, isFaceDown=false), Card(rank=QUEEN, suit=SPADES, isFaceDown=false), Card(rank=NINE, suit=DIAMONDS, isFaceDown=false), Card(rank=TWO, suit=HEARTS, isFaceDown=false), Card(rank=QUEEN, suit=SPADES, isFaceDown=false), Card(rank=NINE, suit=DIAMONDS, isFaceDown=false), Card(rank=QUEEN, suit=DIAMONDS, isFaceDown=false), Card(rank=NINE, suit=DIAMONDS, isFaceDown=false), Card(rank=FOUR, suit=DIAMONDS, isFaceDown=false), Card(rank=TWO, suit=DIAMONDS, isFaceDown=false), Card(rank=FOUR, suit=HEARTS, isFaceDown=false), Card(rank=QUEEN, suit=HEARTS, isFaceDown=false), Card(rank=TWO, suit=SPADES, isFaceDown=false), Card(rank=JACK, suit=DIAMONDS, isFaceDown=false), Card(rank=EIGHT, suit=HEARTS, isFaceDown=false), Card(rank=QUEEN, suit=CLUBS, isFaceDown=false), Card(rank=SEVEN, suit=CLUBS, isFaceDown=false), Card(rank=SIX, suit=SPADES, isFaceDown=false), Card(rank=EIGHT, suit=CLUBS, isFaceDown=false), Card(rank=ACE, suit=DIAMONDS, isFaceDown=false), Card(rank=SEVEN, suit=CLUBS, isFaceDown=false), Card(rank=FOUR, suit=SPADES, isFaceDown=false), Card(rank=NINE, suit=SPADES, isFaceDown=false), Card(rank=TEN, suit=HEARTS, isFaceDown=false), Card(rank=NINE, suit=HEARTS, isFaceDown=false), Card(rank=FIVE, suit=DIAMONDS, isFaceDown=false), Card(rank=NINE, suit=HEARTS, isFaceDown=false), Card(rank=NINE, suit=CLUBS, isFaceDown=false), Card(rank=THREE, suit=SPADES, isFaceDown=false), Card(rank=QUEEN, suit=DIAMONDS, isFaceDown=false), Card(rank=SIX, suit=SPADES, isFaceDown=false), Card(rank=FOUR, suit=HEARTS, isFaceDown=false), Card(rank=SIX, suit=CLUBS, isFaceDown=false), Card(rank=FIVE, suit=SPADES, isFaceDown=false), Card(rank=FIVE, suit=CLUBS, isFaceDown=false), Card(rank=FIVE, suit=DIAMONDS, isFaceDown=false), Card(rank=NINE, suit=HEARTS, isFaceDown=false), Card(rank=EIGHT, suit=CLUBS, isFaceDown=false), Card(rank=THREE, suit=DIAMONDS, isFaceDown=false), Card(rank=THREE, suit=HEARTS, isFaceDown=false), Card(rank=QUEEN, suit=CLUBS, isFaceDown=false), Card(rank=SEVEN, suit=CLUBS, isFaceDown=false), Card(rank=TEN, suit=DIAMONDS, isFaceDown=false), Card(rank=SIX, suit=HEARTS, isFaceDown=false), Card(rank=JACK, suit=CLUBS, isFaceDown=false), Card(rank=FIVE, suit=HEARTS, isFaceDown=false), Card(rank=ACE, suit=DIAMONDS, isFaceDown=false), Card(rank=FIVE, suit=DIAMONDS, isFaceDown=false), Card(rank=SEVEN, suit=DIAMONDS, isFaceDown=false), Card(rank=FOUR, suit=HEARTS, isFaceDown=false), Card(rank=EIGHT, suit=HEARTS, isFaceDown=false), Card(rank=SEVEN, suit=HEARTS, isFaceDown=false), Card(rank=JACK, suit=SPADES, isFaceDown=false), Card(rank=KING, suit=SPADES, isFaceDown=false), Card(rank=FIVE, suit=CLUBS, isFaceDown=false), Card(rank=FIVE, suit=CLUBS, isFaceDown=false), Card(rank=EIGHT, suit=HEARTS, isFaceDown=false), Card(rank=KING, suit=DIAMONDS, isFaceDown=false), Card(rank=THREE, suit=HEARTS, isFaceDown=false), Card(rank=TWO, suit=CLUBS, isFaceDown=false), Card(rank=QUEEN, suit=HEARTS, isFaceDown=false), Card(rank=TEN, suit=HEARTS, isFaceDown=false), Card(rank=NINE, suit=DIAMONDS, isFaceDown=false), Card(rank=KING, suit=DIAMONDS, isFaceDown=false), Card(rank=THREE, suit=DIAMONDS, isFaceDown=false), Card(rank=SIX, suit=SPADES, isFaceDown=false), Card(rank=NINE, suit=HEARTS, isFaceDown=false), Card(rank=ACE, suit=SPADES, isFaceDown=false), Card(rank=FIVE, suit=DIAMONDS, isFaceDown=false), Card(rank=ACE, suit=SPADES, isFaceDown=false), Card(rank=SIX, suit=SPADES, isFaceDown=false), Card(rank=FOUR, suit=HEARTS, isFaceDown=false), Card(rank=ACE, suit=DIAMONDS, isFaceDown=false), Card(rank=FOUR, suit=DIAMONDS, isFaceDown=false), Card(rank=SEVEN, suit=CLUBS, isFaceDown=false), Card(rank=SIX, suit=SPADES, isFaceDown=false), Card(rank=KING, suit=SPADES, isFaceDown=false), Card(rank=QUEEN, suit=SPADES, isFaceDown=false), Card(rank=SIX, suit=CLUBS, isFaceDown=false), Card(rank=NINE, suit=HEARTS, isFaceDown=false), Card(rank=EIGHT, suit=CLUBS, isFaceDown=false), Card(rank=THREE, suit=CLUBS, isFaceDown=false), Card(rank=SIX, suit=DIAMONDS, isFaceDown=false), Card(rank=QUEEN, suit=CLUBS, isFaceDown=false), Card(rank=KING, suit=CLUBS, isFaceDown=false)])
Verbose: (DefaultBlackjackStateMachine) SM action loop finished: SetDeck(deck=[Card(rank=KING, suit=CLUBS, isFaceDown=false), Card(rank=TEN, suit=SPADES, isFaceDown=false), Card(rank=KING, suit=SPADES, isFaceDown=false), Card(rank=KING, suit=HEARTS, isFaceDown=false), Card(rank=QUEEN, suit=CLUBS, isFaceDown=false), Card(rank=NINE, suit=HEARTS, isFaceDown=false), Card(rank=EIGHT, suit=SPADES, isFaceDown=false), Card(rank=ACE, suit=HEARTS, isFaceDown=false), Card(rank=NINE, suit=CLUBS, isFaceDown=false), Card(rank=TWO, suit=SPADES, isFaceDown=false), Card(rank=ACE, suit=SPADES, isFaceDown=false), Card(rank=TEN, suit=DIAMONDS, isFaceDown=false), Card(rank=SEVEN, suit=HEARTS, isFaceDown=false), Card(rank=TEN, suit=CLUBS, isFaceDown=false), Card(rank=FIVE, suit=SPADES, isFaceDown=false), Card(rank=FOUR, suit=SPADES, isFaceDown=false), Card(rank=THREE, suit=SPADES, isFaceDown=false), Card(rank=SIX, suit=DIAMONDS, isFaceDown=false), Card(rank=ACE, suit=CLUBS, isFaceDown=false), Card(rank=TWO, suit=SPADES, isFaceDown=false), Card(rank=KING, suit=SPADES, isFaceDown=false), Card(rank=ACE, suit=HEARTS, isFaceDown=false), Card(rank=NINE, suit=SPADES, isFaceDown=false), Card(rank=FIVE, suit=SPADES, isFaceDown=false), Card(rank=TEN, suit=DIAMONDS, isFaceDown=false), Card(rank=ACE, suit=DIAMONDS, isFaceDown=false), Card(rank=ACE, suit=DIAMONDS, isFaceDown=false), Card(rank=THREE, suit=HEARTS, isFaceDown=false), Card(rank=FOUR, suit=CLUBS, isFaceDown=false), Card(rank=SEVEN, suit=HEARTS, isFaceDown=false), Card(rank=SIX, suit=CLUBS, isFaceDown=false), Card(rank=THREE, suit=HEARTS, isFaceDown=false), Card(rank=NINE, suit=SPADES, isFaceDown=false), Card(rank=TWO, suit=HEARTS, isFaceDown=false), Card(rank=EIGHT, suit=CLUBS, isFaceDown=false), Card(rank=FOUR, suit=CLUBS, isFaceDown=false), Card(rank=THREE, suit=SPADES, isFaceDown=false), Card(rank=JACK, suit=SPADES, isFaceDown=false), Card(rank=TWO, suit=SPADES, isFaceDown=false), Card(rank=TWO, suit=DIAMONDS, isFaceDown=false), Card(rank=KING, suit=HEARTS, isFaceDown=false), Card(rank=TWO, suit=CLUBS, isFaceDown=false), Card(rank=TWO, suit=DIAMONDS, isFaceDown=false), Card(rank=FIVE, suit=SPADES, isFaceDown=false), Card(rank=FOUR, suit=CLUBS, isFaceDown=false), Card(rank=KING, suit=HEARTS, isFaceDown=false), Card(rank=NINE, suit=SPADES, isFaceDown=false), Card(rank=ACE, suit=CLUBS, isFaceDown=false), Card(rank=EIGHT, suit=SPADES, isFaceDown=false), Card(rank=THREE, suit=CLUBS, isFaceDown=false), Card(rank=TEN, suit=CLUBS, isFaceDown=false), Card(rank=ACE, suit=DIAMONDS, isFaceDown=false), Card(rank=TWO, suit=DIAMONDS, isFaceDown=false), Card(rank=FOUR, suit=SPADES, isFaceDown=false), Card(rank=THREE, suit=CLUBS, isFaceDown=false), Card(rank=NINE, suit=CLUBS, isFaceDown=false), Card(rank=FOUR, suit=HEARTS, isFaceDown=false), Card(rank=SEVEN, suit=DIAMONDS, isFaceDown=false), Card(rank=TEN, suit=HEARTS, isFaceDown=false), Card(rank=EIGHT, suit=SPADES, isFaceDown=false), Card(rank=SEVEN, suit=HEARTS, isFaceDown=false), Card(rank=EIGHT, suit=DIAMONDS, isFaceDown=false), Card(rank=SIX, suit=CLUBS, isFaceDown=false), Card(rank=JACK, suit=HEARTS, isFaceDown=false), Card(rank=KING, suit=SPADES, isFaceDown=false), Card(rank=KING, suit=DIAMONDS, isFaceDown=false), Card(rank=TWO, suit=CLUBS, isFaceDown=false), Card(rank=TWO, suit=CLUBS, isFaceDown=false), Card(rank=ACE, suit=CLUBS, isFaceDown=false), Card(rank=TEN, suit=CLUBS, isFaceDown=false), Card(rank=JACK, suit=DIAMONDS, isFaceDown=false), Card(rank=ACE, suit=CLUBS, isFaceDown=false), Card(rank=EIGHT, suit=DIAMONDS, isFaceDown=false), Card(rank=SEVEN, suit=DIAMONDS, isFaceDown=false), Card(rank=QUEEN, suit=DIAMONDS, isFaceDown=false), Card(rank=ACE, suit=CLUBS, isFaceDown=false), Card(rank=QUEEN, suit=SPADES, isFaceDown=false), Card(rank=KING, suit=CLUBS, isFaceDown=false), Card(rank=JACK, suit=CLUBS, isFaceDown=false), Card(rank=JACK, suit=CLUBS, isFaceDown=false), Card(rank=NINE, suit=SPADES, isFaceDown=false), Card(rank=JACK, suit=SPADES, isFaceDown=false), Card(rank=FIVE, suit=CLUBS, isFaceDown=false), Card(rank=SEVEN, suit=CLUBS, isFaceDown=false), Card(rank=TEN, suit=CLUBS, isFaceDown=false), Card(rank=QUEEN, suit=HEARTS, isFaceDown=false), Card(rank=KING, suit=DIAMONDS, isFaceDown=false), Card(rank=NINE, suit=DIAMONDS, isFaceDown=false), Card(rank=JACK, suit=SPADES, isFaceDown=false), Card(rank=FOUR, suit=CLUBS, isFaceDown=false), Card(rank=KING, suit=CLUBS, isFaceDown=false), Card(rank=TEN, suit=HEARTS, isFaceDown=false), Card(rank=ACE, suit=HEARTS, isFaceDown=false), Card(rank=JACK, suit=HEARTS, isFaceDown=false), Card(rank=NINE, suit=SPADES, isFaceDown=false), Card(rank=FIVE, suit=SPADES, isFaceDown=false), Card(rank=SEVEN, suit=CLUBS, isFaceDown=false), Card(rank=SIX, suit=DIAMONDS, isFaceDown=false), Card(rank=ACE, suit=SPADES, isFaceDown=false), Card(rank=KING, suit=HEARTS, isFaceDown=false), Card(rank=TEN, suit=HEARTS, isFaceDown=false), Card(rank=KING, suit=HEARTS, isFaceDown=false), Card(rank=SIX, suit=CLUBS, isFaceDown=false), Card(rank=TWO, suit=SPADES, isFaceDown=false), Card(rank=TWO, suit=DIAMONDS, isFaceDown=false), Card(rank=TWO, suit=HEARTS, isFaceDown=false), Card(rank=SEVEN, suit=SPADES, isFaceDown=false), Card(rank=ACE, suit=HEARTS, isFaceDown=false), Card(rank=EIGHT, suit=SPADES, isFaceDown=false), Card(rank=SEVEN, suit=DIAMONDS, isFaceDown=false), Card(rank=JACK, suit=DIAMONDS, isFaceDown=false), Card(rank=TWO, suit=SPADES, isFaceDown=false), Card(rank=SIX, suit=CLUBS, isFaceDown=false), Card(rank=SIX, suit=DIAMONDS, isFaceDown=false), Card(rank=THREE, suit=HEARTS, isFaceDown=false), Card(rank=KING, suit=DIAMONDS, isFaceDown=false), Card(rank=JACK, suit=DIAMONDS, isFaceDown=false), Card(rank=THREE, suit=CLUBS, isFaceDown=false), Card(rank=ACE, suit=CLUBS, isFaceDown=false), Card(rank=THREE, suit=CLUBS, isFaceDown=false), Card(rank=SEVEN, suit=SPADES, isFaceDown=false), Card(rank=NINE, suit=DIAMONDS, isFaceDown=false), Card(rank=JACK, suit=HEARTS, isFaceDown=false), Card(rank=SEVEN, suit=SPADES, isFaceDown=false), Card(rank=EIGHT, suit=HEARTS, isFaceDown=false), Card(rank=QUEEN, suit=SPADES, isFaceDown=false), Card(rank=SEVEN, suit=HEARTS, isFaceDown=false), Card(rank=QUEEN, suit=DIAMONDS, isFaceDown=false), Card(rank=FIVE, suit=CLUBS, isFaceDown=false), Card(rank=TEN, suit=SPADES, isFaceDown=false), Card(rank=QUEEN, suit=HEARTS, isFaceDown=false), Card(rank=JACK, suit=HEARTS, isFaceDown=false), Card(rank=TEN, suit=SPADES, isFaceDown=false), Card(rank=TEN, suit=HEARTS, isFaceDown=false), Card(rank=SIX, suit=HEARTS, isFaceDown=false), Card(rank=FIVE, suit=DIAMONDS, isFaceDown=false), Card(rank=SEVEN, suit=SPADES, isFaceDown=false), Card(rank=SEVEN, suit=SPADES, isFaceDown=false), Card(rank=JACK, suit=HEARTS, isFaceDown=false), Card(rank=JACK, suit=DIAMONDS, isFaceDown=false), Card(rank=SIX, suit=HEARTS, isFaceDown=false), Card(rank=KING, suit=CLUBS, isFaceDown=false), Card(rank=KING, suit=DIAMONDS, isFaceDown=false), Card(rank=FOUR, suit=SPADES, isFaceDown=false), Card(rank=TWO, suit=HEARTS, isFaceDown=false), Card(rank=EIGHT, suit=CLUBS, isFaceDown=false), Card(rank=FIVE, suit=DIAMONDS, isFaceDown=false), Card(rank=QUEEN, suit=CLUBS, isFaceDown=false), Card(rank=EIGHT, suit=DIAMONDS, isFaceDown=false), Card(rank=FIVE, suit=HEARTS, isFaceDown=false), Card(rank=THREE, suit=DIAMONDS, isFaceDown=false), Card(rank=TWO, suit=DIAMONDS, isFaceDown=false), Card(rank=FIVE, suit=SPADES, isFaceDown=false), Card(rank=TEN, suit=DIAMONDS, isFaceDown=false), Card(rank=THREE, suit=DIAMONDS, isFaceDown=false), Card(rank=EIGHT, suit=DIAMONDS, isFaceDown=false), Card(rank=NINE, suit=CLUBS, isFaceDown=false), Card(rank=JACK, suit=SPADES, isFaceDown=false), Card(rank=ACE, suit=SPADES, isFaceDown=false), Card(rank=FOUR, suit=CLUBS, isFaceDown=false), Card(rank=SEVEN, suit=SPADES, isFaceDown=false), Card(rank=TEN, suit=DIAMONDS, isFaceDown=false), Card(rank=SIX, suit=DIAMONDS, isFaceDown=false), Card(rank=FOUR, suit=DIAMONDS, isFaceDown=false), Card(rank=ACE, suit=HEARTS, isFaceDown=false), Card(rank=QUEEN, suit=SPADES, isFaceDown=false), Card(rank=TWO, suit=HEARTS, isFaceDown=false), Card(rank=SEVEN, suit=DIAMONDS, isFaceDown=false), Card(rank=FIVE, suit=HEARTS, isFaceDown=false), Card(rank=TEN, suit=CLUBS, isFaceDown=false), Card(rank=QUEEN, suit=CLUBS, isFaceDown=false), Card(rank=EIGHT, suit=HEARTS, isFaceDown=false), Card(rank=QUEEN, suit=HEARTS, isFaceDown=false), Card(rank=KING, suit=CLUBS, isFaceDown=false), Card(rank=FOUR, suit=DIAMONDS, isFaceDown=false), Card(rank=FOUR, suit=CLUBS, isFaceDown=false), Card(rank=FIVE, suit=HEARTS, isFaceDown=false), Card(rank=SIX, suit=SPADES, isFaceDown=false), Card(rank=FOUR, suit=DIAMONDS, isFaceDown=false), Card(rank=THREE, suit=CLUBS, isFaceDown=false), Card(rank=QUEEN, suit=DIAMONDS, isFaceDown=false), Card(rank=THREE, suit=DIAMONDS, isFaceDown=false), Card(rank=NINE, suit=CLUBS, isFaceDown=false), Card(rank=FIVE, suit=HEARTS, isFaceDown=false), Card(rank=TEN, suit=SPADES, isFaceDown=false), Card(rank=EIGHT, suit=DIAMONDS, isFaceDown=false), Card(rank=TEN, suit=SPADES, isFaceDown=false), Card(rank=FIVE, suit=HEARTS, isFaceDown=false), Card(rank=JACK, suit=DIAMONDS, isFaceDown=false), Card(rank=EIGHT, suit=CLUBS, isFaceDown=false), Card(rank=ACE, suit=HEARTS, isFaceDown=false), Card(rank=EIGHT, suit=HEARTS, isFaceDown=false), Card(rank=SEVEN, suit=HEARTS, isFaceDown=false), Card(rank=FOUR, suit=HEARTS, isFaceDown=false), Card(rank=THREE, suit=SPADES, isFaceDown=false), Card(rank=JACK, suit=SPADES, isFaceDown=false), Card(rank=EIGHT, suit=SPADES, isFaceDown=false), Card(rank=JACK, suit=CLUBS, isFaceDown=false), Card(rank=THREE, suit=SPADES, isFaceDown=false), Card(rank=KING, suit=SPADES, isFaceDown=false), Card(rank=SIX, suit=HEARTS, isFaceDown=false), Card(rank=THREE, suit=HEARTS, isFaceDown=false), Card(rank=TEN, suit=SPADES, isFaceDown=false), Card(rank=THREE, suit=DIAMONDS, isFaceDown=false), Card(rank=FOUR, suit=DIAMONDS, isFaceDown=false), Card(rank=SIX, suit=HEARTS, isFaceDown=false), Card(rank=JACK, suit=HEARTS, isFaceDown=false), Card(rank=SIX, suit=DIAMONDS, isFaceDown=false), Card(rank=SIX, suit=HEARTS, isFaceDown=false), Card(rank=EIGHT, suit=DIAMONDS, isFaceDown=false), Card(rank=FOUR, suit=SPADES, isFaceDown=false), Card(rank=JACK, suit=CLUBS, isFaceDown=false), Card(rank=ACE, suit=SPADES, isFaceDown=false), Card(rank=THREE, suit=SPADES, isFaceDown=false), Card(rank=JACK, suit=CLUBS, isFaceDown=false), Card(rank=TEN, suit=CLUBS, isFaceDown=false), Card(rank=FOUR, suit=SPADES, isFaceDown=false), Card(rank=KING, suit=HEARTS, isFaceDown=false), Card(rank=NINE, suit=CLUBS, isFaceDown=false), Card(rank=TWO, suit=CLUBS, isFaceDown=false), Card(rank=QUEEN, suit=HEARTS, isFaceDown=false), Card(rank=FIVE, suit=CLUBS, isFaceDown=false), Card(rank=TEN, suit=DIAMONDS, isFaceDown=false), Card(rank=SEVEN, suit=DIAMONDS, isFaceDown=false), Card(rank=TWO, suit=CLUBS, isFaceDown=false), Card(rank=EIGHT, suit=SPADES, isFaceDown=false), Card(rank=QUEEN, suit=DIAMONDS, isFaceDown=false), Card(rank=TWO, suit=HEARTS, isFaceDown=false), Card(rank=QUEEN, suit=SPADES, isFaceDown=false), Card(rank=NINE, suit=DIAMONDS, isFaceDown=false), Card(rank=TWO, suit=HEARTS, isFaceDown=false), Card(rank=QUEEN, suit=SPADES, isFaceDown=false), Card(rank=NINE, suit=DIAMONDS, isFaceDown=false), Card(rank=QUEEN, suit=DIAMONDS, isFaceDown=false), Card(rank=NINE, suit=DIAMONDS, isFaceDown=false), Card(rank=FOUR, suit=DIAMONDS, isFaceDown=false), Card(rank=TWO, suit=DIAMONDS, isFaceDown=false), Card(rank=FOUR, suit=HEARTS, isFaceDown=false), Card(rank=QUEEN, suit=HEARTS, isFaceDown=false), Card(rank=TWO, suit=SPADES, isFaceDown=false), Card(rank=JACK, suit=DIAMONDS, isFaceDown=false), Card(rank=EIGHT, suit=HEARTS, isFaceDown=false), Card(rank=QUEEN, suit=CLUBS, isFaceDown=false), Card(rank=SEVEN, suit=CLUBS, isFaceDown=false), Card(rank=SIX, suit=SPADES, isFaceDown=false), Card(rank=EIGHT, suit=CLUBS, isFaceDown=false), Card(rank=ACE, suit=DIAMONDS, isFaceDown=false), Card(rank=SEVEN, suit=CLUBS, isFaceDown=false), Card(rank=FOUR, suit=SPADES, isFaceDown=false), Card(rank=NINE, suit=SPADES, isFaceDown=false), Card(rank=TEN, suit=HEARTS, isFaceDown=false), Card(rank=NINE, suit=HEARTS, isFaceDown=false), Card(rank=FIVE, suit=DIAMONDS, isFaceDown=false), Card(rank=NINE, suit=HEARTS, isFaceDown=false), Card(rank=NINE, suit=CLUBS, isFaceDown=false), Card(rank=THREE, suit=SPADES, isFaceDown=false), Card(rank=QUEEN, suit=DIAMONDS, isFaceDown=false), Card(rank=SIX, suit=SPADES, isFaceDown=false), Card(rank=FOUR, suit=HEARTS, isFaceDown=false), Card(rank=SIX, suit=CLUBS, isFaceDown=false), Card(rank=FIVE, suit=SPADES, isFaceDown=false), Card(rank=FIVE, suit=CLUBS, isFaceDown=false), Card(rank=FIVE, suit=DIAMONDS, isFaceDown=false), Card(rank=NINE, suit=HEARTS, isFaceDown=false), Card(rank=EIGHT, suit=CLUBS, isFaceDown=false), Card(rank=THREE, suit=DIAMONDS, isFaceDown=false), Card(rank=THREE, suit=HEARTS, isFaceDown=false), Card(rank=QUEEN, suit=CLUBS, isFaceDown=false), Card(rank=SEVEN, suit=CLUBS, isFaceDown=false), Card(rank=TEN, suit=DIAMONDS, isFaceDown=false), Card(rank=SIX, suit=HEARTS, isFaceDown=false), Card(rank=JACK, suit=CLUBS, isFaceDown=false), Card(rank=FIVE, suit=HEARTS, isFaceDown=false), Card(rank=ACE, suit=DIAMONDS, isFaceDown=false), Card(rank=FIVE, suit=DIAMONDS, isFaceDown=false), Card(rank=SEVEN, suit=DIAMONDS, isFaceDown=false), Card(rank=FOUR, suit=HEARTS, isFaceDown=false), Card(rank=EIGHT, suit=HEARTS, isFaceDown=false), Card(rank=SEVEN, suit=HEARTS, isFaceDown=false), Card(rank=JACK, suit=SPADES, isFaceDown=false), Card(rank=KING, suit=SPADES, isFaceDown=false), Card(rank=FIVE, suit=CLUBS, isFaceDown=false), Card(rank=FIVE, suit=CLUBS, isFaceDown=false), Card(rank=EIGHT, suit=HEARTS, isFaceDown=false), Card(rank=KING, suit=DIAMONDS, isFaceDown=false), Card(rank=THREE, suit=HEARTS, isFaceDown=false), Card(rank=TWO, suit=CLUBS, isFaceDown=false), Card(rank=QUEEN, suit=HEARTS, isFaceDown=false), Card(rank=TEN, suit=HEARTS, isFaceDown=false), Card(rank=NINE, suit=DIAMONDS, isFaceDown=false), Card(rank=KING, suit=DIAMONDS, isFaceDown=false), Card(rank=THREE, suit=DIAMONDS, isFaceDown=false), Card(rank=SIX, suit=SPADES, isFaceDown=false), Card(rank=NINE, suit=HEARTS, isFaceDown=false), Card(rank=ACE, suit=SPADES, isFaceDown=false), Card(rank=FIVE, suit=DIAMONDS, isFaceDown=false), Card(rank=ACE, suit=SPADES, isFaceDown=false), Card(rank=SIX, suit=SPADES, isFaceDown=false), Card(rank=FOUR, suit=HEARTS, isFaceDown=false), Card(rank=ACE, suit=DIAMONDS, isFaceDown=false), Card(rank=FOUR, suit=DIAMONDS, isFaceDown=false), Card(rank=SEVEN, suit=CLUBS, isFaceDown=false), Card(rank=SIX, suit=SPADES, isFaceDown=false), Card(rank=KING, suit=SPADES, isFaceDown=false), Card(rank=QUEEN, suit=SPADES, isFaceDown=false), Card(rank=SIX, suit=CLUBS, isFaceDown=false), Card(rank=NINE, suit=HEARTS, isFaceDown=false), Card(rank=EIGHT, suit=CLUBS, isFaceDown=false), Card(rank=THREE, suit=CLUBS, isFaceDown=false), Card(rank=SIX, suit=DIAMONDS, isFaceDown=false), Card(rank=QUEEN, suit=CLUBS, isFaceDown=false), Card(rank=KING, suit=CLUBS, isFaceDown=false)])
Verbose: (DefaultBlackjackStateMachine) SM reduce: DealCardToPlayer(seatIndex=0)
Verbose: (DefaultBlackjackStateMachine) SM action loop finished: DealCardToPlayer(seatIndex=0)
Verbose: (DefaultBlackjackStateMachine) SM reduce: DealCardToDealer(faceDown=false)
Verbose: (DefaultBlackjackStateMachine) SM action loop finished: DealCardToDealer(faceDown=false)
Verbose: (DefaultBlackjackStateMachine) SM reduce: DealCardToPlayer(seatIndex=0)
Verbose: (DefaultBlackjackStateMachine) SM action loop finished: DealCardToPlayer(seatIndex=0)
Verbose: (DefaultBlackjackStateMachine) SM reduce: DealCardToDealer(faceDown=true)
Verbose: (DefaultBlackjackStateMachine) SM action loop finished: DealCardToDealer(faceDown=true)
Verbose: (DefaultBlackjackStateMachine) SM reduce: ApplyInitialOutcome
Verbose: (DefaultBlackjackStateMachine) SM action loop finished: ApplyInitialOutcome
Debug: (DefaultBlackjackStateMachine) SM init block finally
Passed debug_channel_reading()
Started deal_ignoredWhenNoBet()
Verbose: (DefaultBlackjackStateMachine) SM reduce: Deal
Verbose: (DefaultBlackjackStateMachine) SM action loop finished: Deal
Debug: (DefaultBlackjackStateMachine) SM init block finally
Passed deal_ignoredWhenNoBet()
Started initialDeal_deals2CardsToPlayerAnd2ToDealer()
Verbose: (DefaultBlackjackStateMachine) SM reduce: Deal
Verbose: (DefaultBlackjackStateMachine) SM action loop finished: Deal
Verbose: (DefaultBlackjackStateMachine) SM reduce: DealCardToPlayer(seatIndex=0)
Verbose: (DefaultBlackjackStateMachine) SM action loop finished: DealCardToPlayer(seatIndex=0)
Verbose: (DefaultBlackjackStateMachine) SM reduce: DealCardToDealer(faceDown=false)
Verbose: (DefaultBlackjackStateMachine) SM action loop finished: DealCardToDealer(faceDown=false)
Verbose: (DefaultBlackjackStateMachine) SM reduce: DealCardToPlayer(seatIndex=0)
Verbose: (DefaultBlackjackStateMachine) SM action loop finished: DealCardToPlayer(seatIndex=0)
Verbose: (DefaultBlackjackStateMachine) SM reduce: DealCardToDealer(faceDown=true)
Verbose: (DefaultBlackjackStateMachine) SM action loop finished: DealCardToDealer(faceDown=true)
Verbose: (DefaultBlackjackStateMachine) SM reduce: ApplyInitialOutcome
Verbose: (DefaultBlackjackStateMachine) SM action loop finished: ApplyInitialOutcome
Debug: (DefaultBlackjackStateMachine) SM init block finally
Passed initialDeal_deals2CardsToPlayerAnd2ToDealer()
Started deal_dealerHoleCardIsFaceDown_whenPlaying()
Verbose: (DefaultBlackjackStateMachine) SM reduce: Deal
Verbose: (DefaultBlackjackStateMachine) SM action loop finished: Deal
Verbose: (DefaultBlackjackStateMachine) SM reduce: DealCardToPlayer(seatIndex=0)
Verbose: (DefaultBlackjackStateMachine) SM action loop finished: DealCardToPlayer(seatIndex=0)
Verbose: (DefaultBlackjackStateMachine) SM reduce: DealCardToDealer(faceDown=false)
Verbose: (DefaultBlackjackStateMachine) SM action loop finished: DealCardToDealer(faceDown=false)
Verbose: (DefaultBlackjackStateMachine) SM reduce: DealCardToPlayer(seatIndex=0)
Verbose: (DefaultBlackjackStateMachine) SM action loop finished: DealCardToPlayer(seatIndex=0)
Verbose: (DefaultBlackjackStateMachine) SM reduce: DealCardToDealer(faceDown=true)
Verbose: (DefaultBlackjackStateMachine) SM action loop finished: DealCardToDealer(faceDown=true)
Verbose: (DefaultBlackjackStateMachine) SM reduce: ApplyInitialOutcome
Verbose: (DefaultBlackjackStateMachine) SM action loop finished: ApplyInitialOutcome
Debug: (DefaultBlackjackStateMachine) SM init block finally
Passed deal_dealerHoleCardIsFaceDown_whenPlaying()
Started deal_dealerHoleCardRevealed_onDealerBlackjack()
Verbose: (DefaultBlackjackStateMachine) SM reduce: Deal
Verbose: (DefaultBlackjackStateMachine) SM action loop finished: Deal
Verbose: (DefaultBlackjackStateMachine) SM reduce: DealCardToPlayer(seatIndex=0)
Verbose: (DefaultBlackjackStateMachine) SM action loop finished: DealCardToPlayer(seatIndex=0)
Verbose: (DefaultBlackjackStateMachine) SM reduce: DealCardToDealer(faceDown=false)
Verbose: (DefaultBlackjackStateMachine) SM action loop finished: DealCardToDealer(faceDown=false)
Verbose: (DefaultBlackjackStateMachine) SM reduce: DealCardToPlayer(seatIndex=0)
Verbose: (DefaultBlackjackStateMachine) SM action loop finished: DealCardToPlayer(seatIndex=0)
Verbose: (DefaultBlackjackStateMachine) SM reduce: DealCardToDealer(faceDown=true)
Verbose: (DefaultBlackjackStateMachine) SM action loop finished: DealCardToDealer(faceDown=true)
Verbose: (DefaultBlackjackStateMachine) SM reduce: ApplyInitialOutcome
Verbose: (DefaultBlackjackStateMachine) SM action loop finished: ApplyInitialOutcome
Debug: (DefaultBlackjackStateMachine) SM init block finally
Passed deal_dealerHoleCardRevealed_onDealerBlackjack()
Completed DealTest
Started BettingEnforcementTest
Started placeBet_invalidSeatIndex_vibratesAndIsIgnored()
Verbose: (DefaultBlackjackStateMachine) SM reduce: PlaceBet(amount=50, seatIndex=2)
Verbose: (DefaultBlackjackStateMachine) SM action loop finished: PlaceBet(amount=50, seatIndex=2)
Debug: (DefaultBlackjackStateMachine) SM init block finally
Passed placeBet_invalidSeatIndex_vibratesAndIsIgnored()
Started placeBet_insufficientBalance_vibratesAndIsIgnored()
Verbose: (DefaultBlackjackStateMachine) SM reduce: PlaceBet(amount=50, seatIndex=0)
Verbose: (DefaultBlackjackStateMachine) SM action loop finished: PlaceBet(amount=50, seatIndex=0)
Debug: (DefaultBlackjackStateMachine) SM init block finally
Passed placeBet_insufficientBalance_vibratesAndIsIgnored()
Started selectHandCount_aboveMaximum_vibratesAndIsIgnored()
Verbose: (DefaultBlackjackStateMachine) SM reduce: SelectHandCount(count=4)
Verbose: (DefaultBlackjackStateMachine) SM action loop finished: SelectHandCount(count=4)
Debug: (DefaultBlackjackStateMachine) SM init block finally
Passed selectHandCount_aboveMaximum_vibratesAndIsIgnored()
Started placeSideBet_insufficientBalance_isSilentlyIgnored()
Verbose: (DefaultBlackjackStateMachine) SM reduce: PlaceSideBet(type=PERFECT_PAIRS, amount=50)
Verbose: (DefaultBlackjackStateMachine) SM action loop finished: PlaceSideBet(type=PERFECT_PAIRS, amount=50)
Debug: (DefaultBlackjackStateMachine) SM init block finally
Passed placeSideBet_insufficientBalance_isSilentlyIgnored()
Started newGame_invalidHandCount_throwsIllegalArgumentException()
Passed newGame_invalidHandCount_throwsIllegalArgumentException()
Started placeBet_negativeAmount_vibratesAndIsIgnored()
Verbose: (DefaultBlackjackStateMachine) SM reduce: PlaceBet(amount=-50, seatIndex=0)
Verbose: (DefaultBlackjackStateMachine) SM action loop finished: PlaceBet(amount=-50, seatIndex=0)
Debug: (DefaultBlackjackStateMachine) SM init block finally
Passed placeBet_negativeAmount_vibratesAndIsIgnored()
Started selectHandCount_belowMinimum_vibratesAndIsIgnored()
Verbose: (DefaultBlackjackStateMachine) SM reduce: SelectHandCount(count=0)
Verbose: (DefaultBlackjackStateMachine) SM action loop finished: SelectHandCount(count=0)
Debug: (DefaultBlackjackStateMachine) SM init block finally
Passed selectHandCount_belowMinimum_vibratesAndIsIgnored()
Completed BettingEnforcementTest
Started NewGameLogicTest
Started shouldTruncatePreviousBetsWhenHandCountDecreases()
Passed shouldTruncatePreviousBetsWhenHandCountDecreases()
Started shouldInitializeWithCorrectStatusAndRules()
Passed shouldInitializeWithCorrectStatusAndRules()
Started shouldRejectBothIfTotalMainBetsUnaffordable()
Passed shouldRejectBothIfTotalMainBetsUnaffordable()
Started shouldPadPreviousBetsWhenHandCountIncreases()
Passed shouldPadPreviousBetsWhenHandCountIncreases()
Started shouldApproveSideBetsIfAffordableAfterMainBets()
Passed shouldApproveSideBetsIfAffordableAfterMainBets()
Started shouldRejectSideBetsIfUnaffordableAfterMainBets()
Passed shouldRejectSideBetsIfUnaffordableAfterMainBets()
Started shouldKeepPreviousBetsWhenHandCountMatches()
Passed shouldKeepPreviousBetsWhenHandCountMatches()
Started shouldRejectPreviousBetsIfUnaffordable()
Passed shouldRejectPreviousBetsIfUnaffordable()
Started shouldApprovePreviousBetsIfExactlyAffordable()
Passed shouldApprovePreviousBetsIfExactlyAffordable()
Completed NewGameLogicTest
Started GameStatusTest
Started testIsProcess()
Passed testIsProcess()
Started testIsStatusVisible()
Passed testIsStatusVisible()
Started testIsTerminal()
Passed testIsTerminal()
Completed GameStatusTest
Started InitialOutcomeTest
Started multiHand_payout_blackjackDoublePayoutLeak()
Verbose: (DefaultBlackjackStateMachine) SM reduce: Deal
Verbose: (DefaultBlackjackStateMachine) SM action loop finished: Deal
Verbose: (DefaultBlackjackStateMachine) SM reduce: DealCardToPlayer(seatIndex=0)
Verbose: (DefaultBlackjackStateMachine) SM action loop finished: DealCardToPlayer(seatIndex=0)
Verbose: (DefaultBlackjackStateMachine) SM reduce: DealCardToPlayer(seatIndex=1)
Verbose: (DefaultBlackjackStateMachine) SM action loop finished: DealCardToPlayer(seatIndex=1)
Verbose: (DefaultBlackjackStateMachine) SM reduce: DealCardToDealer(faceDown=false)
Verbose: (DefaultBlackjackStateMachine) SM action loop finished: DealCardToDealer(faceDown=false)
Verbose: (DefaultBlackjackStateMachine) SM reduce: DealCardToPlayer(seatIndex=0)
Verbose: (DefaultBlackjackStateMachine) SM action loop finished: DealCardToPlayer(seatIndex=0)
Verbose: (DefaultBlackjackStateMachine) SM reduce: DealCardToPlayer(seatIndex=1)
Verbose: (DefaultBlackjackStateMachine) SM action loop finished: DealCardToPlayer(seatIndex=1)
Verbose: (DefaultBlackjackStateMachine) SM reduce: DealCardToDealer(faceDown=true)
Verbose: (DefaultBlackjackStateMachine) SM action loop finished: DealCardToDealer(faceDown=true)
Verbose: (DefaultBlackjackStateMachine) SM reduce: ApplyInitialOutcome
Verbose: (DefaultBlackjackStateMachine) SM action loop finished: ApplyInitialOutcome
Verbose: (DefaultBlackjackStateMachine) SM reduce: Stand
Verbose: (DefaultBlackjackStateMachine) SM action loop finished: Stand
Verbose: (DefaultBlackjackStateMachine) SM reduce: Stand
Verbose: (DefaultBlackjackStateMachine) SM action loop finished: Stand
Verbose: (DefaultBlackjackStateMachine) SM reduce: RevealDealerHole
Verbose: (DefaultBlackjackStateMachine) SM action loop finished: RevealDealerHole
Verbose: (DefaultBlackjackStateMachine) SM reduce: DealerDraw
Verbose: (DefaultBlackjackStateMachine) SM action loop finished: DealerDraw
Verbose: (DefaultBlackjackStateMachine) SM reduce: FinalizeGame
Verbose: (DefaultBlackjackStateMachine) SM action loop finished: FinalizeGame
Debug: (DefaultBlackjackStateMachine) SM init block finally
Passed multiHand_payout_blackjackDoublePayoutLeak()
Started multiHand_dealerBlackjack_partialPush()
Verbose: (DefaultBlackjackStateMachine) SM reduce: Deal
Verbose: (DefaultBlackjackStateMachine) SM action loop finished: Deal
Verbose: (DefaultBlackjackStateMachine) SM reduce: DealCardToPlayer(seatIndex=0)
Verbose: (DefaultBlackjackStateMachine) SM action loop finished: DealCardToPlayer(seatIndex=0)
Verbose: (DefaultBlackjackStateMachine) SM reduce: DealCardToPlayer(seatIndex=1)
Verbose: (DefaultBlackjackStateMachine) SM action loop finished: DealCardToPlayer(seatIndex=1)
Verbose: (DefaultBlackjackStateMachine) SM reduce: DealCardToDealer(faceDown=false)
Verbose: (DefaultBlackjackStateMachine) SM action loop finished: DealCardToDealer(faceDown=false)
Verbose: (DefaultBlackjackStateMachine) SM reduce: DealCardToPlayer(seatIndex=0)
Verbose: (DefaultBlackjackStateMachine) SM action loop finished: DealCardToPlayer(seatIndex=0)
Verbose: (DefaultBlackjackStateMachine) SM reduce: DealCardToPlayer(seatIndex=1)
Verbose: (DefaultBlackjackStateMachine) SM action loop finished: DealCardToPlayer(seatIndex=1)
Verbose: (DefaultBlackjackStateMachine) SM reduce: DealCardToDealer(faceDown=true)
Verbose: (DefaultBlackjackStateMachine) SM action loop finished: DealCardToDealer(faceDown=true)
Verbose: (DefaultBlackjackStateMachine) SM reduce: ApplyInitialOutcome
Verbose: (DefaultBlackjackStateMachine) SM action loop finished: ApplyInitialOutcome
Debug: (DefaultBlackjackStateMachine) SM init block finally
Passed multiHand_dealerBlackjack_partialPush()
Started multiHand_insurance_restrictedToSingleHand()
Verbose: (DefaultBlackjackStateMachine) SM reduce: Deal
Verbose: (DefaultBlackjackStateMachine) SM action loop finished: Deal
Verbose: (DefaultBlackjackStateMachine) SM reduce: DealCardToPlayer(seatIndex=0)
Verbose: (DefaultBlackjackStateMachine) SM action loop finished: DealCardToPlayer(seatIndex=0)
Verbose: (DefaultBlackjackStateMachine) SM reduce: DealCardToPlayer(seatIndex=1)
Verbose: (DefaultBlackjackStateMachine) SM action loop finished: DealCardToPlayer(seatIndex=1)
Verbose: (DefaultBlackjackStateMachine) SM reduce: DealCardToDealer(faceDown=false)
Verbose: (DefaultBlackjackStateMachine) SM action loop finished: DealCardToDealer(faceDown=false)
Verbose: (DefaultBlackjackStateMachine) SM reduce: DealCardToPlayer(seatIndex=0)
Verbose: (DefaultBlackjackStateMachine) SM action loop finished: DealCardToPlayer(seatIndex=0)
Verbose: (DefaultBlackjackStateMachine) SM reduce: DealCardToPlayer(seatIndex=1)
Verbose: (DefaultBlackjackStateMachine) SM action loop finished: DealCardToPlayer(seatIndex=1)
Verbose: (DefaultBlackjackStateMachine) SM reduce: DealCardToDealer(faceDown=true)
Verbose: (DefaultBlackjackStateMachine) SM action loop finished: DealCardToDealer(faceDown=true)
Verbose: (DefaultBlackjackStateMachine) SM reduce: ApplyInitialOutcome
Verbose: (DefaultBlackjackStateMachine) SM action loop finished: ApplyInitialOutcome
Debug: (DefaultBlackjackStateMachine) SM init block finally
Passed multiHand_insurance_restrictedToSingleHand()
Completed InitialOutcomeTest
Started SideBetPersistenceTest
Started testNewGameRemembersSideBets_InsufficientBalance()
Verbose: (DefaultBlackjackStateMachine) SM reduce: NewGame(initialBalance=150, rules=GameRules(dealerHitsSoft17=true, allowDoubleAfterSplit=true, allowSurrender=false, blackjackPayout=THREE_TO_TWO, deckCount=6, splitOnValueOnly=false, deterministicReshuffle=false), handCount=1, previousBets=[50], lastSideBets={PERFECT_PAIRS=100, TWENTY_ONE_PLUS_THREE=100})
Verbose: (DefaultBlackjackStateMachine) SM action loop finished: NewGame(initialBalance=150, rules=GameRules(dealerHitsSoft17=true, allowDoubleAfterSplit=true, allowSurrender=false, blackjackPayout=THREE_TO_TWO, deckCount=6, splitOnValueOnly=false, deterministicReshuffle=false), handCount=1, previousBets=[50], lastSideBets={PERFECT_PAIRS=100, TWENTY_ONE_PLUS_THREE=100})
Debug: (DefaultBlackjackStateMachine) SM init block finally
Passed testNewGameRemembersSideBets_InsufficientBalance()
Started testNewGameRemembersSideBets()
Verbose: (DefaultBlackjackStateMachine) SM reduce: NewGame(initialBalance=1000, rules=GameRules(dealerHitsSoft17=true, allowDoubleAfterSplit=true, allowSurrender=false, blackjackPayout=THREE_TO_TWO, deckCount=6, splitOnValueOnly=false, deterministicReshuffle=false), handCount=1, previousBets=[0], lastSideBets={PERFECT_PAIRS=10, TWENTY_ONE_PLUS_THREE=25})
Verbose: (DefaultBlackjackStateMachine) SM action loop finished: NewGame(initialBalance=1000, rules=GameRules(dealerHitsSoft17=true, allowDoubleAfterSplit=true, allowSurrender=false, blackjackPayout=THREE_TO_TWO, deckCount=6, splitOnValueOnly=false, deterministicReshuffle=false), handCount=1, previousBets=[0], lastSideBets={PERFECT_PAIRS=10, TWENTY_ONE_PLUS_THREE=25})
Debug: (DefaultBlackjackStateMachine) SM init block finally
Passed testNewGameRemembersSideBets()
Completed SideBetPersistenceTest
Started PlayerActionsTest
Started bust_holeCardIsRevealed()
Verbose: (DefaultBlackjackStateMachine) SM reduce: Hit
Verbose: (DefaultBlackjackStateMachine) SM action loop finished: Hit
Verbose: (DefaultBlackjackStateMachine) SM reduce: RevealDealerHole
Verbose: (DefaultBlackjackStateMachine) SM action loop finished: RevealDealerHole
Verbose: (DefaultBlackjackStateMachine) SM reduce: FinalizeGame
Verbose: (DefaultBlackjackStateMachine) SM action loop finished: FinalizeGame
Debug: (DefaultBlackjackStateMachine) SM init block finally
Passed bust_holeCardIsRevealed()
Started stand_advancesToSplitHand()
Verbose: (DefaultBlackjackStateMachine) SM reduce: Stand
Verbose: (DefaultBlackjackStateMachine) SM action loop finished: Stand
Debug: (DefaultBlackjackStateMachine) SM init block finally
Passed stand_advancesToSplitHand()
Started stand_push_returnsBet()
Verbose: (DefaultBlackjackStateMachine) SM reduce: Stand
Verbose: (DefaultBlackjackStateMachine) SM action loop finished: Stand
Verbose: (DefaultBlackjackStateMachine) SM reduce: RevealDealerHole
Verbose: (DefaultBlackjackStateMachine) SM action loop finished: RevealDealerHole
Verbose: (DefaultBlackjackStateMachine) SM reduce: FinalizeGame
Verbose: (DefaultBlackjackStateMachine) SM action loop finished: FinalizeGame
Debug: (DefaultBlackjackStateMachine) SM init block finally
Passed stand_push_returnsBet()
Started stand_playerWin_rewardsBalance()
Verbose: (DefaultBlackjackStateMachine) SM reduce: Stand
Verbose: (DefaultBlackjackStateMachine) SM action loop finished: Stand
Verbose: (DefaultBlackjackStateMachine) SM reduce: RevealDealerHole
Verbose: (DefaultBlackjackStateMachine) SM action loop finished: RevealDealerHole
Verbose: (DefaultBlackjackStateMachine) SM reduce: FinalizeGame
Verbose: (DefaultBlackjackStateMachine) SM action loop finished: FinalizeGame
Debug: (DefaultBlackjackStateMachine) SM init block finally
Passed stand_playerWin_rewardsBalance()
Started hit_routesToActiveHand()
Verbose: (DefaultBlackjackStateMachine) SM reduce: Hit
Verbose: (DefaultBlackjackStateMachine) SM action loop finished: Hit
Debug: (DefaultBlackjackStateMachine) SM init block finally
Passed hit_routesToActiveHand()
Started hitBust_advancesToNextHand()
Verbose: (DefaultBlackjackStateMachine) SM reduce: Hit
Verbose: (DefaultBlackjackStateMachine) SM action loop finished: Hit
Debug: (DefaultBlackjackStateMachine) SM init block finally
Passed hitBust_advancesToNextHand()
Started stand_revealsHoleCardBeforeDealerDraws()
Verbose: (DefaultBlackjackStateMachine) SM reduce: Stand
Verbose: (DefaultBlackjackStateMachine) SM action loop finished: Stand
Verbose: (DefaultBlackjackStateMachine) SM reduce: RevealDealerHole
Verbose: (DefaultBlackjackStateMachine) SM action loop finished: RevealDealerHole
Verbose: (DefaultBlackjackStateMachine) SM reduce: FinalizeGame
Verbose: (DefaultBlackjackStateMachine) SM action loop finished: FinalizeGame
Debug: (DefaultBlackjackStateMachine) SM init block finally
Passed stand_revealsHoleCardBeforeDealerDraws()
Started stand_dealerWin_keepsBalanceUnchanged()
Verbose: (DefaultBlackjackStateMachine) SM reduce: Stand
Verbose: (DefaultBlackjackStateMachine) SM action loop finished: Stand
Verbose: (DefaultBlackjackStateMachine) SM reduce: RevealDealerHole
Verbose: (DefaultBlackjackStateMachine) SM action loop finished: RevealDealerHole
Verbose: (DefaultBlackjackStateMachine) SM reduce: FinalizeGame
Verbose: (DefaultBlackjackStateMachine) SM action loop finished: FinalizeGame
Debug: (DefaultBlackjackStateMachine) SM init block finally
Passed stand_dealerWin_keepsBalanceUnchanged()
Started stand_advancesToNextMultiHand()
Verbose: (DefaultBlackjackStateMachine) SM reduce: Stand
Verbose: (DefaultBlackjackStateMachine) SM action loop finished: Stand
Debug: (DefaultBlackjackStateMachine) SM init block finally
Passed stand_advancesToNextMultiHand()
Started stand_entersDealerTurnOnLastMultiHand()
Verbose: (DefaultBlackjackStateMachine) SM reduce: Stand
Verbose: (DefaultBlackjackStateMachine) SM action loop finished: Stand
Verbose: (DefaultBlackjackStateMachine) SM reduce: RevealDealerHole
Verbose: (DefaultBlackjackStateMachine) SM action loop finished: RevealDealerHole
Verbose: (DefaultBlackjackStateMachine) SM reduce: FinalizeGame
Verbose: (DefaultBlackjackStateMachine) SM action loop finished: FinalizeGame
Debug: (DefaultBlackjackStateMachine) SM init block finally
Passed stand_entersDealerTurnOnLastMultiHand()
Started hit_bust_endsRoundWithDealerWon()
Verbose: (DefaultBlackjackStateMachine) SM reduce: Hit
Verbose: (DefaultBlackjackStateMachine) SM action loop finished: Hit
Verbose: (DefaultBlackjackStateMachine) SM reduce: RevealDealerHole
Verbose: (DefaultBlackjackStateMachine) SM action loop finished: RevealDealerHole
Verbose: (DefaultBlackjackStateMachine) SM reduce: FinalizeGame
Verbose: (DefaultBlackjackStateMachine) SM action loop finished: FinalizeGame
Debug: (DefaultBlackjackStateMachine) SM init block finally
Passed hit_bust_endsRoundWithDealerWon()
Started stand_entersDealerTurnAfterLastSplitHand()
Verbose: (DefaultBlackjackStateMachine) SM reduce: Stand
Verbose: (DefaultBlackjackStateMachine) SM action loop finished: Stand
Verbose: (DefaultBlackjackStateMachine) SM reduce: RevealDealerHole
Verbose: (DefaultBlackjackStateMachine) SM action loop finished: RevealDealerHole
Verbose: (DefaultBlackjackStateMachine) SM reduce: FinalizeGame
Verbose: (DefaultBlackjackStateMachine) SM action loop finished: FinalizeGame
Debug: (DefaultBlackjackStateMachine) SM init block finally
Passed stand_entersDealerTurnAfterLastSplitHand()
Started hit_routesToSplitHand()
Verbose: (DefaultBlackjackStateMachine) SM reduce: Hit
Verbose: (DefaultBlackjackStateMachine) SM action loop finished: Hit
Debug: (DefaultBlackjackStateMachine) SM init block finally
Passed hit_routesToSplitHand()
Started hit_addsCardToPlayerHand()
Verbose: (DefaultBlackjackStateMachine) SM reduce: Hit
Verbose: (DefaultBlackjackStateMachine) SM action loop finished: Hit
Debug: (DefaultBlackjackStateMachine) SM init block finally
Passed hit_addsCardToPlayerHand()
Completed PlayerActionsTest
Started ActionFailureFeedbackTest
Started testHit_onSplitAces_vibrates()
Verbose: (DefaultBlackjackStateMachine) SM reduce: Hit
Verbose: (DefaultBlackjackStateMachine) SM action loop finished: Hit
Debug: (DefaultBlackjackStateMachine) SM init block finally
Passed testHit_onSplitAces_vibrates()
Started testResetSideBet_missingBet_vibrates()
Verbose: (DefaultBlackjackStateMachine) SM reduce: ResetSideBet(type=PERFECT_PAIRS)
Verbose: (DefaultBlackjackStateMachine) SM action loop finished: ResetSideBet(type=PERFECT_PAIRS)
Debug: (DefaultBlackjackStateMachine) SM init block finally
Passed testResetSideBet_missingBet_vibrates()
Started testDoubleDown_insufficientBalance_vibrates()
Verbose: (DefaultBlackjackStateMachine) SM reduce: DoubleDown
Verbose: (DefaultBlackjackStateMachine) SM action loop finished: DoubleDown
Debug: (DefaultBlackjackStateMachine) SM init block finally
Passed testDoubleDown_insufficientBalance_vibrates()
Started testSurrender_rulesDisabled_vibrates()
Verbose: (DefaultBlackjackStateMachine) SM reduce: Surrender
Verbose: (DefaultBlackjackStateMachine) SM action loop finished: Surrender
Debug: (DefaultBlackjackStateMachine) SM init block finally
Passed testSurrender_rulesDisabled_vibrates()
Started testActionsInWrongStatus_vibrate()
Verbose: (DefaultBlackjackStateMachine) SM reduce: PlaceBet(amount=10, seatIndex=0)
Verbose: (DefaultBlackjackStateMachine) SM action loop finished: PlaceBet(amount=10, seatIndex=0)
Verbose: (DefaultBlackjackStateMachine) SM reduce: SelectHandCount(count=2)
Verbose: (DefaultBlackjackStateMachine) SM action loop finished: SelectHandCount(count=2)
Verbose: (DefaultBlackjackStateMachine) SM reduce: ResetBet
Verbose: (DefaultBlackjackStateMachine) SM action loop finished: ResetBet
Verbose: (DefaultBlackjackStateMachine) SM reduce: Hit
Verbose: (DefaultBlackjackStateMachine) SM action loop finished: Hit
Verbose: (DefaultBlackjackStateMachine) SM reduce: Stand
Verbose: (DefaultBlackjackStateMachine) SM action loop finished: Stand
Verbose: (DefaultBlackjackStateMachine) SM reduce: DoubleDown
Verbose: (DefaultBlackjackStateMachine) SM action loop finished: DoubleDown
Verbose: (DefaultBlackjackStateMachine) SM reduce: Split
Verbose: (DefaultBlackjackStateMachine) SM action loop finished: Split
Verbose: (DefaultBlackjackStateMachine) SM reduce: TakeInsurance
Verbose: (DefaultBlackjackStateMachine) SM action loop finished: TakeInsurance
Debug: (DefaultBlackjackStateMachine) SM init block finally
Debug: (DefaultBlackjackStateMachine) SM init block finally
Debug: (DefaultBlackjackStateMachine) SM init block finally
Debug: (DefaultBlackjackStateMachine) SM init block finally
Debug: (DefaultBlackjackStateMachine) SM init block finally
Debug: (DefaultBlackjackStateMachine) SM init block finally
Debug: (DefaultBlackjackStateMachine) SM init block finally
Debug: (DefaultBlackjackStateMachine) SM init block finally
Passed testActionsInWrongStatus_vibrate()
Started testHit_on21_vibrates()
Verbose: (DefaultBlackjackStateMachine) SM reduce: Hit
Verbose: (DefaultBlackjackStateMachine) SM action loop finished: Hit
Debug: (DefaultBlackjackStateMachine) SM init block finally
Passed testHit_on21_vibrates()
Started testPlaceSideBet_insufficientBalance_vibrates()
Verbose: (DefaultBlackjackStateMachine) SM reduce: PlaceSideBet(type=PERFECT_PAIRS, amount=50)
Verbose: (DefaultBlackjackStateMachine) SM action loop finished: PlaceSideBet(type=PERFECT_PAIRS, amount=50)
Debug: (DefaultBlackjackStateMachine) SM init block finally
Passed testPlaceSideBet_insufficientBalance_vibrates()
Completed ActionFailureFeedbackTest
Started BettingEffectsTest
Started resetSideBetEmitsPlayPlinkSound()
Verbose: (DefaultBlackjackStateMachine) SM reduce: ResetSideBet(type=PERFECT_PAIRS)
Verbose: (DefaultBlackjackStateMachine) SM action loop finished: ResetSideBet(type=PERFECT_PAIRS)
Debug: (DefaultBlackjackStateMachine) SM init block finally
Passed resetSideBetEmitsPlayPlinkSound()
Started placeBetEmitsPlayPlinkSound()
Verbose: (DefaultBlackjackStateMachine) SM reduce: PlaceBet(amount=100, seatIndex=0)
Verbose: (DefaultBlackjackStateMachine) SM action loop finished: PlaceBet(amount=100, seatIndex=0)
Debug: (DefaultBlackjackStateMachine) SM init block finally
Passed placeBetEmitsPlayPlinkSound()
Started resetBetEmitsPlayPlinkSound()
Verbose: (DefaultBlackjackStateMachine) SM reduce: ResetBet
Verbose: (DefaultBlackjackStateMachine) SM action loop finished: ResetBet
Debug: (DefaultBlackjackStateMachine) SM init block finally
Passed resetBetEmitsPlayPlinkSound()
Started invalidBetEmitsVibrate()
Verbose: (DefaultBlackjackStateMachine) SM reduce: PlaceBet(amount=200, seatIndex=0)
Verbose: (DefaultBlackjackStateMachine) SM action loop finished: PlaceBet(amount=200, seatIndex=0)
Debug: (DefaultBlackjackStateMachine) SM init block finally
Passed invalidBetEmitsVibrate()
Started placeSideBetEmitsPlayPlinkSound()
Verbose: (DefaultBlackjackStateMachine) SM reduce: PlaceSideBet(type=PERFECT_PAIRS, amount=50)
Verbose: (DefaultBlackjackStateMachine) SM action loop finished: PlaceSideBet(type=PERFECT_PAIRS, amount=50)
Debug: (DefaultBlackjackStateMachine) SM init block finally
Passed placeSideBetEmitsPlayPlinkSound()
Completed BettingEffectsTest
Started GameStateTest
Started dealerDisplayScore_returnsFullScore_whenPlayerWon()
Passed dealerDisplayScore_returnsFullScore_whenPlayerWon()
Started totalBet_calculatesCorrectly_inBettingPhase()
Passed totalBet_calculatesCorrectly_inBettingPhase()
Started dealerDisplayScore_returnsFullScore_whenPush()
Passed dealerDisplayScore_returnsFullScore_whenPush()
Started dealerDisplayScore_returnsFullScore_whenDealerWon()
Passed dealerDisplayScore_returnsFullScore_whenDealerWon()
Started isDealerSlowRoll_trueWhenDealerBlackjackWithTenValueUpcard()
Passed isDealerSlowRoll_trueWhenDealerBlackjackWithTenValueUpcard()
Started dealerDisplayScore_returnsVisibleScore_duringPlaying()
Passed dealerDisplayScore_returnsVisibleScore_duringPlaying()
Started dealerDisplayScore_returnsFullScore_duringDealerTurn()
Passed dealerDisplayScore_returnsFullScore_duringDealerTurn()
Started isHandActive_matchesActiveHandIndexDuringPlay()
Passed isHandActive_matchesActiveHandIndexDuringPlay()
Started totalBet_excludesSideBets_whenSettled()
Passed totalBet_excludesSideBets_whenSettled()
Started totalBet_calculatesCorrectly_inPlayingPhase()
Passed totalBet_calculatesCorrectly_inPlayingPhase()
Started isPlayingPhase_trueOnlyDuringPlayingStatus()
Passed isPlayingPhase_trueOnlyDuringPlayingStatus()
Started totalBet_isZero_whenNoBets()
Passed totalBet_isZero_whenNoBets()
Started isDealerSlowRoll_trueWhenDealerBlackjackWithAceUpcard()
Passed isDealerSlowRoll_trueWhenDealerBlackjackWithAceUpcard()
Started dealerDisplayScore_returnsVisibleScore_duringDealing()
Passed dealerDisplayScore_returnsVisibleScore_duringDealing()
Started isDealerActive_trueOnlyWhenActiveHandIndexIsNegativeOneDuringPlay()
Passed isDealerActive_trueOnlyWhenActiveHandIndexIsNegativeOneDuringPlay()
Started isDealerSlowRoll_falseWhenDealerDoesNotHaveBlackjack()
Passed isDealerSlowRoll_falseWhenDealerDoesNotHaveBlackjack()
Completed GameStateTest
Started SplitTest
Started split_deductsBalance()
Verbose: (DefaultBlackjackStateMachine) SM reduce: Split
Verbose: (DefaultBlackjackStateMachine) SM action loop finished: Split
Debug: (DefaultBlackjackStateMachine) SM init block finally
Passed split_deductsBalance()
Started split_invalid_afterHit()
Verbose: (DefaultBlackjackStateMachine) SM reduce: Split
Verbose: (DefaultBlackjackStateMachine) SM action loop finished: Split
Debug: (DefaultBlackjackStateMachine) SM init block finally
Passed split_invalid_afterHit()
Started split_invalid_insufficientBalance()
Verbose: (DefaultBlackjackStateMachine) SM reduce: Split
Verbose: (DefaultBlackjackStateMachine) SM action loop finished: Split
Debug: (DefaultBlackjackStateMachine) SM init block finally
Passed split_invalid_insufficientBalance()
Started split_independentPayouts_primaryWinsSplitLoses()
Verbose: (DefaultBlackjackStateMachine) SM reduce: Stand
Verbose: (DefaultBlackjackStateMachine) SM action loop finished: Stand
Verbose: (DefaultBlackjackStateMachine) SM reduce: RevealDealerHole
Verbose: (DefaultBlackjackStateMachine) SM action loop finished: RevealDealerHole
Verbose: (DefaultBlackjackStateMachine) SM reduce: FinalizeGame
Verbose: (DefaultBlackjackStateMachine) SM action loop finished: FinalizeGame
Debug: (DefaultBlackjackStateMachine) SM init block finally
Passed split_independentPayouts_primaryWinsSplitLoses()
Started split_createsTwoHands()
Verbose: (DefaultBlackjackStateMachine) SM reduce: Split
Verbose: (DefaultBlackjackStateMachine) SM action loop finished: Split
Debug: (DefaultBlackjackStateMachine) SM init block finally
Passed split_createsTwoHands()
Started split_independentPayouts_bothWin()
Verbose: (DefaultBlackjackStateMachine) SM reduce: Stand
Verbose: (DefaultBlackjackStateMachine) SM action loop finished: Stand
Verbose: (DefaultBlackjackStateMachine) SM reduce: RevealDealerHole
Verbose: (DefaultBlackjackStateMachine) SM action loop finished: RevealDealerHole
Verbose: (DefaultBlackjackStateMachine) SM reduce: DealerDraw
Verbose: (DefaultBlackjackStateMachine) SM action loop finished: DealerDraw
Verbose: (DefaultBlackjackStateMachine) SM reduce: FinalizeGame
Verbose: (DefaultBlackjackStateMachine) SM action loop finished: FinalizeGame
Debug: (DefaultBlackjackStateMachine) SM init block finally
Passed split_independentPayouts_bothWin()
Started bust_onPrimaryHand_advancesToSplit()
Verbose: (DefaultBlackjackStateMachine) SM reduce: Hit
Verbose: (DefaultBlackjackStateMachine) SM action loop finished: Hit
Debug: (DefaultBlackjackStateMachine) SM init block finally
Passed bust_onPrimaryHand_advancesToSplit()
Started split_invalid_whenAlreadySplit()
Verbose: (DefaultBlackjackStateMachine) SM reduce: Split
Verbose: (DefaultBlackjackStateMachine) SM action loop finished: Split
Debug: (DefaultBlackjackStateMachine) SM init block finally
Passed split_invalid_whenAlreadySplit()
Started split_insertsHandAtActiveIndexPlusOne()
Verbose: (DefaultBlackjackStateMachine) SM reduce: Split
Verbose: (DefaultBlackjackStateMachine) SM action loop finished: Split
Debug: (DefaultBlackjackStateMachine) SM init block finally
Passed split_insertsHandAtActiveIndexPlusOne()
Started splitAce_autoStandsAfterDeal()
Verbose: (DefaultBlackjackStateMachine) SM reduce: Split
Verbose: (DefaultBlackjackStateMachine) SM action loop finished: Split
Verbose: (DefaultBlackjackStateMachine) SM reduce: RevealDealerHole
Verbose: (DefaultBlackjackStateMachine) SM action loop finished: RevealDealerHole
Verbose: (DefaultBlackjackStateMachine) SM reduce: FinalizeGame
Verbose: (DefaultBlackjackStateMachine) SM action loop finished: FinalizeGame
Debug: (DefaultBlackjackStateMachine) SM init block finally
Passed splitAce_autoStandsAfterDeal()
Started splitAce_noExtraHit()
Verbose: (DefaultBlackjackStateMachine) SM reduce: Hit
Verbose: (DefaultBlackjackStateMachine) SM action loop finished: Hit
Debug: (DefaultBlackjackStateMachine) SM init block finally
Passed splitAce_noExtraHit()
Started split_invalid_nonPair()
Verbose: (DefaultBlackjackStateMachine) SM reduce: Split
Verbose: (DefaultBlackjackStateMachine) SM action loop finished: Split
Debug: (DefaultBlackjackStateMachine) SM init block finally
Passed split_invalid_nonPair()
Started splitAce_turnProgression()
Verbose: (DefaultBlackjackStateMachine) SM reduce: Split
Verbose: (DefaultBlackjackStateMachine) SM action loop finished: Split
Debug: (DefaultBlackjackStateMachine) SM init block finally
Passed splitAce_turnProgression()
Completed SplitTest
Started ScoringTest
Started aceValuations()
Passed aceValuations()
Started isBust_falseWhenScoreEqualOrBelow21()
Passed isBust_falseWhenScoreEqualOrBelow21()
Started isBust_trueWhenScoreOver21()
Passed isBust_trueWhenScoreOver21()
Completed ScoringTest
Started BalancePayoutTest
Started blackjackPayout_3to2_oddBet_truncates()
Verbose: (DefaultBlackjackStateMachine) SM reduce: Deal
Verbose: (DefaultBlackjackStateMachine) SM action loop finished: Deal
Verbose: (DefaultBlackjackStateMachine) SM reduce: DealCardToPlayer(seatIndex=0)
Verbose: (DefaultBlackjackStateMachine) SM action loop finished: DealCardToPlayer(seatIndex=0)
Verbose: (DefaultBlackjackStateMachine) SM reduce: DealCardToDealer(faceDown=false)
Verbose: (DefaultBlackjackStateMachine) SM action loop finished: DealCardToDealer(faceDown=false)
Verbose: (DefaultBlackjackStateMachine) SM reduce: DealCardToPlayer(seatIndex=0)
Verbose: (DefaultBlackjackStateMachine) SM action loop finished: DealCardToPlayer(seatIndex=0)
Verbose: (DefaultBlackjackStateMachine) SM reduce: DealCardToDealer(faceDown=true)
Verbose: (DefaultBlackjackStateMachine) SM action loop finished: DealCardToDealer(faceDown=true)
Verbose: (DefaultBlackjackStateMachine) SM reduce: ApplyInitialOutcome
Verbose: (DefaultBlackjackStateMachine) SM action loop finished: ApplyInitialOutcome
Debug: (DefaultBlackjackStateMachine) SM init block finally
Passed blackjackPayout_3to2_oddBet_truncates()
Started blackjackPayout_3to2()
Verbose: (DefaultBlackjackStateMachine) SM reduce: Deal
Verbose: (DefaultBlackjackStateMachine) SM action loop finished: Deal
Verbose: (DefaultBlackjackStateMachine) SM reduce: DealCardToPlayer(seatIndex=0)
Verbose: (DefaultBlackjackStateMachine) SM action loop finished: DealCardToPlayer(seatIndex=0)
Verbose: (DefaultBlackjackStateMachine) SM reduce: DealCardToDealer(faceDown=false)
Verbose: (DefaultBlackjackStateMachine) SM action loop finished: DealCardToDealer(faceDown=false)
Verbose: (DefaultBlackjackStateMachine) SM reduce: DealCardToPlayer(seatIndex=0)
Verbose: (DefaultBlackjackStateMachine) SM action loop finished: DealCardToPlayer(seatIndex=0)
Verbose: (DefaultBlackjackStateMachine) SM reduce: DealCardToDealer(faceDown=true)
Verbose: (DefaultBlackjackStateMachine) SM action loop finished: DealCardToDealer(faceDown=true)
Verbose: (DefaultBlackjackStateMachine) SM reduce: ApplyInitialOutcome
Verbose: (DefaultBlackjackStateMachine) SM action loop finished: ApplyInitialOutcome
Debug: (DefaultBlackjackStateMachine) SM init block finally
Passed blackjackPayout_3to2()
Started blackjackPayout_6to5()
Verbose: (DefaultBlackjackStateMachine) SM reduce: Deal
Verbose: (DefaultBlackjackStateMachine) SM action loop finished: Deal
Verbose: (DefaultBlackjackStateMachine) SM reduce: DealCardToPlayer(seatIndex=0)
Verbose: (DefaultBlackjackStateMachine) SM action loop finished: DealCardToPlayer(seatIndex=0)
Verbose: (DefaultBlackjackStateMachine) SM reduce: DealCardToDealer(faceDown=false)
Verbose: (DefaultBlackjackStateMachine) SM action loop finished: DealCardToDealer(faceDown=false)
Verbose: (DefaultBlackjackStateMachine) SM reduce: DealCardToPlayer(seatIndex=0)
Verbose: (DefaultBlackjackStateMachine) SM action loop finished: DealCardToPlayer(seatIndex=0)
Verbose: (DefaultBlackjackStateMachine) SM reduce: DealCardToDealer(faceDown=true)
Verbose: (DefaultBlackjackStateMachine) SM action loop finished: DealCardToDealer(faceDown=true)
Verbose: (DefaultBlackjackStateMachine) SM reduce: ApplyInitialOutcome
Verbose: (DefaultBlackjackStateMachine) SM action loop finished: ApplyInitialOutcome
Debug: (DefaultBlackjackStateMachine) SM init block finally
Passed blackjackPayout_6to5()
Started surrender_multiHand_allHandsSurrendered_dealerWon()
Verbose: (DefaultBlackjackStateMachine) SM reduce: Surrender
Verbose: (DefaultBlackjackStateMachine) SM action loop finished: Surrender
Verbose: (DefaultBlackjackStateMachine) SM reduce: Surrender
Verbose: (DefaultBlackjackStateMachine) SM action loop finished: Surrender
Verbose: (DefaultBlackjackStateMachine) SM reduce: RevealDealerHole
Verbose: (DefaultBlackjackStateMachine) SM action loop finished: RevealDealerHole
Verbose: (DefaultBlackjackStateMachine) SM reduce: FinalizeGame
Verbose: (DefaultBlackjackStateMachine) SM action loop finished: FinalizeGame
Debug: (DefaultBlackjackStateMachine) SM init block finally
Passed surrender_multiHand_allHandsSurrendered_dealerWon()
Started surrender_multiHand_lastHandGoesToDealerTurn()
Verbose: (DefaultBlackjackStateMachine) SM reduce: Surrender
Verbose: (DefaultBlackjackStateMachine) SM action loop finished: Surrender
Verbose: (DefaultBlackjackStateMachine) SM reduce: RevealDealerHole
Verbose: (DefaultBlackjackStateMachine) SM action loop finished: RevealDealerHole
Verbose: (DefaultBlackjackStateMachine) SM reduce: FinalizeGame
Verbose: (DefaultBlackjackStateMachine) SM action loop finished: FinalizeGame
Debug: (DefaultBlackjackStateMachine) SM init block finally
Passed surrender_multiHand_lastHandGoesToDealerTurn()
Started multiHand_dealerWonIfAllHandsLose()
Verbose: (DefaultBlackjackStateMachine) SM reduce: Stand
Verbose: (DefaultBlackjackStateMachine) SM action loop finished: Stand
Verbose: (DefaultBlackjackStateMachine) SM reduce: RevealDealerHole
Verbose: (DefaultBlackjackStateMachine) SM action loop finished: RevealDealerHole
Verbose: (DefaultBlackjackStateMachine) SM reduce: FinalizeGame
Verbose: (DefaultBlackjackStateMachine) SM action loop finished: FinalizeGame
Debug: (DefaultBlackjackStateMachine) SM init block finally
Passed multiHand_dealerWonIfAllHandsLose()
Started surrender_validOnFirstDecision()
Verbose: (DefaultBlackjackStateMachine) SM reduce: Surrender
Verbose: (DefaultBlackjackStateMachine) SM action loop finished: Surrender
Verbose: (DefaultBlackjackStateMachine) SM reduce: RevealDealerHole
Verbose: (DefaultBlackjackStateMachine) SM action loop finished: RevealDealerHole
Verbose: (DefaultBlackjackStateMachine) SM reduce: FinalizeGame
Verbose: (DefaultBlackjackStateMachine) SM action loop finished: FinalizeGame
Debug: (DefaultBlackjackStateMachine) SM init block finally
Passed surrender_validOnFirstDecision()
Started multiHand_playerWonIfAnyHandWins()
Verbose: (DefaultBlackjackStateMachine) SM reduce: Stand
Verbose: (DefaultBlackjackStateMachine) SM action loop finished: Stand
Verbose: (DefaultBlackjackStateMachine) SM reduce: RevealDealerHole
Verbose: (DefaultBlackjackStateMachine) SM action loop finished: RevealDealerHole
Verbose: (DefaultBlackjackStateMachine) SM reduce: FinalizeGame
Verbose: (DefaultBlackjackStateMachine) SM action loop finished: FinalizeGame
Debug: (DefaultBlackjackStateMachine) SM init block finally
Passed multiHand_playerWonIfAnyHandWins()
Started naturalBlackjack_3to2_multiHand()
Verbose: (DefaultBlackjackStateMachine) SM reduce: Stand
Verbose: (DefaultBlackjackStateMachine) SM action loop finished: Stand
Verbose: (DefaultBlackjackStateMachine) SM reduce: RevealDealerHole
Verbose: (DefaultBlackjackStateMachine) SM action loop finished: RevealDealerHole
Verbose: (DefaultBlackjackStateMachine) SM reduce: FinalizeGame
Verbose: (DefaultBlackjackStateMachine) SM action loop finished: FinalizeGame
Debug: (DefaultBlackjackStateMachine) SM init block finally
Passed naturalBlackjack_3to2_multiHand()
Started multiHand_pushIfAllHandsPush()
Verbose: (DefaultBlackjackStateMachine) SM reduce: Stand
Verbose: (DefaultBlackjackStateMachine) SM action loop finished: Stand
Verbose: (DefaultBlackjackStateMachine) SM reduce: RevealDealerHole
Verbose: (DefaultBlackjackStateMachine) SM action loop finished: RevealDealerHole
Verbose: (DefaultBlackjackStateMachine) SM reduce: FinalizeGame
Verbose: (DefaultBlackjackStateMachine) SM action loop finished: FinalizeGame
Debug: (DefaultBlackjackStateMachine) SM init block finally
Passed multiHand_pushIfAllHandsPush()
Started surrender_noOpWhenRuleDisabled()
Verbose: (DefaultBlackjackStateMachine) SM reduce: Surrender
Verbose: (DefaultBlackjackStateMachine) SM action loop finished: Surrender
Debug: (DefaultBlackjackStateMachine) SM init block finally
Passed surrender_noOpWhenRuleDisabled()
Started surrender_multiHand_firstHandAdvancesToSecondHand()
Verbose: (DefaultBlackjackStateMachine) SM reduce: Surrender
Verbose: (DefaultBlackjackStateMachine) SM action loop finished: Surrender
Verbose: (DefaultBlackjackStateMachine) SM reduce: Stand
Verbose: (DefaultBlackjackStateMachine) SM action loop finished: Stand
Verbose: (DefaultBlackjackStateMachine) SM reduce: RevealDealerHole
Verbose: (DefaultBlackjackStateMachine) SM action loop finished: RevealDealerHole
Verbose: (DefaultBlackjackStateMachine) SM reduce: FinalizeGame
Verbose: (DefaultBlackjackStateMachine) SM action loop finished: FinalizeGame
Debug: (DefaultBlackjackStateMachine) SM init block finally
Passed surrender_multiHand_firstHandAdvancesToSecondHand()
Started multiHand_independentPayouts()
Verbose: (DefaultBlackjackStateMachine) SM reduce: Stand
Verbose: (DefaultBlackjackStateMachine) SM action loop finished: Stand
Verbose: (DefaultBlackjackStateMachine) SM reduce: RevealDealerHole
Verbose: (DefaultBlackjackStateMachine) SM action loop finished: RevealDealerHole
Verbose: (DefaultBlackjackStateMachine) SM reduce: FinalizeGame
Verbose: (DefaultBlackjackStateMachine) SM action loop finished: FinalizeGame
Debug: (DefaultBlackjackStateMachine) SM init block finally
Passed multiHand_independentPayouts()
Started surrender_invalidAfterHit()
Verbose: (DefaultBlackjackStateMachine) SM reduce: Surrender
Verbose: (DefaultBlackjackStateMachine) SM action loop finished: Surrender
Debug: (DefaultBlackjackStateMachine) SM init block finally
Passed surrender_invalidAfterHit()
Completed BalancePayoutTest
Started GameEffectsFlowTest
Started hitToExactly21EmitsPulse21()
Verbose: (DefaultBlackjackStateMachine) SM reduce: Hit
Verbose: (DefaultBlackjackStateMachine) SM action loop finished: Hit
Debug: (DefaultBlackjackStateMachine) SM init block finally
Passed hitToExactly21EmitsPulse21()
Started hitFaceCardEmitsHeavyCardThud()
Verbose: (DefaultBlackjackStateMachine) SM reduce: Hit
Verbose: (DefaultBlackjackStateMachine) SM action loop finished: Hit
Debug: (DefaultBlackjackStateMachine) SM init block finally
Passed hitFaceCardEmitsHeavyCardThud()
Started massiveSideBetWinEmitsBigWin()
Verbose: (DefaultBlackjackStateMachine) SM reduce: Deal
Verbose: (DefaultBlackjackStateMachine) SM action loop finished: Deal
Verbose: (DefaultBlackjackStateMachine) SM reduce: DealCardToPlayer(seatIndex=0)
Verbose: (DefaultBlackjackStateMachine) SM action loop finished: DealCardToPlayer(seatIndex=0)
Verbose: (DefaultBlackjackStateMachine) SM reduce: DealCardToDealer(faceDown=false)
Verbose: (DefaultBlackjackStateMachine) SM action loop finished: DealCardToDealer(faceDown=false)
Verbose: (DefaultBlackjackStateMachine) SM reduce: DealCardToPlayer(seatIndex=0)
Verbose: (DefaultBlackjackStateMachine) SM action loop finished: DealCardToPlayer(seatIndex=0)
Verbose: (DefaultBlackjackStateMachine) SM reduce: DealCardToDealer(faceDown=true)
Verbose: (DefaultBlackjackStateMachine) SM action loop finished: DealCardToDealer(faceDown=true)
Verbose: (DefaultBlackjackStateMachine) SM reduce: ApplyInitialOutcome
Verbose: (DefaultBlackjackStateMachine) SM action loop finished: ApplyInitialOutcome
Debug: (DefaultBlackjackStateMachine) SM init block finally
Passed massiveSideBetWinEmitsBigWin()
Started hitFaceCardEmitsHeavyCardThudNotLightTick()
Verbose: (DefaultBlackjackStateMachine) SM reduce: Hit
Verbose: (DefaultBlackjackStateMachine) SM action loop finished: Hit
Debug: (DefaultBlackjackStateMachine) SM init block finally
Passed hitFaceCardEmitsHeavyCardThudNotLightTick()
Started hitNonFaceCardEmitsLightTick()
Verbose: (DefaultBlackjackStateMachine) SM reduce: Hit
Verbose: (DefaultBlackjackStateMachine) SM action loop finished: Hit
Debug: (DefaultBlackjackStateMachine) SM init block finally
Passed hitNonFaceCardEmitsLightTick()
Started hitToScoreElevenEmitsNearMissHighlight()
Verbose: (DefaultBlackjackStateMachine) SM reduce: Hit
Verbose: (DefaultBlackjackStateMachine) SM action loop finished: Hit
Debug: (DefaultBlackjackStateMachine) SM init block finally
Passed hitToScoreElevenEmitsNearMissHighlight()
Started playerWinEmitsWinPulse()
Verbose: (DefaultBlackjackStateMachine) SM reduce: Stand
Verbose: (DefaultBlackjackStateMachine) SM action loop finished: Stand
Verbose: (DefaultBlackjackStateMachine) SM reduce: RevealDealerHole
Verbose: (DefaultBlackjackStateMachine) SM action loop finished: RevealDealerHole
Verbose: (DefaultBlackjackStateMachine) SM reduce: FinalizeGame
Verbose: (DefaultBlackjackStateMachine) SM action loop finished: FinalizeGame
Debug: (DefaultBlackjackStateMachine) SM init block finally
Passed playerWinEmitsWinPulse()
Started dealerWinEmitsPlayLoseSoundAndVibrate()
Verbose: (DefaultBlackjackStateMachine) SM reduce: Stand
Verbose: (DefaultBlackjackStateMachine) SM action loop finished: Stand
Verbose: (DefaultBlackjackStateMachine) SM reduce: RevealDealerHole
Verbose: (DefaultBlackjackStateMachine) SM action loop finished: RevealDealerHole
Verbose: (DefaultBlackjackStateMachine) SM reduce: FinalizeGame
Verbose: (DefaultBlackjackStateMachine) SM action loop finished: FinalizeGame
Debug: (DefaultBlackjackStateMachine) SM init block finally
Passed dealerWinEmitsPlayLoseSoundAndVibrate()
Started subThresholdSideBetWinEmitsPlayWinSoundNotBigWin()
Verbose: (DefaultBlackjackStateMachine) SM reduce: Deal
Verbose: (DefaultBlackjackStateMachine) SM action loop finished: Deal
Verbose: (DefaultBlackjackStateMachine) SM reduce: DealCardToPlayer(seatIndex=0)
Verbose: (DefaultBlackjackStateMachine) SM action loop finished: DealCardToPlayer(seatIndex=0)
Verbose: (DefaultBlackjackStateMachine) SM reduce: DealCardToDealer(faceDown=false)
Verbose: (DefaultBlackjackStateMachine) SM action loop finished: DealCardToDealer(faceDown=false)
Verbose: (DefaultBlackjackStateMachine) SM reduce: DealCardToPlayer(seatIndex=0)
Verbose: (DefaultBlackjackStateMachine) SM action loop finished: DealCardToPlayer(seatIndex=0)
Verbose: (DefaultBlackjackStateMachine) SM reduce: DealCardToDealer(faceDown=true)
Verbose: (DefaultBlackjackStateMachine) SM action loop finished: DealCardToDealer(faceDown=true)
Verbose: (DefaultBlackjackStateMachine) SM reduce: ApplyInitialOutcome
Verbose: (DefaultBlackjackStateMachine) SM action loop finished: ApplyInitialOutcome
Debug: (DefaultBlackjackStateMachine) SM init block finally
Passed subThresholdSideBetWinEmitsPlayWinSoundNotBigWin()
Started playerWinEmitsPlayWinSound()
Verbose: (DefaultBlackjackStateMachine) SM reduce: Stand
Verbose: (DefaultBlackjackStateMachine) SM action loop finished: Stand
Verbose: (DefaultBlackjackStateMachine) SM reduce: RevealDealerHole
Verbose: (DefaultBlackjackStateMachine) SM action loop finished: RevealDealerHole
Verbose: (DefaultBlackjackStateMachine) SM reduce: FinalizeGame
Verbose: (DefaultBlackjackStateMachine) SM action loop finished: FinalizeGame
Debug: (DefaultBlackjackStateMachine) SM init block finally
Passed playerWinEmitsPlayWinSound()
Started playerBust_emitsCompleteEffectSequence()
Verbose: (DefaultBlackjackStateMachine) SM reduce: Hit
Verbose: (DefaultBlackjackStateMachine) SM action loop finished: Hit
Verbose: (DefaultBlackjackStateMachine) SM reduce: RevealDealerHole
Verbose: (DefaultBlackjackStateMachine) SM action loop finished: RevealDealerHole
Verbose: (DefaultBlackjackStateMachine) SM reduce: FinalizeGame
Verbose: (DefaultBlackjackStateMachine) SM action loop finished: FinalizeGame
Debug: (DefaultBlackjackStateMachine) SM init block finally
Passed playerBust_emitsCompleteEffectSequence()
Started hitEmitsPlayCardSound()
Verbose: (DefaultBlackjackStateMachine) SM reduce: Hit
Verbose: (DefaultBlackjackStateMachine) SM action loop finished: Hit
Debug: (DefaultBlackjackStateMachine) SM init block finally
Passed hitEmitsPlayCardSound()
Completed GameEffectsFlowTest
Started RuleVariationsExpansionTest
Started resetSeatBet_wrongStatus_isIgnored()
Verbose: (DefaultBlackjackStateMachine) SM reduce: ResetSeatBet(seatIndex=0)
Verbose: (DefaultBlackjackStateMachine) SM action loop finished: ResetSeatBet(seatIndex=0)
Debug: (DefaultBlackjackStateMachine) SM init block finally
Passed resetSeatBet_wrongStatus_isIgnored()
Started splitOnValueOnly_disabled_allowsRankMatch()
Passed splitOnValueOnly_disabled_allowsRankMatch()
Started splitOnValueOnly_disabled_blocksRankMismatch()
Passed splitOnValueOnly_disabled_blocksRankMismatch()
Started resetSeatBet_invalidIndex_isIgnored()
Verbose: (DefaultBlackjackStateMachine) SM reduce: ResetSeatBet(seatIndex=1)
Verbose: (DefaultBlackjackStateMachine) SM action loop finished: ResetSeatBet(seatIndex=1)
Debug: (DefaultBlackjackStateMachine) SM init block finally
Passed resetSeatBet_invalidIndex_isIgnored()
Started splitOnValueOnly_enabled_allowsMixedTens()
Passed splitOnValueOnly_enabled_allowsMixedTens()
Started resetSeatBet_refundsSpecificSeat()
Verbose: (DefaultBlackjackStateMachine) SM reduce: ResetSeatBet(seatIndex=1)
Verbose: (DefaultBlackjackStateMachine) SM action loop finished: ResetSeatBet(seatIndex=1)
Debug: (DefaultBlackjackStateMachine) SM init block finally
Passed resetSeatBet_refundsSpecificSeat()
Started splitOnValueOnly_enabled_allowsRankMismatch()
Passed splitOnValueOnly_enabled_allowsRankMismatch()
Completed RuleVariationsExpansionTest
Started SideBetEdgeTest
Started dealer_natural_bj_still_pays_side_bets()
Verbose: (DefaultBlackjackStateMachine) SM reduce: Deal
Verbose: (DefaultBlackjackStateMachine) SM action loop finished: Deal
Verbose: (DefaultBlackjackStateMachine) SM reduce: DealCardToPlayer(seatIndex=0)
Verbose: (DefaultBlackjackStateMachine) SM action loop finished: DealCardToPlayer(seatIndex=0)
Verbose: (DefaultBlackjackStateMachine) SM reduce: DealCardToDealer(faceDown=false)
Verbose: (DefaultBlackjackStateMachine) SM action loop finished: DealCardToDealer(faceDown=false)
Verbose: (DefaultBlackjackStateMachine) SM reduce: DealCardToPlayer(seatIndex=0)
Verbose: (DefaultBlackjackStateMachine) SM action loop finished: DealCardToPlayer(seatIndex=0)
Verbose: (DefaultBlackjackStateMachine) SM reduce: DealCardToDealer(faceDown=true)
Verbose: (DefaultBlackjackStateMachine) SM action loop finished: DealCardToDealer(faceDown=true)
Verbose: (DefaultBlackjackStateMachine) SM reduce: ApplyInitialOutcome
Verbose: (DefaultBlackjackStateMachine) SM action loop finished: ApplyInitialOutcome
Debug: (DefaultBlackjackStateMachine) SM init block finally
Passed dealer_natural_bj_still_pays_side_bets()
Started twentyOnePlusThree_straightFlush_aceLow()
Passed twentyOnePlusThree_straightFlush_aceLow()
Started twentyOnePlusThree_suitedTriple_ace()
Passed twentyOnePlusThree_suitedTriple_ace()
Started perfectPairs_coloredPair_boundaries()
Passed perfectPairs_coloredPair_boundaries()
Started sideBet_only_applies_to_hand_zero()
Verbose: (DefaultBlackjackStateMachine) SM reduce: Deal
Verbose: (DefaultBlackjackStateMachine) SM action loop finished: Deal
Verbose: (DefaultBlackjackStateMachine) SM reduce: DealCardToPlayer(seatIndex=0)
Verbose: (DefaultBlackjackStateMachine) SM action loop finished: DealCardToPlayer(seatIndex=0)
Verbose: (DefaultBlackjackStateMachine) SM reduce: DealCardToPlayer(seatIndex=1)
Verbose: (DefaultBlackjackStateMachine) SM action loop finished: DealCardToPlayer(seatIndex=1)
Verbose: (DefaultBlackjackStateMachine) SM reduce: DealCardToDealer(faceDown=false)
Verbose: (DefaultBlackjackStateMachine) SM action loop finished: DealCardToDealer(faceDown=false)
Verbose: (DefaultBlackjackStateMachine) SM reduce: DealCardToPlayer(seatIndex=0)
Verbose: (DefaultBlackjackStateMachine) SM action loop finished: DealCardToPlayer(seatIndex=0)
Verbose: (DefaultBlackjackStateMachine) SM reduce: DealCardToPlayer(seatIndex=1)
Verbose: (DefaultBlackjackStateMachine) SM action loop finished: DealCardToPlayer(seatIndex=1)
Verbose: (DefaultBlackjackStateMachine) SM reduce: DealCardToDealer(faceDown=true)
Verbose: (DefaultBlackjackStateMachine) SM action loop finished: DealCardToDealer(faceDown=true)
Verbose: (DefaultBlackjackStateMachine) SM reduce: ApplyInitialOutcome
Verbose: (DefaultBlackjackStateMachine) SM action loop finished: ApplyInitialOutcome
Debug: (DefaultBlackjackStateMachine) SM init block finally
Passed sideBet_only_applies_to_hand_zero()
Started placeSideBet_fails_with_insufficient_balance()
Verbose: (DefaultBlackjackStateMachine) SM reduce: PlaceSideBet(type=PERFECT_PAIRS, amount=25)
Verbose: (DefaultBlackjackStateMachine) SM action loop finished: PlaceSideBet(type=PERFECT_PAIRS, amount=25)
Debug: (DefaultBlackjackStateMachine) SM init block finally
Debug: (DefaultBlackjackStateMachine) SM init block finally
Passed placeSideBet_fails_with_insufficient_balance()
Started twentyOnePlusThree_straight_aceHigh()
Passed twentyOnePlusThree_straight_aceHigh()
Completed SideBetEdgeTest
Started HandTest
Started testTension_midForEighteen()
Passed testTension_midForEighteen()
Started testTension_zeroForSafeScores()
Passed testTension_zeroForSafeScores()
Started testVisibleScore_countsOnlyFaceUpCards()
Passed testVisibleScore_countsOnlyFaceUpCards()
Started testTension_maxForTwentyAndAbove()
Passed testTension_maxForTwentyAndAbove()
Started testIsTwentyOne_falseForNonTwentyOneHand()
Passed testIsTwentyOne_falseForNonTwentyOneHand()
Started testVisibleScore_allFaceDown_returnsZero()
Passed testVisibleScore_allFaceDown_returnsZero()
Started testIsSoft_falseForHardSeventeenWithAce()
Passed testIsSoft_falseForHardSeventeenWithAce()
Started testIsSoft_falseForHardSeventeen()
Passed testIsSoft_falseForHardSeventeen()
Started testIsTwentyOne_falseForNaturalBlackjack()
Passed testIsTwentyOne_falseForNaturalBlackjack()
Started testVisibleScore_allFaceUp_matchesScore()
Passed testVisibleScore_allFaceUp_matchesScore()
Started testTension_highForNineteen()
Passed testTension_highForNineteen()
Started testIsSoft_trueForSoftSeventeen()
Passed testIsSoft_trueForSoftSeventeen()
Started testTension_lowForSeventeen()
Passed testTension_lowForSeventeen()
Started testVisibleScore_softensAceCorrectly()
Passed testVisibleScore_softensAceCorrectly()
Started testIsTwentyOne_trueForThreeCardTwentyOne()
Passed testIsTwentyOne_trueForThreeCardTwentyOne()
Completed HandTest
Started DeckGenerationTest
Started createDeck_withDifferentShoeSize()
Passed createDeck_withDifferentShoeSize()
Started createDeck_randomizesOrder()
Passed createDeck_randomizesOrder()
Started createDeck_yieldsCorrectCardCounts()
Passed createDeck_yieldsCorrectCardCounts()
Completed DeckGenerationTest
Started LifecycleActionTest
Started reduce_Deal_isRejectedWhenNoBet()
Passed reduce_Deal_isRejectedWhenNoBet()
Started reduce_Deal_transitionsToDealingWhenValid()
Passed reduce_Deal_transitionsToDealingWhenValid()
Started reduce_NewGame_returnsInitialState()
Passed reduce_NewGame_returnsInitialState()
Completed LifecycleActionTest
Started ActionEnforcementTest
Started split_fails_withInsufficientBalance()
Verbose: (DefaultBlackjackStateMachine) SM reduce: Split
Verbose: (DefaultBlackjackStateMachine) SM action loop finished: Split
Debug: (DefaultBlackjackStateMachine) SM init block finally
Passed split_fails_withInsufficientBalance()
Started takeInsurance_fails_withInsufficientBalance()
Verbose: (DefaultBlackjackStateMachine) SM reduce: TakeInsurance
Verbose: (DefaultBlackjackStateMachine) SM action loop finished: TakeInsurance
Debug: (DefaultBlackjackStateMachine) SM init block finally
Passed takeInsurance_fails_withInsufficientBalance()
Started doubleDown_fails_withInsufficientBalance()
Verbose: (DefaultBlackjackStateMachine) SM reduce: DoubleDown
Verbose: (DefaultBlackjackStateMachine) SM action loop finished: DoubleDown
Debug: (DefaultBlackjackStateMachine) SM init block finally
Passed doubleDown_fails_withInsufficientBalance()
Started split_aces_allows_only_one_card_then_stands()
Verbose: (DefaultBlackjackStateMachine) SM reduce: Split
Verbose: (DefaultBlackjackStateMachine) SM action loop finished: Split
Verbose: (DefaultBlackjackStateMachine) SM reduce: RevealDealerHole
Verbose: (DefaultBlackjackStateMachine) SM action loop finished: RevealDealerHole
Verbose: (DefaultBlackjackStateMachine) SM reduce: FinalizeGame
Verbose: (DefaultBlackjackStateMachine) SM action loop finished: FinalizeGame
Verbose: (DefaultBlackjackStateMachine) SM reduce: Hit
Verbose: (DefaultBlackjackStateMachine) SM action loop finished: Hit
Debug: (DefaultBlackjackStateMachine) SM init block finally
Passed split_aces_allows_only_one_card_then_stands()
Started split_deductsBalance_and_createsSecondHand()
Verbose: (DefaultBlackjackStateMachine) SM reduce: Split
Verbose: (DefaultBlackjackStateMachine) SM action loop finished: Split
Debug: (DefaultBlackjackStateMachine) SM init block finally
Passed split_deductsBalance_and_createsSecondHand()
Completed ActionEnforcementTest
Started PerSeatBettingTest
Started placeBet_allSeats_totalMatchesSumOfBets()
Verbose: (DefaultBlackjackStateMachine) SM reduce: PlaceBet(amount=100, seatIndex=0)
Verbose: (DefaultBlackjackStateMachine) SM action loop finished: PlaceBet(amount=100, seatIndex=0)
Verbose: (DefaultBlackjackStateMachine) SM reduce: PlaceBet(amount=50, seatIndex=1)
Verbose: (DefaultBlackjackStateMachine) SM action loop finished: PlaceBet(amount=50, seatIndex=1)
Verbose: (DefaultBlackjackStateMachine) SM reduce: PlaceBet(amount=200, seatIndex=2)
Verbose: (DefaultBlackjackStateMachine) SM action loop finished: PlaceBet(amount=200, seatIndex=2)
Debug: (DefaultBlackjackStateMachine) SM init block finally
Passed placeBet_allSeats_totalMatchesSumOfBets()
Started handleDeal_playerBets_matchCurrentBets()
Verbose: (DefaultBlackjackStateMachine) SM reduce: Deal
Verbose: (DefaultBlackjackStateMachine) SM action loop finished: Deal
Verbose: (DefaultBlackjackStateMachine) SM reduce: SetDeck(deck=[Card(rank=SEVEN, suit=SPADES, isFaceDown=false), Card(rank=SIX, suit=HEARTS, isFaceDown=false), Card(rank=NINE, suit=DIAMONDS, isFaceDown=false), Card(rank=EIGHT, suit=DIAMONDS, isFaceDown=false), Card(rank=JACK, suit=SPADES, isFaceDown=false), Card(rank=SIX, suit=SPADES, isFaceDown=false), Card(rank=FIVE, suit=DIAMONDS, isFaceDown=false), Card(rank=ACE, suit=HEARTS, isFaceDown=false), Card(rank=NINE, suit=HEARTS, isFaceDown=false), Card(rank=SIX, suit=SPADES, isFaceDown=false), Card(rank=JACK, suit=DIAMONDS, isFaceDown=false), Card(rank=EIGHT, suit=SPADES, isFaceDown=false), Card(rank=QUEEN, suit=CLUBS, isFaceDown=false), Card(rank=TWO, suit=HEARTS, isFaceDown=false), Card(rank=KING, suit=SPADES, isFaceDown=false), Card(rank=THREE, suit=HEARTS, isFaceDown=false), Card(rank=EIGHT, suit=HEARTS, isFaceDown=false), Card(rank=NINE, suit=CLUBS, isFaceDown=false), Card(rank=JACK, suit=CLUBS, isFaceDown=false), Card(rank=NINE, suit=SPADES, isFaceDown=false), Card(rank=THREE, suit=SPADES, isFaceDown=false), Card(rank=THREE, suit=SPADES, isFaceDown=false), Card(rank=TWO, suit=DIAMONDS, isFaceDown=false), Card(rank=QUEEN, suit=SPADES, isFaceDown=false), Card(rank=SEVEN, suit=HEARTS, isFaceDown=false), Card(rank=TEN, suit=SPADES, isFaceDown=false), Card(rank=TEN, suit=HEARTS, isFaceDown=false), Card(rank=QUEEN, suit=HEARTS, isFaceDown=false), Card(rank=TWO, suit=SPADES, isFaceDown=false), Card(rank=SIX, suit=SPADES, isFaceDown=false), Card(rank=FOUR, suit=SPADES, isFaceDown=false), Card(rank=FIVE, suit=HEARTS, isFaceDown=false), Card(rank=JACK, suit=DIAMONDS, isFaceDown=false), Card(rank=TWO, suit=HEARTS, isFaceDown=false), Card(rank=SIX, suit=SPADES, isFaceDown=false), Card(rank=SEVEN, suit=DIAMONDS, isFaceDown=false), Card(rank=THREE, suit=CLUBS, isFaceDown=false), Card(rank=ACE, suit=SPADES, isFaceDown=false), Card(rank=SIX, suit=HEARTS, isFaceDown=false), Card(rank=SEVEN, suit=SPADES, isFaceDown=false), Card(rank=TEN, suit=HEARTS, isFaceDown=false), Card(rank=SEVEN, suit=SPADES, isFaceDown=false), Card(rank=SIX, suit=CLUBS, isFaceDown=false), Card(rank=THREE, suit=CLUBS, isFaceDown=false), Card(rank=KING, suit=HEARTS, isFaceDown=false), Card(rank=JACK, suit=DIAMONDS, isFaceDown=false), Card(rank=FOUR, suit=HEARTS, isFaceDown=false), Card(rank=TEN, suit=SPADES, isFaceDown=false), Card(rank=FIVE, suit=DIAMONDS, isFaceDown=false), Card(rank=TWO, suit=HEARTS, isFaceDown=false), Card(rank=EIGHT, suit=DIAMONDS, isFaceDown=false), Card(rank=TEN, suit=HEARTS, isFaceDown=false), Card(rank=QUEEN, suit=DIAMONDS, isFaceDown=false), Card(rank=EIGHT, suit=HEARTS, isFaceDown=false), Card(rank=TEN, suit=CLUBS, isFaceDown=false), Card(rank=TWO, suit=CLUBS, isFaceDown=false), Card(rank=NINE, suit=HEARTS, isFaceDown=false), Card(rank=TEN, suit=DIAMONDS, isFaceDown=false), Card(rank=JACK, suit=HEARTS, isFaceDown=false), Card(rank=JACK, suit=DIAMONDS, isFaceDown=false), Card(rank=JACK, suit=HEARTS, isFaceDown=false), Card(rank=TWO, suit=SPADES, isFaceDown=false), Card(rank=NINE, suit=SPADES, isFaceDown=false), Card(rank=EIGHT, suit=SPADES, isFaceDown=false), Card(rank=SEVEN, suit=HEARTS, isFaceDown=false), Card(rank=TEN, suit=CLUBS, isFaceDown=false), Card(rank=KING, suit=DIAMONDS, isFaceDown=false), Card(rank=FOUR, suit=SPADES, isFaceDown=false), Card(rank=NINE, suit=HEARTS, isFaceDown=false), Card(rank=SIX, suit=CLUBS, isFaceDown=false), Card(rank=NINE, suit=CLUBS, isFaceDown=false), Card(rank=ACE, suit=CLUBS, isFaceDown=false), Card(rank=FOUR, suit=CLUBS, isFaceDown=false), Card(rank=TWO, suit=DIAMONDS, isFaceDown=false), Card(rank=JACK, suit=HEARTS, isFaceDown=false), Card(rank=FIVE, suit=SPADES, isFaceDown=false), Card(rank=TWO, suit=HEARTS, isFaceDown=false), Card(rank=NINE, suit=DIAMONDS, isFaceDown=false), Card(rank=FIVE, suit=CLUBS, isFaceDown=false), Card(rank=KING, suit=CLUBS, isFaceDown=false), Card(rank=NINE, suit=CLUBS, isFaceDown=false), Card(rank=EIGHT, suit=DIAMONDS, isFaceDown=false), Card(rank=SIX, suit=DIAMONDS, isFaceDown=false), Card(rank=FOUR, suit=CLUBS, isFaceDown=false), Card(rank=SEVEN, suit=HEARTS, isFaceDown=false), Card(rank=TEN, suit=DIAMONDS, isFaceDown=false), Card(rank=QUEEN, suit=SPADES, isFaceDown=false), Card(rank=FOUR, suit=DIAMONDS, isFaceDown=false), Card(rank=KING, suit=SPADES, isFaceDown=false), Card(rank=SIX, suit=HEARTS, isFaceDown=false), Card(rank=KING, suit=CLUBS, isFaceDown=false), Card(rank=FIVE, suit=CLUBS, isFaceDown=false), Card(rank=SEVEN, suit=CLUBS, isFaceDown=false), Card(rank=THREE, suit=DIAMONDS, isFaceDown=false), Card(rank=TWO, suit=HEARTS, isFaceDown=false), Card(rank=FOUR, suit=SPADES, isFaceDown=false), Card(rank=TWO, suit=CLUBS, isFaceDown=false), Card(rank=SEVEN, suit=SPADES, isFaceDown=false), Card(rank=JACK, suit=HEARTS, isFaceDown=false), Card(rank=TWO, suit=CLUBS, isFaceDown=false), Card(rank=FOUR, suit=SPADES, isFaceDown=false), Card(rank=NINE, suit=HEARTS, isFaceDown=false), Card(rank=FOUR, suit=DIAMONDS, isFaceDown=false), Card(rank=THREE, suit=SPADES, isFaceDown=false), Card(rank=KING, suit=HEARTS, isFaceDown=false), Card(rank=QUEEN, suit=DIAMONDS, isFaceDown=false), Card(rank=EIGHT, suit=CLUBS, isFaceDown=false), Card(rank=FIVE, suit=CLUBS, isFaceDown=false), Card(rank=TEN, suit=DIAMONDS, isFaceDown=false), Card(rank=SIX, suit=SPADES, isFaceDown=false), Card(rank=SIX, suit=DIAMONDS, isFaceDown=false), Card(rank=KING, suit=HEARTS, isFaceDown=false), Card(rank=SIX, suit=DIAMONDS, isFaceDown=false), Card(rank=FOUR, suit=SPADES, isFaceDown=false), Card(rank=TEN, suit=CLUBS, isFaceDown=false), Card(rank=KING, suit=SPADES, isFaceDown=false), Card(rank=QUEEN, suit=SPADES, isFaceDown=false), Card(rank=TEN, suit=SPADES, isFaceDown=false), Card(rank=TEN, suit=CLUBS, isFaceDown=false), Card(rank=KING, suit=CLUBS, isFaceDown=false), Card(rank=JACK, suit=SPADES, isFaceDown=false), Card(rank=FIVE, suit=HEARTS, isFaceDown=false), Card(rank=THREE, suit=DIAMONDS, isFaceDown=false), Card(rank=FIVE, suit=HEARTS, isFaceDown=false), Card(rank=TWO, suit=SPADES, isFaceDown=false), Card(rank=QUEEN, suit=HEARTS, isFaceDown=false), Card(rank=TWO, suit=DIAMONDS, isFaceDown=false), Card(rank=ACE, suit=DIAMONDS, isFaceDown=false), Card(rank=FOUR, suit=DIAMONDS, isFaceDown=false), Card(rank=FOUR, suit=HEARTS, isFaceDown=false), Card(rank=EIGHT, suit=SPADES, isFaceDown=false), Card(rank=ACE, suit=SPADES, isFaceDown=false), Card(rank=QUEEN, suit=SPADES, isFaceDown=false), Card(rank=TWO, suit=DIAMONDS, isFaceDown=false), Card(rank=ACE, suit=HEARTS, isFaceDown=false), Card(rank=EIGHT, suit=DIAMONDS, isFaceDown=false), Card(rank=FIVE, suit=SPADES, isFaceDown=false), Card(rank=ACE, suit=DIAMONDS, isFaceDown=false), Card(rank=EIGHT, suit=HEARTS, isFaceDown=false), Card(rank=SIX, suit=HEARTS, isFaceDown=false), Card(rank=ACE, suit=SPADES, isFaceDown=false), Card(rank=ACE, suit=SPADES, isFaceDown=false), Card(rank=THREE, suit=SPADES, isFaceDown=false), Card(rank=SIX, suit=DIAMONDS, isFaceDown=false), Card(rank=ACE, suit=CLUBS, isFaceDown=false), Card(rank=TWO, suit=CLUBS, isFaceDown=false), Card(rank=ACE, suit=HEARTS, isFaceDown=false), Card(rank=JACK, suit=CLUBS, isFaceDown=false), Card(rank=KING, suit=DIAMONDS, isFaceDown=false), Card(rank=NINE, suit=DIAMONDS, isFaceDown=false), Card(rank=SEVEN, suit=HEARTS, isFaceDown=false), Card(rank=JACK, suit=CLUBS, isFaceDown=false), Card(rank=EIGHT, suit=HEARTS, isFaceDown=false), Card(rank=THREE, suit=CLUBS, isFaceDown=false), Card(rank=KING, suit=SPADES, isFaceDown=false), Card(rank=NINE, suit=SPADES, isFaceDown=false), Card(rank=NINE, suit=CLUBS, isFaceDown=false), Card(rank=TWO, suit=HEARTS, isFaceDown=false), Card(rank=SEVEN, suit=CLUBS, isFaceDown=false), Card(rank=NINE, suit=DIAMONDS, isFaceDown=false), Card(rank=FIVE, suit=DIAMONDS, isFaceDown=false), Card(rank=SEVEN, suit=SPADES, isFaceDown=false), Card(rank=EIGHT, suit=CLUBS, isFaceDown=false), Card(rank=TEN, suit=CLUBS, isFaceDown=false), Card(rank=FOUR, suit=HEARTS, isFaceDown=false), Card(rank=JACK, suit=SPADES, isFaceDown=false), Card(rank=FOUR, suit=HEARTS, isFaceDown=false), Card(rank=TEN, suit=DIAMONDS, isFaceDown=false), Card(rank=EIGHT, suit=CLUBS, isFaceDown=false), Card(rank=TWO, suit=SPADES, isFaceDown=false), Card(rank=JACK, suit=SPADES, isFaceDown=false), Card(rank=ACE, suit=HEARTS, isFaceDown=false), Card(rank=SEVEN, suit=DIAMONDS, isFaceDown=false), Card(rank=TEN, suit=DIAMONDS, isFaceDown=false), Card(rank=FOUR, suit=CLUBS, isFaceDown=false), Card(rank=ACE, suit=CLUBS, isFaceDown=false), Card(rank=ACE, suit=DIAMONDS, isFaceDown=false), Card(rank=ACE, suit=SPADES, isFaceDown=false), Card(rank=QUEEN, suit=HEARTS, isFaceDown=false), Card(rank=SEVEN, suit=CLUBS, isFaceDown=false), Card(rank=TWO, suit=CLUBS, isFaceDown=false), Card(rank=FIVE, suit=SPADES, isFaceDown=false), Card(rank=TEN, suit=SPADES, isFaceDown=false), Card(rank=TEN, suit=HEARTS, isFaceDown=false), Card(rank=THREE, suit=SPADES, isFaceDown=false), Card(rank=KING, suit=CLUBS, isFaceDown=false), Card(rank=NINE, suit=SPADES, isFaceDown=false), Card(rank=SEVEN, suit=DIAMONDS, isFaceDown=false), Card(rank=JACK, suit=SPADES, isFaceDown=false), Card(rank=ACE, suit=CLUBS, isFaceDown=false), Card(rank=THREE, suit=HEARTS, isFaceDown=false), Card(rank=SEVEN, suit=DIAMONDS, isFaceDown=false), Card(rank=QUEEN, suit=CLUBS, isFaceDown=false), Card(rank=SIX, suit=CLUBS, isFaceDown=false), Card(rank=SIX, suit=HEARTS, isFaceDown=false), Card(rank=EIGHT, suit=SPADES, isFaceDown=false), Card(rank=EIGHT, suit=SPADES, isFaceDown=false), Card(rank=QUEEN, suit=CLUBS, isFaceDown=false), Card(rank=FOUR, suit=SPADES, isFaceDown=false), Card(rank=FIVE, suit=CLUBS, isFaceDown=false), Card(rank=THREE, suit=SPADES, isFaceDown=false), Card(rank=JACK, suit=CLUBS, isFaceDown=false), Card(rank=THREE, suit=DIAMONDS, isFaceDown=false), Card(rank=SEVEN, suit=CLUBS, isFaceDown=false), Card(rank=KING, suit=HEARTS, isFaceDown=false), Card(rank=TWO, suit=SPADES, isFaceDown=false), Card(rank=NINE, suit=CLUBS, isFaceDown=false), Card(rank=FIVE, suit=SPADES, isFaceDown=false), Card(rank=FIVE, suit=SPADES, isFaceDown=false), Card(rank=NINE, suit=HEARTS, isFaceDown=false), Card(rank=QUEEN, suit=DIAMONDS, isFaceDown=false), Card(rank=TEN, suit=DIAMONDS, isFaceDown=false), Card(rank=EIGHT, suit=CLUBS, isFaceDown=false), Card(rank=QUEEN, suit=DIAMONDS, isFaceDown=false), Card(rank=THREE, suit=DIAMONDS, isFaceDown=false), Card(rank=THREE, suit=HEARTS, isFaceDown=false), Card(rank=FIVE, suit=CLUBS, isFaceDown=false), Card(rank=SEVEN, suit=CLUBS, isFaceDown=false), Card(rank=KING, suit=HEARTS, isFaceDown=false), Card(rank=TEN, suit=HEARTS, isFaceDown=false), Card(rank=QUEEN, suit=CLUBS, isFaceDown=false), Card(rank=NINE, suit=SPADES, isFaceDown=false), Card(rank=JACK, suit=CLUBS, isFaceDown=false), Card(rank=SIX, suit=CLUBS, isFaceDown=false), Card(rank=ACE, suit=SPADES, isFaceDown=false), Card(rank=TEN, suit=CLUBS, isFaceDown=false), Card(rank=TEN, suit=HEARTS, isFaceDown=false), Card(rank=QUEEN, suit=DIAMONDS, isFaceDown=false), Card(rank=FIVE, suit=CLUBS, isFaceDown=false), Card(rank=NINE, suit=SPADES, isFaceDown=false), Card(rank=TEN, suit=SPADES, isFaceDown=false), Card(rank=KING, suit=CLUBS, isFaceDown=false), Card(rank=JACK, suit=SPADES, isFaceDown=false), Card(rank=ACE, suit=DIAMONDS, isFaceDown=false), Card(rank=KING, suit=SPADES, isFaceDown=false), Card(rank=FOUR, suit=DIAMONDS, isFaceDown=false), Card(rank=FOUR, suit=DIAMONDS, isFaceDown=false), Card(rank=FOUR, suit=HEARTS, isFaceDown=false), Card(rank=THREE, suit=CLUBS, isFaceDown=false), Card(rank=FOUR, suit=CLUBS, isFaceDown=false), Card(rank=ACE, suit=HEARTS, isFaceDown=false), Card(rank=KING, suit=DIAMONDS, isFaceDown=false), Card(rank=TWO, suit=SPADES, isFaceDown=false), Card(rank=FIVE, suit=DIAMONDS, isFaceDown=false), Card(rank=KING, suit=DIAMONDS, isFaceDown=false), Card(rank=FOUR, suit=CLUBS, isFaceDown=false), Card(rank=SEVEN, suit=DIAMONDS, isFaceDown=false), Card(rank=NINE, suit=CLUBS, isFaceDown=false), Card(rank=SEVEN, suit=HEARTS, isFaceDown=false), Card(rank=QUEEN, suit=SPADES, isFaceDown=false), Card(rank=KING, suit=CLUBS, isFaceDown=false), Card(rank=THREE, suit=HEARTS, isFaceDown=false), Card(rank=TWO, suit=DIAMONDS, isFaceDown=false), Card(rank=EIGHT, suit=CLUBS, isFaceDown=false), Card(rank=FOUR, suit=CLUBS, isFaceDown=false), Card(rank=FIVE, suit=DIAMONDS, isFaceDown=false), Card(rank=EIGHT, suit=DIAMONDS, isFaceDown=false), Card(rank=THREE, suit=CLUBS, isFaceDown=false), Card(rank=NINE, suit=HEARTS, isFaceDown=false), Card(rank=ACE, suit=CLUBS, isFaceDown=false), Card(rank=JACK, suit=HEARTS, isFaceDown=false), Card(rank=SIX, suit=DIAMONDS, isFaceDown=false), Card(rank=EIGHT, suit=CLUBS, isFaceDown=false), Card(rank=SIX, suit=CLUBS, isFaceDown=false), Card(rank=SEVEN, suit=CLUBS, isFaceDown=false), Card(rank=FIVE, suit=DIAMONDS, isFaceDown=false), Card(rank=THREE, suit=HEARTS, isFaceDown=false), Card(rank=JACK, suit=DIAMONDS, isFaceDown=false), Card(rank=TEN, suit=SPADES, isFaceDown=false), Card(rank=QUEEN, suit=CLUBS, isFaceDown=false), Card(rank=SIX, suit=CLUBS, isFaceDown=false), Card(rank=THREE, suit=HEARTS, isFaceDown=false), Card(rank=KING, suit=DIAMONDS, isFaceDown=false), Card(rank=NINE, suit=DIAMONDS, isFaceDown=false), Card(rank=THREE, suit=DIAMONDS, isFaceDown=false), Card(rank=ACE, suit=CLUBS, isFaceDown=false), Card(rank=FIVE, suit=HEARTS, isFaceDown=false), Card(rank=ACE, suit=HEARTS, isFaceDown=false), Card(rank=QUEEN, suit=DIAMONDS, isFaceDown=false), Card(rank=JACK, suit=DIAMONDS, isFaceDown=false), Card(rank=QUEEN, suit=HEARTS, isFaceDown=false), Card(rank=QUEEN, suit=HEARTS, isFaceDown=false), Card(rank=TWO, suit=DIAMONDS, isFaceDown=false), Card(rank=JACK, suit=HEARTS, isFaceDown=false), Card(rank=KING, suit=DIAMONDS, isFaceDown=false), Card(rank=QUEEN, suit=CLUBS, isFaceDown=false), Card(rank=SIX, suit=DIAMONDS, isFaceDown=false), Card(rank=FIVE, suit=SPADES, isFaceDown=false), Card(rank=FIVE, suit=HEARTS, isFaceDown=false), Card(rank=QUEEN, suit=SPADES, isFaceDown=false), Card(rank=FOUR, suit=HEARTS, isFaceDown=false), Card(rank=EIGHT, suit=HEARTS, isFaceDown=false), Card(rank=EIGHT, suit=DIAMONDS, isFaceDown=false), Card(rank=SIX, suit=HEARTS, isFaceDown=false), Card(rank=KING, suit=SPADES, isFaceDown=false), Card(rank=EIGHT, suit=SPADES, isFaceDown=false), Card(rank=SEVEN, suit=DIAMONDS, isFaceDown=false), Card(rank=FOUR, suit=DIAMONDS, isFaceDown=false), Card(rank=SEVEN, suit=SPADES, isFaceDown=false), Card(rank=TWO, suit=CLUBS, isFaceDown=false), Card(rank=EIGHT, suit=HEARTS, isFaceDown=false), Card(rank=THREE, suit=DIAMONDS, isFaceDown=false), Card(rank=KING, suit=HEARTS, isFaceDown=false), Card(rank=FIVE, suit=HEARTS, isFaceDown=false), Card(rank=QUEEN, suit=HEARTS, isFaceDown=false), Card(rank=SEVEN, suit=HEARTS, isFaceDown=false), Card(rank=JACK, suit=CLUBS, isFaceDown=false), Card(rank=ACE, suit=DIAMONDS, isFaceDown=false), Card(rank=SIX, suit=SPADES, isFaceDown=false), Card(rank=ACE, suit=DIAMONDS, isFaceDown=false), Card(rank=THREE, suit=CLUBS, isFaceDown=false), Card(rank=NINE, suit=DIAMONDS, isFaceDown=false)])
Verbose: (DefaultBlackjackStateMachine) SM action loop finished: SetDeck(deck=[Card(rank=SEVEN, suit=SPADES, isFaceDown=false), Card(rank=SIX, suit=HEARTS, isFaceDown=false), Card(rank=NINE, suit=DIAMONDS, isFaceDown=false), Card(rank=EIGHT, suit=DIAMONDS, isFaceDown=false), Card(rank=JACK, suit=SPADES, isFaceDown=false), Card(rank=SIX, suit=SPADES, isFaceDown=false), Card(rank=FIVE, suit=DIAMONDS, isFaceDown=false), Card(rank=ACE, suit=HEARTS, isFaceDown=false), Card(rank=NINE, suit=HEARTS, isFaceDown=false), Card(rank=SIX, suit=SPADES, isFaceDown=false), Card(rank=JACK, suit=DIAMONDS, isFaceDown=false), Card(rank=EIGHT, suit=SPADES, isFaceDown=false), Card(rank=QUEEN, suit=CLUBS, isFaceDown=false), Card(rank=TWO, suit=HEARTS, isFaceDown=false), Card(rank=KING, suit=SPADES, isFaceDown=false), Card(rank=THREE, suit=HEARTS, isFaceDown=false), Card(rank=EIGHT, suit=HEARTS, isFaceDown=false), Card(rank=NINE, suit=CLUBS, isFaceDown=false), Card(rank=JACK, suit=CLUBS, isFaceDown=false), Card(rank=NINE, suit=SPADES, isFaceDown=false), Card(rank=THREE, suit=SPADES, isFaceDown=false), Card(rank=THREE, suit=SPADES, isFaceDown=false), Card(rank=TWO, suit=DIAMONDS, isFaceDown=false), Card(rank=QUEEN, suit=SPADES, isFaceDown=false), Card(rank=SEVEN, suit=HEARTS, isFaceDown=false), Card(rank=TEN, suit=SPADES, isFaceDown=false), Card(rank=TEN, suit=HEARTS, isFaceDown=false), Card(rank=QUEEN, suit=HEARTS, isFaceDown=false), Card(rank=TWO, suit=SPADES, isFaceDown=false), Card(rank=SIX, suit=SPADES, isFaceDown=false), Card(rank=FOUR, suit=SPADES, isFaceDown=false), Card(rank=FIVE, suit=HEARTS, isFaceDown=false), Card(rank=JACK, suit=DIAMONDS, isFaceDown=false), Card(rank=TWO, suit=HEARTS, isFaceDown=false), Card(rank=SIX, suit=SPADES, isFaceDown=false), Card(rank=SEVEN, suit=DIAMONDS, isFaceDown=false), Card(rank=THREE, suit=CLUBS, isFaceDown=false), Card(rank=ACE, suit=SPADES, isFaceDown=false), Card(rank=SIX, suit=HEARTS, isFaceDown=false), Card(rank=SEVEN, suit=SPADES, isFaceDown=false), Card(rank=TEN, suit=HEARTS, isFaceDown=false), Card(rank=SEVEN, suit=SPADES, isFaceDown=false), Card(rank=SIX, suit=CLUBS, isFaceDown=false), Card(rank=THREE, suit=CLUBS, isFaceDown=false), Card(rank=KING, suit=HEARTS, isFaceDown=false), Card(rank=JACK, suit=DIAMONDS, isFaceDown=false), Card(rank=FOUR, suit=HEARTS, isFaceDown=false), Card(rank=TEN, suit=SPADES, isFaceDown=false), Card(rank=FIVE, suit=DIAMONDS, isFaceDown=false), Card(rank=TWO, suit=HEARTS, isFaceDown=false), Card(rank=EIGHT, suit=DIAMONDS, isFaceDown=false), Card(rank=TEN, suit=HEARTS, isFaceDown=false), Card(rank=QUEEN, suit=DIAMONDS, isFaceDown=false), Card(rank=EIGHT, suit=HEARTS, isFaceDown=false), Card(rank=TEN, suit=CLUBS, isFaceDown=false), Card(rank=TWO, suit=CLUBS, isFaceDown=false), Card(rank=NINE, suit=HEARTS, isFaceDown=false), Card(rank=TEN, suit=DIAMONDS, isFaceDown=false), Card(rank=JACK, suit=HEARTS, isFaceDown=false), Card(rank=JACK, suit=DIAMONDS, isFaceDown=false), Card(rank=JACK, suit=HEARTS, isFaceDown=false), Card(rank=TWO, suit=SPADES, isFaceDown=false), Card(rank=NINE, suit=SPADES, isFaceDown=false), Card(rank=EIGHT, suit=SPADES, isFaceDown=false), Card(rank=SEVEN, suit=HEARTS, isFaceDown=false), Card(rank=TEN, suit=CLUBS, isFaceDown=false), Card(rank=KING, suit=DIAMONDS, isFaceDown=false), Card(rank=FOUR, suit=SPADES, isFaceDown=false), Card(rank=NINE, suit=HEARTS, isFaceDown=false), Card(rank=SIX, suit=CLUBS, isFaceDown=false), Card(rank=NINE, suit=CLUBS, isFaceDown=false), Card(rank=ACE, suit=CLUBS, isFaceDown=false), Card(rank=FOUR, suit=CLUBS, isFaceDown=false), Card(rank=TWO, suit=DIAMONDS, isFaceDown=false), Card(rank=JACK, suit=HEARTS, isFaceDown=false), Card(rank=FIVE, suit=SPADES, isFaceDown=false), Card(rank=TWO, suit=HEARTS, isFaceDown=false), Card(rank=NINE, suit=DIAMONDS, isFaceDown=false), Card(rank=FIVE, suit=CLUBS, isFaceDown=false), Card(rank=KING, suit=CLUBS, isFaceDown=false), Card(rank=NINE, suit=CLUBS, isFaceDown=false), Card(rank=EIGHT, suit=DIAMONDS, isFaceDown=false), Card(rank=SIX, suit=DIAMONDS, isFaceDown=false), Card(rank=FOUR, suit=CLUBS, isFaceDown=false), Card(rank=SEVEN, suit=HEARTS, isFaceDown=false), Card(rank=TEN, suit=DIAMONDS, isFaceDown=false), Card(rank=QUEEN, suit=SPADES, isFaceDown=false), Card(rank=FOUR, suit=DIAMONDS, isFaceDown=false), Card(rank=KING, suit=SPADES, isFaceDown=false), Card(rank=SIX, suit=HEARTS, isFaceDown=false), Card(rank=KING, suit=CLUBS, isFaceDown=false), Card(rank=FIVE, suit=CLUBS, isFaceDown=false), Card(rank=SEVEN, suit=CLUBS, isFaceDown=false), Card(rank=THREE, suit=DIAMONDS, isFaceDown=false), Card(rank=TWO, suit=HEARTS, isFaceDown=false), Card(rank=FOUR, suit=SPADES, isFaceDown=false), Card(rank=TWO, suit=CLUBS, isFaceDown=false), Card(rank=SEVEN, suit=SPADES, isFaceDown=false), Card(rank=JACK, suit=HEARTS, isFaceDown=false), Card(rank=TWO, suit=CLUBS, isFaceDown=false), Card(rank=FOUR, suit=SPADES, isFaceDown=false), Card(rank=NINE, suit=HEARTS, isFaceDown=false), Card(rank=FOUR, suit=DIAMONDS, isFaceDown=false), Card(rank=THREE, suit=SPADES, isFaceDown=false), Card(rank=KING, suit=HEARTS, isFaceDown=false), Card(rank=QUEEN, suit=DIAMONDS, isFaceDown=false), Card(rank=EIGHT, suit=CLUBS, isFaceDown=false), Card(rank=FIVE, suit=CLUBS, isFaceDown=false), Card(rank=TEN, suit=DIAMONDS, isFaceDown=false), Card(rank=SIX, suit=SPADES, isFaceDown=false), Card(rank=SIX, suit=DIAMONDS, isFaceDown=false), Card(rank=KING, suit=HEARTS, isFaceDown=false), Card(rank=SIX, suit=DIAMONDS, isFaceDown=false), Card(rank=FOUR, suit=SPADES, isFaceDown=false), Card(rank=TEN, suit=CLUBS, isFaceDown=false), Card(rank=KING, suit=SPADES, isFaceDown=false), Card(rank=QUEEN, suit=SPADES, isFaceDown=false), Card(rank=TEN, suit=SPADES, isFaceDown=false), Card(rank=TEN, suit=CLUBS, isFaceDown=false), Card(rank=KING, suit=CLUBS, isFaceDown=false), Card(rank=JACK, suit=SPADES, isFaceDown=false), Card(rank=FIVE, suit=HEARTS, isFaceDown=false), Card(rank=THREE, suit=DIAMONDS, isFaceDown=false), Card(rank=FIVE, suit=HEARTS, isFaceDown=false), Card(rank=TWO, suit=SPADES, isFaceDown=false), Card(rank=QUEEN, suit=HEARTS, isFaceDown=false), Card(rank=TWO, suit=DIAMONDS, isFaceDown=false), Card(rank=ACE, suit=DIAMONDS, isFaceDown=false), Card(rank=FOUR, suit=DIAMONDS, isFaceDown=false), Card(rank=FOUR, suit=HEARTS, isFaceDown=false), Card(rank=EIGHT, suit=SPADES, isFaceDown=false), Card(rank=ACE, suit=SPADES, isFaceDown=false), Card(rank=QUEEN, suit=SPADES, isFaceDown=false), Card(rank=TWO, suit=DIAMONDS, isFaceDown=false), Card(rank=ACE, suit=HEARTS, isFaceDown=false), Card(rank=EIGHT, suit=DIAMONDS, isFaceDown=false), Card(rank=FIVE, suit=SPADES, isFaceDown=false), Card(rank=ACE, suit=DIAMONDS, isFaceDown=false), Card(rank=EIGHT, suit=HEARTS, isFaceDown=false), Card(rank=SIX, suit=HEARTS, isFaceDown=false), Card(rank=ACE, suit=SPADES, isFaceDown=false), Card(rank=ACE, suit=SPADES, isFaceDown=false), Card(rank=THREE, suit=SPADES, isFaceDown=false), Card(rank=SIX, suit=DIAMONDS, isFaceDown=false), Card(rank=ACE, suit=CLUBS, isFaceDown=false), Card(rank=TWO, suit=CLUBS, isFaceDown=false), Card(rank=ACE, suit=HEARTS, isFaceDown=false), Card(rank=JACK, suit=CLUBS, isFaceDown=false), Card(rank=KING, suit=DIAMONDS, isFaceDown=false), Card(rank=NINE, suit=DIAMONDS, isFaceDown=false), Card(rank=SEVEN, suit=HEARTS, isFaceDown=false), Card(rank=JACK, suit=CLUBS, isFaceDown=false), Card(rank=EIGHT, suit=HEARTS, isFaceDown=false), Card(rank=THREE, suit=CLUBS, isFaceDown=false), Card(rank=KING, suit=SPADES, isFaceDown=false), Card(rank=NINE, suit=SPADES, isFaceDown=false), Card(rank=NINE, suit=CLUBS, isFaceDown=false), Card(rank=TWO, suit=HEARTS, isFaceDown=false), Card(rank=SEVEN, suit=CLUBS, isFaceDown=false), Card(rank=NINE, suit=DIAMONDS, isFaceDown=false), Card(rank=FIVE, suit=DIAMONDS, isFaceDown=false), Card(rank=SEVEN, suit=SPADES, isFaceDown=false), Card(rank=EIGHT, suit=CLUBS, isFaceDown=false), Card(rank=TEN, suit=CLUBS, isFaceDown=false), Card(rank=FOUR, suit=HEARTS, isFaceDown=false), Card(rank=JACK, suit=SPADES, isFaceDown=false), Card(rank=FOUR, suit=HEARTS, isFaceDown=false), Card(rank=TEN, suit=DIAMONDS, isFaceDown=false), Card(rank=EIGHT, suit=CLUBS, isFaceDown=false), Card(rank=TWO, suit=SPADES, isFaceDown=false), Card(rank=JACK, suit=SPADES, isFaceDown=false), Card(rank=ACE, suit=HEARTS, isFaceDown=false), Card(rank=SEVEN, suit=DIAMONDS, isFaceDown=false), Card(rank=TEN, suit=DIAMONDS, isFaceDown=false), Card(rank=FOUR, suit=CLUBS, isFaceDown=false), Card(rank=ACE, suit=CLUBS, isFaceDown=false), Card(rank=ACE, suit=DIAMONDS, isFaceDown=false), Card(rank=ACE, suit=SPADES, isFaceDown=false), Card(rank=QUEEN, suit=HEARTS, isFaceDown=false), Card(rank=SEVEN, suit=CLUBS, isFaceDown=false), Card(rank=TWO, suit=CLUBS, isFaceDown=false), Card(rank=FIVE, suit=SPADES, isFaceDown=false), Card(rank=TEN, suit=SPADES, isFaceDown=false), Card(rank=TEN, suit=HEARTS, isFaceDown=false), Card(rank=THREE, suit=SPADES, isFaceDown=false), Card(rank=KING, suit=CLUBS, isFaceDown=false), Card(rank=NINE, suit=SPADES, isFaceDown=false), Card(rank=SEVEN, suit=DIAMONDS, isFaceDown=false), Card(rank=JACK, suit=SPADES, isFaceDown=false), Card(rank=ACE, suit=CLUBS, isFaceDown=false), Card(rank=THREE, suit=HEARTS, isFaceDown=false), Card(rank=SEVEN, suit=DIAMONDS, isFaceDown=false), Card(rank=QUEEN, suit=CLUBS, isFaceDown=false), Card(rank=SIX, suit=CLUBS, isFaceDown=false), Card(rank=SIX, suit=HEARTS, isFaceDown=false), Card(rank=EIGHT, suit=SPADES, isFaceDown=false), Card(rank=EIGHT, suit=SPADES, isFaceDown=false), Card(rank=QUEEN, suit=CLUBS, isFaceDown=false), Card(rank=FOUR, suit=SPADES, isFaceDown=false), Card(rank=FIVE, suit=CLUBS, isFaceDown=false), Card(rank=THREE, suit=SPADES, isFaceDown=false), Card(rank=JACK, suit=CLUBS, isFaceDown=false), Card(rank=THREE, suit=DIAMONDS, isFaceDown=false), Card(rank=SEVEN, suit=CLUBS, isFaceDown=false), Card(rank=KING, suit=HEARTS, isFaceDown=false), Card(rank=TWO, suit=SPADES, isFaceDown=false), Card(rank=NINE, suit=CLUBS, isFaceDown=false), Card(rank=FIVE, suit=SPADES, isFaceDown=false), Card(rank=FIVE, suit=SPADES, isFaceDown=false), Card(rank=NINE, suit=HEARTS, isFaceDown=false), Card(rank=QUEEN, suit=DIAMONDS, isFaceDown=false), Card(rank=TEN, suit=DIAMONDS, isFaceDown=false), Card(rank=EIGHT, suit=CLUBS, isFaceDown=false), Card(rank=QUEEN, suit=DIAMONDS, isFaceDown=false), Card(rank=THREE, suit=DIAMONDS, isFaceDown=false), Card(rank=THREE, suit=HEARTS, isFaceDown=false), Card(rank=FIVE, suit=CLUBS, isFaceDown=false), Card(rank=SEVEN, suit=CLUBS, isFaceDown=false), Card(rank=KING, suit=HEARTS, isFaceDown=false), Card(rank=TEN, suit=HEARTS, isFaceDown=false), Card(rank=QUEEN, suit=CLUBS, isFaceDown=false), Card(rank=NINE, suit=SPADES, isFaceDown=false), Card(rank=JACK, suit=CLUBS, isFaceDown=false), Card(rank=SIX, suit=CLUBS, isFaceDown=false), Card(rank=ACE, suit=SPADES, isFaceDown=false), Card(rank=TEN, suit=CLUBS, isFaceDown=false), Card(rank=TEN, suit=HEARTS, isFaceDown=false), Card(rank=QUEEN, suit=DIAMONDS, isFaceDown=false), Card(rank=FIVE, suit=CLUBS, isFaceDown=false), Card(rank=NINE, suit=SPADES, isFaceDown=false), Card(rank=TEN, suit=SPADES, isFaceDown=false), Card(rank=KING, suit=CLUBS, isFaceDown=false), Card(rank=JACK, suit=SPADES, isFaceDown=false), Card(rank=ACE, suit=DIAMONDS, isFaceDown=false), Card(rank=KING, suit=SPADES, isFaceDown=false), Card(rank=FOUR, suit=DIAMONDS, isFaceDown=false), Card(rank=FOUR, suit=DIAMONDS, isFaceDown=false), Card(rank=FOUR, suit=HEARTS, isFaceDown=false), Card(rank=THREE, suit=CLUBS, isFaceDown=false), Card(rank=FOUR, suit=CLUBS, isFaceDown=false), Card(rank=ACE, suit=HEARTS, isFaceDown=false), Card(rank=KING, suit=DIAMONDS, isFaceDown=false), Card(rank=TWO, suit=SPADES, isFaceDown=false), Card(rank=FIVE, suit=DIAMONDS, isFaceDown=false), Card(rank=KING, suit=DIAMONDS, isFaceDown=false), Card(rank=FOUR, suit=CLUBS, isFaceDown=false), Card(rank=SEVEN, suit=DIAMONDS, isFaceDown=false), Card(rank=NINE, suit=CLUBS, isFaceDown=false), Card(rank=SEVEN, suit=HEARTS, isFaceDown=false), Card(rank=QUEEN, suit=SPADES, isFaceDown=false), Card(rank=KING, suit=CLUBS, isFaceDown=false), Card(rank=THREE, suit=HEARTS, isFaceDown=false), Card(rank=TWO, suit=DIAMONDS, isFaceDown=false), Card(rank=EIGHT, suit=CLUBS, isFaceDown=false), Card(rank=FOUR, suit=CLUBS, isFaceDown=false), Card(rank=FIVE, suit=DIAMONDS, isFaceDown=false), Card(rank=EIGHT, suit=DIAMONDS, isFaceDown=false), Card(rank=THREE, suit=CLUBS, isFaceDown=false), Card(rank=NINE, suit=HEARTS, isFaceDown=false), Card(rank=ACE, suit=CLUBS, isFaceDown=false), Card(rank=JACK, suit=HEARTS, isFaceDown=false), Card(rank=SIX, suit=DIAMONDS, isFaceDown=false), Card(rank=EIGHT, suit=CLUBS, isFaceDown=false), Card(rank=SIX, suit=CLUBS, isFaceDown=false), Card(rank=SEVEN, suit=CLUBS, isFaceDown=false), Card(rank=FIVE, suit=DIAMONDS, isFaceDown=false), Card(rank=THREE, suit=HEARTS, isFaceDown=false), Card(rank=JACK, suit=DIAMONDS, isFaceDown=false), Card(rank=TEN, suit=SPADES, isFaceDown=false), Card(rank=QUEEN, suit=CLUBS, isFaceDown=false), Card(rank=SIX, suit=CLUBS, isFaceDown=false), Card(rank=THREE, suit=HEARTS, isFaceDown=false), Card(rank=KING, suit=DIAMONDS, isFaceDown=false), Card(rank=NINE, suit=DIAMONDS, isFaceDown=false), Card(rank=THREE, suit=DIAMONDS, isFaceDown=false), Card(rank=ACE, suit=CLUBS, isFaceDown=false), Card(rank=FIVE, suit=HEARTS, isFaceDown=false), Card(rank=ACE, suit=HEARTS, isFaceDown=false), Card(rank=QUEEN, suit=DIAMONDS, isFaceDown=false), Card(rank=JACK, suit=DIAMONDS, isFaceDown=false), Card(rank=QUEEN, suit=HEARTS, isFaceDown=false), Card(rank=QUEEN, suit=HEARTS, isFaceDown=false), Card(rank=TWO, suit=DIAMONDS, isFaceDown=false), Card(rank=JACK, suit=HEARTS, isFaceDown=false), Card(rank=KING, suit=DIAMONDS, isFaceDown=false), Card(rank=QUEEN, suit=CLUBS, isFaceDown=false), Card(rank=SIX, suit=DIAMONDS, isFaceDown=false), Card(rank=FIVE, suit=SPADES, isFaceDown=false), Card(rank=FIVE, suit=HEARTS, isFaceDown=false), Card(rank=QUEEN, suit=SPADES, isFaceDown=false), Card(rank=FOUR, suit=HEARTS, isFaceDown=false), Card(rank=EIGHT, suit=HEARTS, isFaceDown=false), Card(rank=EIGHT, suit=DIAMONDS, isFaceDown=false), Card(rank=SIX, suit=HEARTS, isFaceDown=false), Card(rank=KING, suit=SPADES, isFaceDown=false), Card(rank=EIGHT, suit=SPADES, isFaceDown=false), Card(rank=SEVEN, suit=DIAMONDS, isFaceDown=false), Card(rank=FOUR, suit=DIAMONDS, isFaceDown=false), Card(rank=SEVEN, suit=SPADES, isFaceDown=false), Card(rank=TWO, suit=CLUBS, isFaceDown=false), Card(rank=EIGHT, suit=HEARTS, isFaceDown=false), Card(rank=THREE, suit=DIAMONDS, isFaceDown=false), Card(rank=KING, suit=HEARTS, isFaceDown=false), Card(rank=FIVE, suit=HEARTS, isFaceDown=false), Card(rank=QUEEN, suit=HEARTS, isFaceDown=false), Card(rank=SEVEN, suit=HEARTS, isFaceDown=false), Card(rank=JACK, suit=CLUBS, isFaceDown=false), Card(rank=ACE, suit=DIAMONDS, isFaceDown=false), Card(rank=SIX, suit=SPADES, isFaceDown=false), Card(rank=ACE, suit=DIAMONDS, isFaceDown=false), Card(rank=THREE, suit=CLUBS, isFaceDown=false), Card(rank=NINE, suit=DIAMONDS, isFaceDown=false)])
Verbose: (DefaultBlackjackStateMachine) SM reduce: DealCardToPlayer(seatIndex=0)
Verbose: (DefaultBlackjackStateMachine) SM action loop finished: DealCardToPlayer(seatIndex=0)
Verbose: (DefaultBlackjackStateMachine) SM reduce: DealCardToPlayer(seatIndex=1)
Verbose: (DefaultBlackjackStateMachine) SM action loop finished: DealCardToPlayer(seatIndex=1)
Verbose: (DefaultBlackjackStateMachine) SM reduce: DealCardToPlayer(seatIndex=2)
Verbose: (DefaultBlackjackStateMachine) SM action loop finished: DealCardToPlayer(seatIndex=2)
Verbose: (DefaultBlackjackStateMachine) SM reduce: DealCardToDealer(faceDown=false)
Verbose: (DefaultBlackjackStateMachine) SM action loop finished: DealCardToDealer(faceDown=false)
Verbose: (DefaultBlackjackStateMachine) SM reduce: DealCardToPlayer(seatIndex=0)
Verbose: (DefaultBlackjackStateMachine) SM action loop finished: DealCardToPlayer(seatIndex=0)
Verbose: (DefaultBlackjackStateMachine) SM reduce: DealCardToPlayer(seatIndex=1)
Verbose: (DefaultBlackjackStateMachine) SM action loop finished: DealCardToPlayer(seatIndex=1)
Verbose: (DefaultBlackjackStateMachine) SM reduce: DealCardToPlayer(seatIndex=2)
Verbose: (DefaultBlackjackStateMachine) SM action loop finished: DealCardToPlayer(seatIndex=2)
Verbose: (DefaultBlackjackStateMachine) SM reduce: DealCardToDealer(faceDown=true)
Verbose: (DefaultBlackjackStateMachine) SM action loop finished: DealCardToDealer(faceDown=true)
Verbose: (DefaultBlackjackStateMachine) SM reduce: ApplyInitialOutcome
Verbose: (DefaultBlackjackStateMachine) SM action loop finished: ApplyInitialOutcome
Debug: (DefaultBlackjackStateMachine) SM init block finally
Passed handleDeal_playerBets_matchCurrentBets()
Started placeBet_seat0_onlyDeductsSeatAmount()
Verbose: (DefaultBlackjackStateMachine) SM reduce: PlaceBet(amount=100, seatIndex=0)
Verbose: (DefaultBlackjackStateMachine) SM action loop finished: PlaceBet(amount=100, seatIndex=0)
Debug: (DefaultBlackjackStateMachine) SM init block finally
Passed placeBet_seat0_onlyDeductsSeatAmount()
Started selectHandCount_removeSeat_noRefundIfSeatWasEmpty()
Verbose: (DefaultBlackjackStateMachine) SM reduce: SelectHandCount(count=1)
Verbose: (DefaultBlackjackStateMachine) SM action loop finished: SelectHandCount(count=1)
Debug: (DefaultBlackjackStateMachine) SM init block finally
Passed selectHandCount_removeSeat_noRefundIfSeatWasEmpty()
Started resetSeatBet_ignoredForInvalidSeatIndex()
Verbose: (DefaultBlackjackStateMachine) SM reduce: ResetSeatBet(seatIndex=2)
Verbose: (DefaultBlackjackStateMachine) SM action loop finished: ResetSeatBet(seatIndex=2)
Debug: (DefaultBlackjackStateMachine) SM init block finally
Passed resetSeatBet_ignoredForInvalidSeatIndex()
Started placeBet_seat1_independentOfSeat0()
Verbose: (DefaultBlackjackStateMachine) SM reduce: PlaceBet(amount=75, seatIndex=1)
Verbose: (DefaultBlackjackStateMachine) SM action loop finished: PlaceBet(amount=75, seatIndex=1)
Debug: (DefaultBlackjackStateMachine) SM init block finally
Passed placeBet_seat1_independentOfSeat0()
Started resetAllBets_refundsAllSeats()
Verbose: (DefaultBlackjackStateMachine) SM reduce: ResetBet
Verbose: (DefaultBlackjackStateMachine) SM action loop finished: ResetBet
Debug: (DefaultBlackjackStateMachine) SM init block finally
Passed resetAllBets_refundsAllSeats()
Started selectHandCount_removeSeat_refundsSeatBet()
Verbose: (DefaultBlackjackStateMachine) SM reduce: SelectHandCount(count=2)
Verbose: (DefaultBlackjackStateMachine) SM action loop finished: SelectHandCount(count=2)
Debug: (DefaultBlackjackStateMachine) SM init block finally
Passed selectHandCount_removeSeat_refundsSeatBet()
Started selectHandCount_addSeat_noPreCharge()
Verbose: (DefaultBlackjackStateMachine) SM reduce: SelectHandCount(count=3)
Verbose: (DefaultBlackjackStateMachine) SM action loop finished: SelectHandCount(count=3)
Debug: (DefaultBlackjackStateMachine) SM init block finally
Passed selectHandCount_addSeat_noPreCharge()
Started resetSeatBet_refundsOnlyThatSeat()
Verbose: (DefaultBlackjackStateMachine) SM reduce: ResetSeatBet(seatIndex=1)
Verbose: (DefaultBlackjackStateMachine) SM action loop finished: ResetSeatBet(seatIndex=1)
Debug: (DefaultBlackjackStateMachine) SM init block finally
Passed resetSeatBet_refundsOnlyThatSeat()
Started handleDeal_rejectedIfAnySeatHasNoBet()
Verbose: (DefaultBlackjackStateMachine) SM reduce: Deal
Verbose: (DefaultBlackjackStateMachine) SM action loop finished: Deal
Debug: (DefaultBlackjackStateMachine) SM init block finally
Passed handleDeal_rejectedIfAnySeatHasNoBet()
Started placeBet_rejectedForInvalidSeatIndex()
Verbose: (DefaultBlackjackStateMachine) SM reduce: PlaceBet(amount=100, seatIndex=1)
Verbose: (DefaultBlackjackStateMachine) SM action loop finished: PlaceBet(amount=100, seatIndex=1)
Debug: (DefaultBlackjackStateMachine) SM init block finally
Passed placeBet_rejectedForInvalidSeatIndex()
Completed PerSeatBettingTest
Started BettingPhaseTest
Started placeBet_ignoredWhenNotInBettingPhase()
Verbose: (DefaultBlackjackStateMachine) SM reduce: PlaceBet(amount=50, seatIndex=0)
Verbose: (DefaultBlackjackStateMachine) SM action loop finished: PlaceBet(amount=50, seatIndex=0)
Debug: (DefaultBlackjackStateMachine) SM init block finally
Passed placeBet_ignoredWhenNotInBettingPhase()
Started resetBet_ignoredWhenNotInBettingPhase()
Verbose: (DefaultBlackjackStateMachine) SM reduce: ResetBet
Verbose: (DefaultBlackjackStateMachine) SM action loop finished: ResetBet
Debug: (DefaultBlackjackStateMachine) SM init block finally
Passed resetBet_ignoredWhenNotInBettingPhase()
Started deal_createsTwoHandsWhenHandCount2()
Verbose: (DefaultBlackjackStateMachine) SM reduce: Deal
Verbose: (DefaultBlackjackStateMachine) SM action loop finished: Deal
Verbose: (DefaultBlackjackStateMachine) SM reduce: SetDeck(deck=[Card(rank=SIX, suit=SPADES, isFaceDown=false), Card(rank=TWO, suit=SPADES, isFaceDown=false), Card(rank=FIVE, suit=DIAMONDS, isFaceDown=false), Card(rank=KING, suit=HEARTS, isFaceDown=false), Card(rank=NINE, suit=SPADES, isFaceDown=false), Card(rank=TWO, suit=DIAMONDS, isFaceDown=false), Card(rank=TWO, suit=SPADES, isFaceDown=false), Card(rank=KING, suit=HEARTS, isFaceDown=false), Card(rank=SEVEN, suit=DIAMONDS, isFaceDown=false), Card(rank=THREE, suit=SPADES, isFaceDown=false), Card(rank=SIX, suit=HEARTS, isFaceDown=false), Card(rank=SIX, suit=CLUBS, isFaceDown=false), Card(rank=QUEEN, suit=SPADES, isFaceDown=false), Card(rank=NINE, suit=CLUBS, isFaceDown=false), Card(rank=KING, suit=DIAMONDS, isFaceDown=false), Card(rank=NINE, suit=CLUBS, isFaceDown=false), Card(rank=TWO, suit=CLUBS, isFaceDown=false), Card(rank=TEN, suit=DIAMONDS, isFaceDown=false), Card(rank=SIX, suit=CLUBS, isFaceDown=false), Card(rank=THREE, suit=SPADES, isFaceDown=false), Card(rank=SEVEN, suit=CLUBS, isFaceDown=false), Card(rank=FIVE, suit=CLUBS, isFaceDown=false), Card(rank=THREE, suit=HEARTS, isFaceDown=false), Card(rank=SEVEN, suit=HEARTS, isFaceDown=false), Card(rank=QUEEN, suit=CLUBS, isFaceDown=false), Card(rank=ACE, suit=CLUBS, isFaceDown=false), Card(rank=SEVEN, suit=HEARTS, isFaceDown=false), Card(rank=THREE, suit=DIAMONDS, isFaceDown=false), Card(rank=SIX, suit=SPADES, isFaceDown=false), Card(rank=ACE, suit=DIAMONDS, isFaceDown=false), Card(rank=FOUR, suit=SPADES, isFaceDown=false), Card(rank=QUEEN, suit=DIAMONDS, isFaceDown=false), Card(rank=EIGHT, suit=SPADES, isFaceDown=false), Card(rank=TWO, suit=DIAMONDS, isFaceDown=false), Card(rank=THREE, suit=HEARTS, isFaceDown=false), Card(rank=KING, suit=CLUBS, isFaceDown=false), Card(rank=QUEEN, suit=HEARTS, isFaceDown=false), Card(rank=ACE, suit=DIAMONDS, isFaceDown=false), Card(rank=THREE, suit=DIAMONDS, isFaceDown=false), Card(rank=KING, suit=SPADES, isFaceDown=false), Card(rank=TWO, suit=SPADES, isFaceDown=false), Card(rank=ACE, suit=DIAMONDS, isFaceDown=false), Card(rank=KING, suit=HEARTS, isFaceDown=false), Card(rank=TEN, suit=SPADES, isFaceDown=false), Card(rank=SEVEN, suit=SPADES, isFaceDown=false), Card(rank=EIGHT, suit=CLUBS, isFaceDown=false), Card(rank=KING, suit=SPADES, isFaceDown=false), Card(rank=EIGHT, suit=HEARTS, isFaceDown=false), Card(rank=EIGHT, suit=CLUBS, isFaceDown=false), Card(rank=QUEEN, suit=SPADES, isFaceDown=false), Card(rank=THREE, suit=CLUBS, isFaceDown=false), Card(rank=TWO, suit=HEARTS, isFaceDown=false), Card(rank=TWO, suit=HEARTS, isFaceDown=false), Card(rank=EIGHT, suit=DIAMONDS, isFaceDown=false), Card(rank=ACE, suit=SPADES, isFaceDown=false), Card(rank=ACE, suit=CLUBS, isFaceDown=false), Card(rank=KING, suit=CLUBS, isFaceDown=false), Card(rank=QUEEN, suit=DIAMONDS, isFaceDown=false), Card(rank=FOUR, suit=DIAMONDS, isFaceDown=false), Card(rank=FIVE, suit=DIAMONDS, isFaceDown=false), Card(rank=SIX, suit=HEARTS, isFaceDown=false), Card(rank=TEN, suit=DIAMONDS, isFaceDown=false), Card(rank=FOUR, suit=SPADES, isFaceDown=false), Card(rank=FIVE, suit=HEARTS, isFaceDown=false), Card(rank=TWO, suit=SPADES, isFaceDown=false), Card(rank=THREE, suit=CLUBS, isFaceDown=false), Card(rank=KING, suit=DIAMONDS, isFaceDown=false), Card(rank=NINE, suit=HEARTS, isFaceDown=false), Card(rank=THREE, suit=CLUBS, isFaceDown=false), Card(rank=SIX, suit=DIAMONDS, isFaceDown=false), Card(rank=TEN, suit=DIAMONDS, isFaceDown=false), Card(rank=QUEEN, suit=HEARTS, isFaceDown=false), Card(rank=JACK, suit=HEARTS, isFaceDown=false), Card(rank=FOUR, suit=CLUBS, isFaceDown=false), Card(rank=SEVEN, suit=CLUBS, isFaceDown=false), Card(rank=TEN, suit=HEARTS, isFaceDown=false), Card(rank=EIGHT, suit=CLUBS, isFaceDown=false), Card(rank=SEVEN, suit=DIAMONDS, isFaceDown=false), Card(rank=SEVEN, suit=SPADES, isFaceDown=false), Card(rank=EIGHT, suit=DIAMONDS, isFaceDown=false), Card(rank=FIVE, suit=SPADES, isFaceDown=false), Card(rank=JACK, suit=HEARTS, isFaceDown=false), Card(rank=NINE, suit=SPADES, isFaceDown=false), Card(rank=FIVE, suit=SPADES, isFaceDown=false), Card(rank=JACK, suit=DIAMONDS, isFaceDown=false), Card(rank=FIVE, suit=DIAMONDS, isFaceDown=false), Card(rank=EIGHT, suit=SPADES, isFaceDown=false), Card(rank=ACE, suit=SPADES, isFaceDown=false), Card(rank=ACE, suit=DIAMONDS, isFaceDown=false), Card(rank=QUEEN, suit=SPADES, isFaceDown=false), Card(rank=TWO, suit=SPADES, isFaceDown=false), Card(rank=TWO, suit=CLUBS, isFaceDown=false), Card(rank=SEVEN, suit=CLUBS, isFaceDown=false), Card(rank=ACE, suit=HEARTS, isFaceDown=false), Card(rank=FOUR, suit=DIAMONDS, isFaceDown=false), Card(rank=SIX, suit=CLUBS, isFaceDown=false), Card(rank=JACK, suit=SPADES, isFaceDown=false), Card(rank=JACK, suit=CLUBS, isFaceDown=false), Card(rank=SIX, suit=CLUBS, isFaceDown=false), Card(rank=FIVE, suit=HEARTS, isFaceDown=false), Card(rank=QUEEN, suit=CLUBS, isFaceDown=false), Card(rank=KING, suit=CLUBS, isFaceDown=false), Card(rank=FOUR, suit=DIAMONDS, isFaceDown=false), Card(rank=THREE, suit=SPADES, isFaceDown=false), Card(rank=NINE, suit=HEARTS, isFaceDown=false), Card(rank=FIVE, suit=CLUBS, isFaceDown=false), Card(rank=THREE, suit=DIAMONDS, isFaceDown=false), Card(rank=SEVEN, suit=HEARTS, isFaceDown=false), Card(rank=QUEEN, suit=DIAMONDS, isFaceDown=false), Card(rank=KING, suit=HEARTS, isFaceDown=false), Card(rank=THREE, suit=CLUBS, isFaceDown=false), Card(rank=ACE, suit=SPADES, isFaceDown=false), Card(rank=FOUR, suit=SPADES, isFaceDown=false), Card(rank=FOUR, suit=SPADES, isFaceDown=false), Card(rank=ACE, suit=HEARTS, isFaceDown=false), Card(rank=QUEEN, suit=CLUBS, isFaceDown=false), Card(rank=TEN, suit=HEARTS, isFaceDown=false), Card(rank=EIGHT, suit=SPADES, isFaceDown=false), Card(rank=SIX, suit=HEARTS, isFaceDown=false), Card(rank=SIX, suit=DIAMONDS, isFaceDown=false), Card(rank=FIVE, suit=SPADES, isFaceDown=false), Card(rank=THREE, suit=DIAMONDS, isFaceDown=false), Card(rank=QUEEN, suit=HEARTS, isFaceDown=false), Card(rank=SIX, suit=DIAMONDS, isFaceDown=false), Card(rank=NINE, suit=CLUBS, isFaceDown=false), Card(rank=TEN, suit=CLUBS, isFaceDown=false), Card(rank=ACE, suit=HEARTS, isFaceDown=false), Card(rank=SIX, suit=DIAMONDS, isFaceDown=false), Card(rank=THREE, suit=CLUBS, isFaceDown=false), Card(rank=SEVEN, suit=DIAMONDS, isFaceDown=false), Card(rank=ACE, suit=CLUBS, isFaceDown=false), Card(rank=JACK, suit=SPADES, isFaceDown=false), Card(rank=QUEEN, suit=SPADES, isFaceDown=false), Card(rank=SIX, suit=HEARTS, isFaceDown=false), Card(rank=SEVEN, suit=SPADES, isFaceDown=false), Card(rank=JACK, suit=SPADES, isFaceDown=false), Card(rank=FIVE, suit=HEARTS, isFaceDown=false), Card(rank=JACK, suit=DIAMONDS, isFaceDown=false), Card(rank=QUEEN, suit=CLUBS, isFaceDown=false), Card(rank=TWO, suit=DIAMONDS, isFaceDown=false), Card(rank=QUEEN, suit=HEARTS, isFaceDown=false), Card(rank=TEN, suit=SPADES, isFaceDown=false), Card(rank=TEN, suit=SPADES, isFaceDown=false), Card(rank=TWO, suit=HEARTS, isFaceDown=false), Card(rank=FOUR, suit=CLUBS, isFaceDown=false), Card(rank=QUEEN, suit=HEARTS, isFaceDown=false), Card(rank=TEN, suit=HEARTS, isFaceDown=false), Card(rank=NINE, suit=HEARTS, isFaceDown=false), Card(rank=THREE, suit=DIAMONDS, isFaceDown=false), Card(rank=TEN, suit=SPADES, isFaceDown=false), Card(rank=TEN, suit=DIAMONDS, isFaceDown=false), Card(rank=FOUR, suit=CLUBS, isFaceDown=false), Card(rank=EIGHT, suit=DIAMONDS, isFaceDown=false), Card(rank=SEVEN, suit=HEARTS, isFaceDown=false), Card(rank=TEN, suit=HEARTS, isFaceDown=false), Card(rank=SEVEN, suit=SPADES, isFaceDown=false), Card(rank=EIGHT, suit=SPADES, isFaceDown=false), Card(rank=TEN, suit=HEARTS, isFaceDown=false), Card(rank=EIGHT, suit=CLUBS, isFaceDown=false), Card(rank=SIX, suit=SPADES, isFaceDown=false), Card(rank=NINE, suit=SPADES, isFaceDown=false), Card(rank=THREE, suit=HEARTS, isFaceDown=false), Card(rank=FOUR, suit=HEARTS, isFaceDown=false), Card(rank=EIGHT, suit=DIAMONDS, isFaceDown=false), Card(rank=FIVE, suit=HEARTS, isFaceDown=false), Card(rank=QUEEN, suit=CLUBS, isFaceDown=false), Card(rank=KING, suit=DIAMONDS, isFaceDown=false), Card(rank=SIX, suit=SPADES, isFaceDown=false), Card(rank=ACE, suit=DIAMONDS, isFaceDown=false), Card(rank=TEN, suit=DIAMONDS, isFaceDown=false), Card(rank=NINE, suit=DIAMONDS, isFaceDown=false), Card(rank=ACE, suit=CLUBS, isFaceDown=false), Card(rank=FOUR, suit=HEARTS, isFaceDown=false), Card(rank=THREE, suit=SPADES, isFaceDown=false), Card(rank=EIGHT, suit=HEARTS, isFaceDown=false), Card(rank=FIVE, suit=CLUBS, isFaceDown=false), Card(rank=ACE, suit=CLUBS, isFaceDown=false), Card(rank=FOUR, suit=CLUBS, isFaceDown=false), Card(rank=SIX, suit=DIAMONDS, isFaceDown=false), Card(rank=FIVE, suit=CLUBS, isFaceDown=false), Card(rank=FOUR, suit=CLUBS, isFaceDown=false), Card(rank=JACK, suit=DIAMONDS, isFaceDown=false), Card(rank=JACK, suit=HEARTS, isFaceDown=false), Card(rank=TWO, suit=HEARTS, isFaceDown=false), Card(rank=QUEEN, suit=DIAMONDS, isFaceDown=false), Card(rank=FOUR, suit=DIAMONDS, isFaceDown=false), Card(rank=NINE, suit=HEARTS, isFaceDown=false), Card(rank=EIGHT, suit=HEARTS, isFaceDown=false), Card(rank=SIX, suit=SPADES, isFaceDown=false), Card(rank=NINE, suit=CLUBS, isFaceDown=false), Card(rank=NINE, suit=CLUBS, isFaceDown=false), Card(rank=TWO, suit=DIAMONDS, isFaceDown=false), Card(rank=FIVE, suit=SPADES, isFaceDown=false), Card(rank=KING, suit=DIAMONDS, isFaceDown=false), Card(rank=SIX, suit=HEARTS, isFaceDown=false), Card(rank=JACK, suit=DIAMONDS, isFaceDown=false), Card(rank=JACK, suit=HEARTS, isFaceDown=false), Card(rank=FOUR, suit=SPADES, isFaceDown=false), Card(rank=JACK, suit=SPADES, isFaceDown=false), Card(rank=SEVEN, suit=DIAMONDS, isFaceDown=false), Card(rank=TEN, suit=CLUBS, isFaceDown=false), Card(rank=ACE, suit=SPADES, isFaceDown=false), Card(rank=FOUR, suit=HEARTS, isFaceDown=false), Card(rank=JACK, suit=HEARTS, isFaceDown=false), Card(rank=EIGHT, suit=DIAMONDS, isFaceDown=false), Card(rank=FOUR, suit=DIAMONDS, isFaceDown=false), Card(rank=QUEEN, suit=DIAMONDS, isFaceDown=false), Card(rank=JACK, suit=SPADES, isFaceDown=false), Card(rank=THREE, suit=DIAMONDS, isFaceDown=false), Card(rank=FIVE, suit=CLUBS, isFaceDown=false), Card(rank=SEVEN, suit=CLUBS, isFaceDown=false), Card(rank=SEVEN, suit=CLUBS, isFaceDown=false), Card(rank=KING, suit=HEARTS, isFaceDown=false), Card(rank=SEVEN, suit=DIAMONDS, isFaceDown=false), Card(rank=TEN, suit=CLUBS, isFaceDown=false), Card(rank=JACK, suit=SPADES, isFaceDown=false), Card(rank=EIGHT, suit=HEARTS, isFaceDown=false), Card(rank=FIVE, suit=SPADES, isFaceDown=false), Card(rank=KING, suit=CLUBS, isFaceDown=false), Card(rank=THREE, suit=SPADES, isFaceDown=false), Card(rank=JACK, suit=HEARTS, isFaceDown=false), Card(rank=FIVE, suit=HEARTS, isFaceDown=false), Card(rank=SIX, suit=CLUBS, isFaceDown=false), Card(rank=SIX, suit=DIAMONDS, isFaceDown=false), Card(rank=QUEEN, suit=CLUBS, isFaceDown=false), Card(rank=FIVE, suit=DIAMONDS, isFaceDown=false), Card(rank=TEN, suit=CLUBS, isFaceDown=false), Card(rank=FIVE, suit=SPADES, isFaceDown=false), Card(rank=NINE, suit=DIAMONDS, isFaceDown=false), Card(rank=FOUR, suit=SPADES, isFaceDown=false), Card(rank=FIVE, suit=DIAMONDS, isFaceDown=false), Card(rank=TWO, suit=CLUBS, isFaceDown=false), Card(rank=JACK, suit=CLUBS, isFaceDown=false), Card(rank=FIVE, suit=HEARTS, isFaceDown=false), Card(rank=ACE, suit=HEARTS, isFaceDown=false), Card(rank=SEVEN, suit=DIAMONDS, isFaceDown=false), Card(rank=THREE, suit=CLUBS, isFaceDown=false), Card(rank=KING, suit=DIAMONDS, isFaceDown=false), Card(rank=SEVEN, suit=HEARTS, isFaceDown=false), Card(rank=EIGHT, suit=SPADES, isFaceDown=false), Card(rank=TWO, suit=CLUBS, isFaceDown=false), Card(rank=NINE, suit=DIAMONDS, isFaceDown=false), Card(rank=NINE, suit=DIAMONDS, isFaceDown=false), Card(rank=KING, suit=SPADES, isFaceDown=false), Card(rank=EIGHT, suit=CLUBS, isFaceDown=false), Card(rank=ACE, suit=SPADES, isFaceDown=false), Card(rank=EIGHT, suit=CLUBS, isFaceDown=false), Card(rank=NINE, suit=SPADES, isFaceDown=false), Card(rank=JACK, suit=CLUBS, isFaceDown=false), Card(rank=QUEEN, suit=DIAMONDS, isFaceDown=false), Card(rank=EIGHT, suit=SPADES, isFaceDown=false), Card(rank=JACK, suit=CLUBS, isFaceDown=false), Card(rank=KING, suit=CLUBS, isFaceDown=false), Card(rank=FOUR, suit=HEARTS, isFaceDown=false), Card(rank=NINE, suit=CLUBS, isFaceDown=false), Card(rank=NINE, suit=SPADES, isFaceDown=false), Card(rank=KING, suit=DIAMONDS, isFaceDown=false), Card(rank=TWO, suit=CLUBS, isFaceDown=false), Card(rank=QUEEN, suit=SPADES, isFaceDown=false), Card(rank=ACE, suit=HEARTS, isFaceDown=false), Card(rank=THREE, suit=HEARTS, isFaceDown=false), Card(rank=SEVEN, suit=HEARTS, isFaceDown=false), Card(rank=JACK, suit=CLUBS, isFaceDown=false), Card(rank=QUEEN, suit=SPADES, isFaceDown=false), Card(rank=FOUR, suit=HEARTS, isFaceDown=false), Card(rank=SEVEN, suit=SPADES, isFaceDown=false), Card(rank=THREE, suit=SPADES, isFaceDown=false), Card(rank=NINE, suit=HEARTS, isFaceDown=false), Card(rank=FOUR, suit=DIAMONDS, isFaceDown=false), Card(rank=TEN, suit=SPADES, isFaceDown=false), Card(rank=KING, suit=SPADES, isFaceDown=false), Card(rank=SEVEN, suit=CLUBS, isFaceDown=false), Card(rank=TWO, suit=CLUBS, isFaceDown=false), Card(rank=EIGHT, suit=HEARTS, isFaceDown=false), Card(rank=NINE, suit=SPADES, isFaceDown=false), Card(rank=ACE, suit=SPADES, isFaceDown=false), Card(rank=KING, suit=CLUBS, isFaceDown=false), Card(rank=ACE, suit=CLUBS, isFaceDown=false), Card(rank=FIVE, suit=CLUBS, isFaceDown=false), Card(rank=NINE, suit=DIAMONDS, isFaceDown=false), Card(rank=JACK, suit=DIAMONDS, isFaceDown=false), Card(rank=SEVEN, suit=SPADES, isFaceDown=false), Card(rank=FOUR, suit=HEARTS, isFaceDown=false), Card(rank=FOUR, suit=CLUBS, isFaceDown=false), Card(rank=JACK, suit=CLUBS, isFaceDown=false), Card(rank=ACE, suit=HEARTS, isFaceDown=false), Card(rank=FIVE, suit=DIAMONDS, isFaceDown=false), Card(rank=TWO, suit=DIAMONDS, isFaceDown=false), Card(rank=KING, suit=SPADES, isFaceDown=false), Card(rank=TWO, suit=HEARTS, isFaceDown=false), Card(rank=TEN, suit=SPADES, isFaceDown=false), Card(rank=TWO, suit=HEARTS, isFaceDown=false), Card(rank=SIX, suit=CLUBS, isFaceDown=false), Card(rank=SIX, suit=HEARTS, isFaceDown=false), Card(rank=TEN, suit=CLUBS, isFaceDown=false), Card(rank=KING, suit=SPADES, isFaceDown=false), Card(rank=THREE, suit=HEARTS, isFaceDown=false), Card(rank=ACE, suit=DIAMONDS, isFaceDown=false), Card(rank=TWO, suit=SPADES, isFaceDown=false), Card(rank=TEN, suit=HEARTS, isFaceDown=false), Card(rank=THREE, suit=HEARTS, isFaceDown=false), Card(rank=EIGHT, suit=DIAMONDS, isFaceDown=false), Card(rank=EIGHT, suit=HEARTS, isFaceDown=false), Card(rank=KING, suit=HEARTS, isFaceDown=false), Card(rank=QUEEN, suit=HEARTS, isFaceDown=false), Card(rank=TEN, suit=CLUBS, isFaceDown=false), Card(rank=SIX, suit=SPADES, isFaceDown=false), Card(rank=NINE, suit=DIAMONDS, isFaceDown=false), Card(rank=JACK, suit=DIAMONDS, isFaceDown=false), Card(rank=TWO, suit=DIAMONDS, isFaceDown=false), Card(rank=TEN, suit=DIAMONDS, isFaceDown=false), Card(rank=NINE, suit=HEARTS, isFaceDown=false)])
Verbose: (DefaultBlackjackStateMachine) SM action loop finished: SetDeck(deck=[Card(rank=SIX, suit=SPADES, isFaceDown=false), Card(rank=TWO, suit=SPADES, isFaceDown=false), Card(rank=FIVE, suit=DIAMONDS, isFaceDown=false), Card(rank=KING, suit=HEARTS, isFaceDown=false), Card(rank=NINE, suit=SPADES, isFaceDown=false), Card(rank=TWO, suit=DIAMONDS, isFaceDown=false), Card(rank=TWO, suit=SPADES, isFaceDown=false), Card(rank=KING, suit=HEARTS, isFaceDown=false), Card(rank=SEVEN, suit=DIAMONDS, isFaceDown=false), Card(rank=THREE, suit=SPADES, isFaceDown=false), Card(rank=SIX, suit=HEARTS, isFaceDown=false), Card(rank=SIX, suit=CLUBS, isFaceDown=false), Card(rank=QUEEN, suit=SPADES, isFaceDown=false), Card(rank=NINE, suit=CLUBS, isFaceDown=false), Card(rank=KING, suit=DIAMONDS, isFaceDown=false), Card(rank=NINE, suit=CLUBS, isFaceDown=false), Card(rank=TWO, suit=CLUBS, isFaceDown=false), Card(rank=TEN, suit=DIAMONDS, isFaceDown=false), Card(rank=SIX, suit=CLUBS, isFaceDown=false), Card(rank=THREE, suit=SPADES, isFaceDown=false), Card(rank=SEVEN, suit=CLUBS, isFaceDown=false), Card(rank=FIVE, suit=CLUBS, isFaceDown=false), Card(rank=THREE, suit=HEARTS, isFaceDown=false), Card(rank=SEVEN, suit=HEARTS, isFaceDown=false), Card(rank=QUEEN, suit=CLUBS, isFaceDown=false), Card(rank=ACE, suit=CLUBS, isFaceDown=false), Card(rank=SEVEN, suit=HEARTS, isFaceDown=false), Card(rank=THREE, suit=DIAMONDS, isFaceDown=false), Card(rank=SIX, suit=SPADES, isFaceDown=false), Card(rank=ACE, suit=DIAMONDS, isFaceDown=false), Card(rank=FOUR, suit=SPADES, isFaceDown=false), Card(rank=QUEEN, suit=DIAMONDS, isFaceDown=false), Card(rank=EIGHT, suit=SPADES, isFaceDown=false), Card(rank=TWO, suit=DIAMONDS, isFaceDown=false), Card(rank=THREE, suit=HEARTS, isFaceDown=false), Card(rank=KING, suit=CLUBS, isFaceDown=false), Card(rank=QUEEN, suit=HEARTS, isFaceDown=false), Card(rank=ACE, suit=DIAMONDS, isFaceDown=false), Card(rank=THREE, suit=DIAMONDS, isFaceDown=false), Card(rank=KING, suit=SPADES, isFaceDown=false), Card(rank=TWO, suit=SPADES, isFaceDown=false), Card(rank=ACE, suit=DIAMONDS, isFaceDown=false), Card(rank=KING, suit=HEARTS, isFaceDown=false), Card(rank=TEN, suit=SPADES, isFaceDown=false), Card(rank=SEVEN, suit=SPADES, isFaceDown=false), Card(rank=EIGHT, suit=CLUBS, isFaceDown=false), Card(rank=KING, suit=SPADES, isFaceDown=false), Card(rank=EIGHT, suit=HEARTS, isFaceDown=false), Card(rank=EIGHT, suit=CLUBS, isFaceDown=false), Card(rank=QUEEN, suit=SPADES, isFaceDown=false), Card(rank=THREE, suit=CLUBS, isFaceDown=false), Card(rank=TWO, suit=HEARTS, isFaceDown=false), Card(rank=TWO, suit=HEARTS, isFaceDown=false), Card(rank=EIGHT, suit=DIAMONDS, isFaceDown=false), Card(rank=ACE, suit=SPADES, isFaceDown=false), Card(rank=ACE, suit=CLUBS, isFaceDown=false), Card(rank=KING, suit=CLUBS, isFaceDown=false), Card(rank=QUEEN, suit=DIAMONDS, isFaceDown=false), Card(rank=FOUR, suit=DIAMONDS, isFaceDown=false), Card(rank=FIVE, suit=DIAMONDS, isFaceDown=false), Card(rank=SIX, suit=HEARTS, isFaceDown=false), Card(rank=TEN, suit=DIAMONDS, isFaceDown=false), Card(rank=FOUR, suit=SPADES, isFaceDown=false), Card(rank=FIVE, suit=HEARTS, isFaceDown=false), Card(rank=TWO, suit=SPADES, isFaceDown=false), Card(rank=THREE, suit=CLUBS, isFaceDown=false), Card(rank=KING, suit=DIAMONDS, isFaceDown=false), Card(rank=NINE, suit=HEARTS, isFaceDown=false), Card(rank=THREE, suit=CLUBS, isFaceDown=false), Card(rank=SIX, suit=DIAMONDS, isFaceDown=false), Card(rank=TEN, suit=DIAMONDS, isFaceDown=false), Card(rank=QUEEN, suit=HEARTS, isFaceDown=false), Card(rank=JACK, suit=HEARTS, isFaceDown=false), Card(rank=FOUR, suit=CLUBS, isFaceDown=false), Card(rank=SEVEN, suit=CLUBS, isFaceDown=false), Card(rank=TEN, suit=HEARTS, isFaceDown=false), Card(rank=EIGHT, suit=CLUBS, isFaceDown=false), Card(rank=SEVEN, suit=DIAMONDS, isFaceDown=false), Card(rank=SEVEN, suit=SPADES, isFaceDown=false), Card(rank=EIGHT, suit=DIAMONDS, isFaceDown=false), Card(rank=FIVE, suit=SPADES, isFaceDown=false), Card(rank=JACK, suit=HEARTS, isFaceDown=false), Card(rank=NINE, suit=SPADES, isFaceDown=false), Card(rank=FIVE, suit=SPADES, isFaceDown=false), Card(rank=JACK, suit=DIAMONDS, isFaceDown=false), Card(rank=FIVE, suit=DIAMONDS, isFaceDown=false), Card(rank=EIGHT, suit=SPADES, isFaceDown=false), Card(rank=ACE, suit=SPADES, isFaceDown=false), Card(rank=ACE, suit=DIAMONDS, isFaceDown=false), Card(rank=QUEEN, suit=SPADES, isFaceDown=false), Card(rank=TWO, suit=SPADES, isFaceDown=false), Card(rank=TWO, suit=CLUBS, isFaceDown=false), Card(rank=SEVEN, suit=CLUBS, isFaceDown=false), Card(rank=ACE, suit=HEARTS, isFaceDown=false), Card(rank=FOUR, suit=DIAMONDS, isFaceDown=false), Card(rank=SIX, suit=CLUBS, isFaceDown=false), Card(rank=JACK, suit=SPADES, isFaceDown=false), Card(rank=JACK, suit=CLUBS, isFaceDown=false), Card(rank=SIX, suit=CLUBS, isFaceDown=false), Card(rank=FIVE, suit=HEARTS, isFaceDown=false), Card(rank=QUEEN, suit=CLUBS, isFaceDown=false), Card(rank=KING, suit=CLUBS, isFaceDown=false), Card(rank=FOUR, suit=DIAMONDS, isFaceDown=false), Card(rank=THREE, suit=SPADES, isFaceDown=false), Card(rank=NINE, suit=HEARTS, isFaceDown=false), Card(rank=FIVE, suit=CLUBS, isFaceDown=false), Card(rank=THREE, suit=DIAMONDS, isFaceDown=false), Card(rank=SEVEN, suit=HEARTS, isFaceDown=false), Card(rank=QUEEN, suit=DIAMONDS, isFaceDown=false), Card(rank=KING, suit=HEARTS, isFaceDown=false), Card(rank=THREE, suit=CLUBS, isFaceDown=false), Card(rank=ACE, suit=SPADES, isFaceDown=false), Card(rank=FOUR, suit=SPADES, isFaceDown=false), Card(rank=FOUR, suit=SPADES, isFaceDown=false), Card(rank=ACE, suit=HEARTS, isFaceDown=false), Card(rank=QUEEN, suit=CLUBS, isFaceDown=false), Card(rank=TEN, suit=HEARTS, isFaceDown=false), Card(rank=EIGHT, suit=SPADES, isFaceDown=false), Card(rank=SIX, suit=HEARTS, isFaceDown=false), Card(rank=SIX, suit=DIAMONDS, isFaceDown=false), Card(rank=FIVE, suit=SPADES, isFaceDown=false), Card(rank=THREE, suit=DIAMONDS, isFaceDown=false), Card(rank=QUEEN, suit=HEARTS, isFaceDown=false), Card(rank=SIX, suit=DIAMONDS, isFaceDown=false), Card(rank=NINE, suit=CLUBS, isFaceDown=false), Card(rank=TEN, suit=CLUBS, isFaceDown=false), Card(rank=ACE, suit=HEARTS, isFaceDown=false), Card(rank=SIX, suit=DIAMONDS, isFaceDown=false), Card(rank=THREE, suit=CLUBS, isFaceDown=false), Card(rank=SEVEN, suit=DIAMONDS, isFaceDown=false), Card(rank=ACE, suit=CLUBS, isFaceDown=false), Card(rank=JACK, suit=SPADES, isFaceDown=false), Card(rank=QUEEN, suit=SPADES, isFaceDown=false), Card(rank=SIX, suit=HEARTS, isFaceDown=false), Card(rank=SEVEN, suit=SPADES, isFaceDown=false), Card(rank=JACK, suit=SPADES, isFaceDown=false), Card(rank=FIVE, suit=HEARTS, isFaceDown=false), Card(rank=JACK, suit=DIAMONDS, isFaceDown=false), Card(rank=QUEEN, suit=CLUBS, isFaceDown=false), Card(rank=TWO, suit=DIAMONDS, isFaceDown=false), Card(rank=QUEEN, suit=HEARTS, isFaceDown=false), Card(rank=TEN, suit=SPADES, isFaceDown=false), Card(rank=TEN, suit=SPADES, isFaceDown=false), Card(rank=TWO, suit=HEARTS, isFaceDown=false), Card(rank=FOUR, suit=CLUBS, isFaceDown=false), Card(rank=QUEEN, suit=HEARTS, isFaceDown=false), Card(rank=TEN, suit=HEARTS, isFaceDown=false), Card(rank=NINE, suit=HEARTS, isFaceDown=false), Card(rank=THREE, suit=DIAMONDS, isFaceDown=false), Card(rank=TEN, suit=SPADES, isFaceDown=false), Card(rank=TEN, suit=DIAMONDS, isFaceDown=false), Card(rank=FOUR, suit=CLUBS, isFaceDown=false), Card(rank=EIGHT, suit=DIAMONDS, isFaceDown=false), Card(rank=SEVEN, suit=HEARTS, isFaceDown=false), Card(rank=TEN, suit=HEARTS, isFaceDown=false), Card(rank=SEVEN, suit=SPADES, isFaceDown=false), Card(rank=EIGHT, suit=SPADES, isFaceDown=false), Card(rank=TEN, suit=HEARTS, isFaceDown=false), Card(rank=EIGHT, suit=CLUBS, isFaceDown=false), Card(rank=SIX, suit=SPADES, isFaceDown=false), Card(rank=NINE, suit=SPADES, isFaceDown=false), Card(rank=THREE, suit=HEARTS, isFaceDown=false), Card(rank=FOUR, suit=HEARTS, isFaceDown=false), Card(rank=EIGHT, suit=DIAMONDS, isFaceDown=false), Card(rank=FIVE, suit=HEARTS, isFaceDown=false), Card(rank=QUEEN, suit=CLUBS, isFaceDown=false), Card(rank=KING, suit=DIAMONDS, isFaceDown=false), Card(rank=SIX, suit=SPADES, isFaceDown=false), Card(rank=ACE, suit=DIAMONDS, isFaceDown=false), Card(rank=TEN, suit=DIAMONDS, isFaceDown=false), Card(rank=NINE, suit=DIAMONDS, isFaceDown=false), Card(rank=ACE, suit=CLUBS, isFaceDown=false), Card(rank=FOUR, suit=HEARTS, isFaceDown=false), Card(rank=THREE, suit=SPADES, isFaceDown=false), Card(rank=EIGHT, suit=HEARTS, isFaceDown=false), Card(rank=FIVE, suit=CLUBS, isFaceDown=false), Card(rank=ACE, suit=CLUBS, isFaceDown=false), Card(rank=FOUR, suit=CLUBS, isFaceDown=false), Card(rank=SIX, suit=DIAMONDS, isFaceDown=false), Card(rank=FIVE, suit=CLUBS, isFaceDown=false), Card(rank=FOUR, suit=CLUBS, isFaceDown=false), Card(rank=JACK, suit=DIAMONDS, isFaceDown=false), Card(rank=JACK, suit=HEARTS, isFaceDown=false), Card(rank=TWO, suit=HEARTS, isFaceDown=false), Card(rank=QUEEN, suit=DIAMONDS, isFaceDown=false), Card(rank=FOUR, suit=DIAMONDS, isFaceDown=false), Card(rank=NINE, suit=HEARTS, isFaceDown=false), Card(rank=EIGHT, suit=HEARTS, isFaceDown=false), Card(rank=SIX, suit=SPADES, isFaceDown=false), Card(rank=NINE, suit=CLUBS, isFaceDown=false), Card(rank=NINE, suit=CLUBS, isFaceDown=false), Card(rank=TWO, suit=DIAMONDS, isFaceDown=false), Card(rank=FIVE, suit=SPADES, isFaceDown=false), Card(rank=KING, suit=DIAMONDS, isFaceDown=false), Card(rank=SIX, suit=HEARTS, isFaceDown=false), Card(rank=JACK, suit=DIAMONDS, isFaceDown=false), Card(rank=JACK, suit=HEARTS, isFaceDown=false), Card(rank=FOUR, suit=SPADES, isFaceDown=false), Card(rank=JACK, suit=SPADES, isFaceDown=false), Card(rank=SEVEN, suit=DIAMONDS, isFaceDown=false), Card(rank=TEN, suit=CLUBS, isFaceDown=false), Card(rank=ACE, suit=SPADES, isFaceDown=false), Card(rank=FOUR, suit=HEARTS, isFaceDown=false), Card(rank=JACK, suit=HEARTS, isFaceDown=false), Card(rank=EIGHT, suit=DIAMONDS, isFaceDown=false), Card(rank=FOUR, suit=DIAMONDS, isFaceDown=false), Card(rank=QUEEN, suit=DIAMONDS, isFaceDown=false), Card(rank=JACK, suit=SPADES, isFaceDown=false), Card(rank=THREE, suit=DIAMONDS, isFaceDown=false), Card(rank=FIVE, suit=CLUBS, isFaceDown=false), Card(rank=SEVEN, suit=CLUBS, isFaceDown=false), Card(rank=SEVEN, suit=CLUBS, isFaceDown=false), Card(rank=KING, suit=HEARTS, isFaceDown=false), Card(rank=SEVEN, suit=DIAMONDS, isFaceDown=false), Card(rank=TEN, suit=CLUBS, isFaceDown=false), Card(rank=JACK, suit=SPADES, isFaceDown=false), Card(rank=EIGHT, suit=HEARTS, isFaceDown=false), Card(rank=FIVE, suit=SPADES, isFaceDown=false), Card(rank=KING, suit=CLUBS, isFaceDown=false), Card(rank=THREE, suit=SPADES, isFaceDown=false), Card(rank=JACK, suit=HEARTS, isFaceDown=false), Card(rank=FIVE, suit=HEARTS, isFaceDown=false), Card(rank=SIX, suit=CLUBS, isFaceDown=false), Card(rank=SIX, suit=DIAMONDS, isFaceDown=false), Card(rank=QUEEN, suit=CLUBS, isFaceDown=false), Card(rank=FIVE, suit=DIAMONDS, isFaceDown=false), Card(rank=TEN, suit=CLUBS, isFaceDown=false), Card(rank=FIVE, suit=SPADES, isFaceDown=false), Card(rank=NINE, suit=DIAMONDS, isFaceDown=false), Card(rank=FOUR, suit=SPADES, isFaceDown=false), Card(rank=FIVE, suit=DIAMONDS, isFaceDown=false), Card(rank=TWO, suit=CLUBS, isFaceDown=false), Card(rank=JACK, suit=CLUBS, isFaceDown=false), Card(rank=FIVE, suit=HEARTS, isFaceDown=false), Card(rank=ACE, suit=HEARTS, isFaceDown=false), Card(rank=SEVEN, suit=DIAMONDS, isFaceDown=false), Card(rank=THREE, suit=CLUBS, isFaceDown=false), Card(rank=KING, suit=DIAMONDS, isFaceDown=false), Card(rank=SEVEN, suit=HEARTS, isFaceDown=false), Card(rank=EIGHT, suit=SPADES, isFaceDown=false), Card(rank=TWO, suit=CLUBS, isFaceDown=false), Card(rank=NINE, suit=DIAMONDS, isFaceDown=false), Card(rank=NINE, suit=DIAMONDS, isFaceDown=false), Card(rank=KING, suit=SPADES, isFaceDown=false), Card(rank=EIGHT, suit=CLUBS, isFaceDown=false), Card(rank=ACE, suit=SPADES, isFaceDown=false), Card(rank=EIGHT, suit=CLUBS, isFaceDown=false), Card(rank=NINE, suit=SPADES, isFaceDown=false), Card(rank=JACK, suit=CLUBS, isFaceDown=false), Card(rank=QUEEN, suit=DIAMONDS, isFaceDown=false), Card(rank=EIGHT, suit=SPADES, isFaceDown=false), Card(rank=JACK, suit=CLUBS, isFaceDown=false), Card(rank=KING, suit=CLUBS, isFaceDown=false), Card(rank=FOUR, suit=HEARTS, isFaceDown=false), Card(rank=NINE, suit=CLUBS, isFaceDown=false), Card(rank=NINE, suit=SPADES, isFaceDown=false), Card(rank=KING, suit=DIAMONDS, isFaceDown=false), Card(rank=TWO, suit=CLUBS, isFaceDown=false), Card(rank=QUEEN, suit=SPADES, isFaceDown=false), Card(rank=ACE, suit=HEARTS, isFaceDown=false), Card(rank=THREE, suit=HEARTS, isFaceDown=false), Card(rank=SEVEN, suit=HEARTS, isFaceDown=false), Card(rank=JACK, suit=CLUBS, isFaceDown=false), Card(rank=QUEEN, suit=SPADES, isFaceDown=false), Card(rank=FOUR, suit=HEARTS, isFaceDown=false), Card(rank=SEVEN, suit=SPADES, isFaceDown=false), Card(rank=THREE, suit=SPADES, isFaceDown=false), Card(rank=NINE, suit=HEARTS, isFaceDown=false), Card(rank=FOUR, suit=DIAMONDS, isFaceDown=false), Card(rank=TEN, suit=SPADES, isFaceDown=false), Card(rank=KING, suit=SPADES, isFaceDown=false), Card(rank=SEVEN, suit=CLUBS, isFaceDown=false), Card(rank=TWO, suit=CLUBS, isFaceDown=false), Card(rank=EIGHT, suit=HEARTS, isFaceDown=false), Card(rank=NINE, suit=SPADES, isFaceDown=false), Card(rank=ACE, suit=SPADES, isFaceDown=false), Card(rank=KING, suit=CLUBS, isFaceDown=false), Card(rank=ACE, suit=CLUBS, isFaceDown=false), Card(rank=FIVE, suit=CLUBS, isFaceDown=false), Card(rank=NINE, suit=DIAMONDS, isFaceDown=false), Card(rank=JACK, suit=DIAMONDS, isFaceDown=false), Card(rank=SEVEN, suit=SPADES, isFaceDown=false), Card(rank=FOUR, suit=HEARTS, isFaceDown=false), Card(rank=FOUR, suit=CLUBS, isFaceDown=false), Card(rank=JACK, suit=CLUBS, isFaceDown=false), Card(rank=ACE, suit=HEARTS, isFaceDown=false), Card(rank=FIVE, suit=DIAMONDS, isFaceDown=false), Card(rank=TWO, suit=DIAMONDS, isFaceDown=false), Card(rank=KING, suit=SPADES, isFaceDown=false), Card(rank=TWO, suit=HEARTS, isFaceDown=false), Card(rank=TEN, suit=SPADES, isFaceDown=false), Card(rank=TWO, suit=HEARTS, isFaceDown=false), Card(rank=SIX, suit=CLUBS, isFaceDown=false), Card(rank=SIX, suit=HEARTS, isFaceDown=false), Card(rank=TEN, suit=CLUBS, isFaceDown=false), Card(rank=KING, suit=SPADES, isFaceDown=false), Card(rank=THREE, suit=HEARTS, isFaceDown=false), Card(rank=ACE, suit=DIAMONDS, isFaceDown=false), Card(rank=TWO, suit=SPADES, isFaceDown=false), Card(rank=TEN, suit=HEARTS, isFaceDown=false), Card(rank=THREE, suit=HEARTS, isFaceDown=false), Card(rank=EIGHT, suit=DIAMONDS, isFaceDown=false), Card(rank=EIGHT, suit=HEARTS, isFaceDown=false), Card(rank=KING, suit=HEARTS, isFaceDown=false), Card(rank=QUEEN, suit=HEARTS, isFaceDown=false), Card(rank=TEN, suit=CLUBS, isFaceDown=false), Card(rank=SIX, suit=SPADES, isFaceDown=false), Card(rank=NINE, suit=DIAMONDS, isFaceDown=false), Card(rank=JACK, suit=DIAMONDS, isFaceDown=false), Card(rank=TWO, suit=DIAMONDS, isFaceDown=false), Card(rank=TEN, suit=DIAMONDS, isFaceDown=false), Card(rank=NINE, suit=HEARTS, isFaceDown=false)])
Verbose: (DefaultBlackjackStateMachine) SM reduce: DealCardToPlayer(seatIndex=0)
Verbose: (DefaultBlackjackStateMachine) SM action loop finished: DealCardToPlayer(seatIndex=0)
Verbose: (DefaultBlackjackStateMachine) SM reduce: DealCardToPlayer(seatIndex=1)
Verbose: (DefaultBlackjackStateMachine) SM action loop finished: DealCardToPlayer(seatIndex=1)
Verbose: (DefaultBlackjackStateMachine) SM reduce: DealCardToDealer(faceDown=false)
Verbose: (DefaultBlackjackStateMachine) SM action loop finished: DealCardToDealer(faceDown=false)
Verbose: (DefaultBlackjackStateMachine) SM reduce: DealCardToPlayer(seatIndex=0)
Verbose: (DefaultBlackjackStateMachine) SM action loop finished: DealCardToPlayer(seatIndex=0)
Verbose: (DefaultBlackjackStateMachine) SM reduce: DealCardToPlayer(seatIndex=1)
Verbose: (DefaultBlackjackStateMachine) SM action loop finished: DealCardToPlayer(seatIndex=1)
Verbose: (DefaultBlackjackStateMachine) SM reduce: DealCardToDealer(faceDown=true)
Verbose: (DefaultBlackjackStateMachine) SM action loop finished: DealCardToDealer(faceDown=true)
Verbose: (DefaultBlackjackStateMachine) SM reduce: ApplyInitialOutcome
Verbose: (DefaultBlackjackStateMachine) SM action loop finished: ApplyInitialOutcome
Debug: (DefaultBlackjackStateMachine) SM init block finally
Passed deal_createsTwoHandsWhenHandCount2()
Started resetSideBet_restoresBalanceAndClearsSpecificSideBet()
Verbose: (DefaultBlackjackStateMachine) SM reduce: ResetSideBet(type=PERFECT_PAIRS)
Verbose: (DefaultBlackjackStateMachine) SM action loop finished: ResetSideBet(type=PERFECT_PAIRS)
Debug: (DefaultBlackjackStateMachine) SM init block finally
Passed resetSideBet_restoresBalanceAndClearsSpecificSideBet()
Started selectHandCount_refundsBalanceWhenReducingHands()
Verbose: (DefaultBlackjackStateMachine) SM reduce: SelectHandCount(count=2)
Verbose: (DefaultBlackjackStateMachine) SM action loop finished: SelectHandCount(count=2)
Debug: (DefaultBlackjackStateMachine) SM init block finally
Passed selectHandCount_refundsBalanceWhenReducingHands()
Started deal_doesNotDeductBalanceForMultiHand()
Verbose: (DefaultBlackjackStateMachine) SM reduce: Deal
Verbose: (DefaultBlackjackStateMachine) SM action loop finished: Deal
Verbose: (DefaultBlackjackStateMachine) SM reduce: DealCardToPlayer(seatIndex=0)
Verbose: (DefaultBlackjackStateMachine) SM action loop finished: DealCardToPlayer(seatIndex=0)
Verbose: (DefaultBlackjackStateMachine) SM reduce: DealCardToPlayer(seatIndex=1)
Verbose: (DefaultBlackjackStateMachine) SM action loop finished: DealCardToPlayer(seatIndex=1)
Verbose: (DefaultBlackjackStateMachine) SM reduce: DealCardToPlayer(seatIndex=2)
Verbose: (DefaultBlackjackStateMachine) SM action loop finished: DealCardToPlayer(seatIndex=2)
Verbose: (DefaultBlackjackStateMachine) SM reduce: DealCardToDealer(faceDown=false)
Verbose: (DefaultBlackjackStateMachine) SM action loop finished: DealCardToDealer(faceDown=false)
Verbose: (DefaultBlackjackStateMachine) SM reduce: DealCardToPlayer(seatIndex=0)
Verbose: (DefaultBlackjackStateMachine) SM action loop finished: DealCardToPlayer(seatIndex=0)
Verbose: (DefaultBlackjackStateMachine) SM reduce: DealCardToPlayer(seatIndex=1)
Verbose: (DefaultBlackjackStateMachine) SM action loop finished: DealCardToPlayer(seatIndex=1)
Verbose: (DefaultBlackjackStateMachine) SM reduce: DealCardToPlayer(seatIndex=2)
Verbose: (DefaultBlackjackStateMachine) SM action loop finished: DealCardToPlayer(seatIndex=2)
Verbose: (DefaultBlackjackStateMachine) SM reduce: DealCardToDealer(faceDown=true)
Verbose: (DefaultBlackjackStateMachine) SM action loop finished: DealCardToDealer(faceDown=true)
Verbose: (DefaultBlackjackStateMachine) SM reduce: ApplyInitialOutcome
Verbose: (DefaultBlackjackStateMachine) SM action loop finished: ApplyInitialOutcome
Debug: (DefaultBlackjackStateMachine) SM init block finally
Passed deal_doesNotDeductBalanceForMultiHand()
Started selectHandCount_noBalanceChangeWhenNoBet()
Verbose: (DefaultBlackjackStateMachine) SM reduce: SelectHandCount(count=3)
Verbose: (DefaultBlackjackStateMachine) SM action loop finished: SelectHandCount(count=3)
Debug: (DefaultBlackjackStateMachine) SM init block finally
Passed selectHandCount_noBalanceChangeWhenNoBet()
Started newGame_usesRulesDeckCount()
Verbose: (DefaultBlackjackStateMachine) SM reduce: NewGame(initialBalance=null, rules=GameRules(dealerHitsSoft17=true, allowDoubleAfterSplit=true, allowSurrender=false, blackjackPayout=THREE_TO_TWO, deckCount=2, splitOnValueOnly=false, deterministicReshuffle=false), handCount=1, previousBets=[0], lastSideBets={})
Verbose: (DefaultBlackjackStateMachine) SM action loop finished: NewGame(initialBalance=null, rules=GameRules(dealerHitsSoft17=true, allowDoubleAfterSplit=true, allowSurrender=false, blackjackPayout=THREE_TO_TWO, deckCount=2, splitOnValueOnly=false, deterministicReshuffle=false), handCount=1, previousBets=[0], lastSideBets={})
Verbose: (DefaultBlackjackStateMachine) SM reduce: PlaceBet(amount=100, seatIndex=0)
Verbose: (DefaultBlackjackStateMachine) SM action loop finished: PlaceBet(amount=100, seatIndex=0)
Verbose: (DefaultBlackjackStateMachine) SM reduce: Deal
Verbose: (DefaultBlackjackStateMachine) SM action loop finished: Deal
Verbose: (DefaultBlackjackStateMachine) SM reduce: SetDeck(deck=[Card(rank=SEVEN, suit=DIAMONDS, isFaceDown=false), Card(rank=QUEEN, suit=CLUBS, isFaceDown=false), Card(rank=KING, suit=HEARTS, isFaceDown=false), Card(rank=TEN, suit=HEARTS, isFaceDown=false), Card(rank=FOUR, suit=DIAMONDS, isFaceDown=false), Card(rank=SIX, suit=SPADES, isFaceDown=false), Card(rank=SIX, suit=DIAMONDS, isFaceDown=false), Card(rank=QUEEN, suit=DIAMONDS, isFaceDown=false), Card(rank=SIX, suit=SPADES, isFaceDown=false), Card(rank=SEVEN, suit=CLUBS, isFaceDown=false), Card(rank=FOUR, suit=HEARTS, isFaceDown=false), Card(rank=FOUR, suit=SPADES, isFaceDown=false), Card(rank=FOUR, suit=SPADES, isFaceDown=false), Card(rank=EIGHT, suit=SPADES, isFaceDown=false), Card(rank=FIVE, suit=DIAMONDS, isFaceDown=false), Card(rank=JACK, suit=CLUBS, isFaceDown=false), Card(rank=KING, suit=SPADES, isFaceDown=false), Card(rank=EIGHT, suit=HEARTS, isFaceDown=false), Card(rank=QUEEN, suit=SPADES, isFaceDown=false), Card(rank=TWO, suit=DIAMONDS, isFaceDown=false), Card(rank=SEVEN, suit=SPADES, isFaceDown=false), Card(rank=NINE, suit=DIAMONDS, isFaceDown=false), Card(rank=KING, suit=SPADES, isFaceDown=false), Card(rank=NINE, suit=HEARTS, isFaceDown=false), Card(rank=TEN, suit=HEARTS, isFaceDown=false), Card(rank=SIX, suit=CLUBS, isFaceDown=false), Card(rank=KING, suit=HEARTS, isFaceDown=false), Card(rank=JACK, suit=CLUBS, isFaceDown=false), Card(rank=QUEEN, suit=HEARTS, isFaceDown=false), Card(rank=SIX, suit=HEARTS, isFaceDown=false), Card(rank=NINE, suit=SPADES, isFaceDown=false), Card(rank=FIVE, suit=CLUBS, isFaceDown=false), Card(rank=QUEEN, suit=CLUBS, isFaceDown=false), Card(rank=QUEEN, suit=SPADES, isFaceDown=false), Card(rank=ACE, suit=SPADES, isFaceDown=false), Card(rank=NINE, suit=CLUBS, isFaceDown=false), Card(rank=TWO, suit=SPADES, isFaceDown=false), Card(rank=THREE, suit=DIAMONDS, isFaceDown=false), Card(rank=ACE, suit=DIAMONDS, isFaceDown=false), Card(rank=JACK, suit=HEARTS, isFaceDown=false), Card(rank=FOUR, suit=HEARTS, isFaceDown=false), Card(rank=KING, suit=CLUBS, isFaceDown=false), Card(rank=FOUR, suit=CLUBS, isFaceDown=false), Card(rank=EIGHT, suit=DIAMONDS, isFaceDown=false), Card(rank=SEVEN, suit=CLUBS, isFaceDown=false), Card(rank=EIGHT, suit=CLUBS, isFaceDown=false), Card(rank=SEVEN, suit=SPADES, isFaceDown=false), Card(rank=SIX, suit=CLUBS, isFaceDown=false), Card(rank=TEN, suit=CLUBS, isFaceDown=false), Card(rank=ACE, suit=CLUBS, isFaceDown=false), Card(rank=EIGHT, suit=HEARTS, isFaceDown=false), Card(rank=FIVE, suit=HEARTS, isFaceDown=false), Card(rank=FIVE, suit=SPADES, isFaceDown=false), Card(rank=SIX, suit=DIAMONDS, isFaceDown=false), Card(rank=THREE, suit=DIAMONDS, isFaceDown=false), Card(rank=JACK, suit=DIAMONDS, isFaceDown=false), Card(rank=EIGHT, suit=DIAMONDS, isFaceDown=false), Card(rank=QUEEN, suit=HEARTS, isFaceDown=false), Card(rank=KING, suit=DIAMONDS, isFaceDown=false), Card(rank=TEN, suit=DIAMONDS, isFaceDown=false), Card(rank=TWO, suit=CLUBS, isFaceDown=false), Card(rank=TWO, suit=DIAMONDS, isFaceDown=false), Card(rank=NINE, suit=DIAMONDS, isFaceDown=false), Card(rank=KING, suit=DIAMONDS, isFaceDown=false), Card(rank=TWO, suit=HEARTS, isFaceDown=false), Card(rank=TWO, suit=SPADES, isFaceDown=false), Card(rank=TWO, suit=CLUBS, isFaceDown=false), Card(rank=NINE, suit=CLUBS, isFaceDown=false), Card(rank=EIGHT, suit=SPADES, isFaceDown=false), Card(rank=JACK, suit=SPADES, isFaceDown=false), Card(rank=SEVEN, suit=HEARTS, isFaceDown=false), Card(rank=EIGHT, suit=CLUBS, isFaceDown=false), Card(rank=THREE, suit=SPADES, isFaceDown=false), Card(rank=FIVE, suit=SPADES, isFaceDown=false), Card(rank=THREE, suit=CLUBS, isFaceDown=false), Card(rank=TEN, suit=SPADES, isFaceDown=false), Card(rank=SIX, suit=HEARTS, isFaceDown=false), Card(rank=THREE, suit=HEARTS, isFaceDown=false), Card(rank=ACE, suit=CLUBS, isFaceDown=false), Card(rank=JACK, suit=SPADES, isFaceDown=false), Card(rank=THREE, suit=HEARTS, isFaceDown=false), Card(rank=TEN, suit=SPADES, isFaceDown=false), Card(rank=JACK, suit=DIAMONDS, isFaceDown=false), Card(rank=FIVE, suit=CLUBS, isFaceDown=false), Card(rank=NINE, suit=SPADES, isFaceDown=false), Card(rank=KING, suit=CLUBS, isFaceDown=false), Card(rank=SEVEN, suit=HEARTS, isFaceDown=false), Card(rank=ACE, suit=HEARTS, isFaceDown=false), Card(rank=FOUR, suit=DIAMONDS, isFaceDown=false), Card(rank=TEN, suit=CLUBS, isFaceDown=false), Card(rank=JACK, suit=HEARTS, isFaceDown=false), Card(rank=TEN, suit=DIAMONDS, isFaceDown=false), Card(rank=QUEEN, suit=DIAMONDS, isFaceDown=false), Card(rank=TWO, suit=HEARTS, isFaceDown=false), Card(rank=THREE, suit=CLUBS, isFaceDown=false), Card(rank=THREE, suit=SPADES, isFaceDown=false), Card(rank=FIVE, suit=HEARTS, isFaceDown=false), Card(rank=FIVE, suit=DIAMONDS, isFaceDown=false), Card(rank=FOUR, suit=CLUBS, isFaceDown=false), Card(rank=ACE, suit=DIAMONDS, isFaceDown=false), Card(rank=ACE, suit=SPADES, isFaceDown=false), Card(rank=ACE, suit=HEARTS, isFaceDown=false), Card(rank=SEVEN, suit=DIAMONDS, isFaceDown=false), Card(rank=NINE, suit=HEARTS, isFaceDown=false)])
Verbose: (DefaultBlackjackStateMachine) SM action loop finished: SetDeck(deck=[Card(rank=SEVEN, suit=DIAMONDS, isFaceDown=false), Card(rank=QUEEN, suit=CLUBS, isFaceDown=false), Card(rank=KING, suit=HEARTS, isFaceDown=false), Card(rank=TEN, suit=HEARTS, isFaceDown=false), Card(rank=FOUR, suit=DIAMONDS, isFaceDown=false), Card(rank=SIX, suit=SPADES, isFaceDown=false), Card(rank=SIX, suit=DIAMONDS, isFaceDown=false), Card(rank=QUEEN, suit=DIAMONDS, isFaceDown=false), Card(rank=SIX, suit=SPADES, isFaceDown=false), Card(rank=SEVEN, suit=CLUBS, isFaceDown=false), Card(rank=FOUR, suit=HEARTS, isFaceDown=false), Card(rank=FOUR, suit=SPADES, isFaceDown=false), Card(rank=FOUR, suit=SPADES, isFaceDown=false), Card(rank=EIGHT, suit=SPADES, isFaceDown=false), Card(rank=FIVE, suit=DIAMONDS, isFaceDown=false), Card(rank=JACK, suit=CLUBS, isFaceDown=false), Card(rank=KING, suit=SPADES, isFaceDown=false), Card(rank=EIGHT, suit=HEARTS, isFaceDown=false), Card(rank=QUEEN, suit=SPADES, isFaceDown=false), Card(rank=TWO, suit=DIAMONDS, isFaceDown=false), Card(rank=SEVEN, suit=SPADES, isFaceDown=false), Card(rank=NINE, suit=DIAMONDS, isFaceDown=false), Card(rank=KING, suit=SPADES, isFaceDown=false), Card(rank=NINE, suit=HEARTS, isFaceDown=false), Card(rank=TEN, suit=HEARTS, isFaceDown=false), Card(rank=SIX, suit=CLUBS, isFaceDown=false), Card(rank=KING, suit=HEARTS, isFaceDown=false), Card(rank=JACK, suit=CLUBS, isFaceDown=false), Card(rank=QUEEN, suit=HEARTS, isFaceDown=false), Card(rank=SIX, suit=HEARTS, isFaceDown=false), Card(rank=NINE, suit=SPADES, isFaceDown=false), Card(rank=FIVE, suit=CLUBS, isFaceDown=false), Card(rank=QUEEN, suit=CLUBS, isFaceDown=false), Card(rank=QUEEN, suit=SPADES, isFaceDown=false), Card(rank=ACE, suit=SPADES, isFaceDown=false), Card(rank=NINE, suit=CLUBS, isFaceDown=false), Card(rank=TWO, suit=SPADES, isFaceDown=false), Card(rank=THREE, suit=DIAMONDS, isFaceDown=false), Card(rank=ACE, suit=DIAMONDS, isFaceDown=false), Card(rank=JACK, suit=HEARTS, isFaceDown=false), Card(rank=FOUR, suit=HEARTS, isFaceDown=false), Card(rank=KING, suit=CLUBS, isFaceDown=false), Card(rank=FOUR, suit=CLUBS, isFaceDown=false), Card(rank=EIGHT, suit=DIAMONDS, isFaceDown=false), Card(rank=SEVEN, suit=CLUBS, isFaceDown=false), Card(rank=EIGHT, suit=CLUBS, isFaceDown=false), Card(rank=SEVEN, suit=SPADES, isFaceDown=false), Card(rank=SIX, suit=CLUBS, isFaceDown=false), Card(rank=TEN, suit=CLUBS, isFaceDown=false), Card(rank=ACE, suit=CLUBS, isFaceDown=false), Card(rank=EIGHT, suit=HEARTS, isFaceDown=false), Card(rank=FIVE, suit=HEARTS, isFaceDown=false), Card(rank=FIVE, suit=SPADES, isFaceDown=false), Card(rank=SIX, suit=DIAMONDS, isFaceDown=false), Card(rank=THREE, suit=DIAMONDS, isFaceDown=false), Card(rank=JACK, suit=DIAMONDS, isFaceDown=false), Card(rank=EIGHT, suit=DIAMONDS, isFaceDown=false), Card(rank=QUEEN, suit=HEARTS, isFaceDown=false), Card(rank=KING, suit=DIAMONDS, isFaceDown=false), Card(rank=TEN, suit=DIAMONDS, isFaceDown=false), Card(rank=TWO, suit=CLUBS, isFaceDown=false), Card(rank=TWO, suit=DIAMONDS, isFaceDown=false), Card(rank=NINE, suit=DIAMONDS, isFaceDown=false), Card(rank=KING, suit=DIAMONDS, isFaceDown=false), Card(rank=TWO, suit=HEARTS, isFaceDown=false), Card(rank=TWO, suit=SPADES, isFaceDown=false), Card(rank=TWO, suit=CLUBS, isFaceDown=false), Card(rank=NINE, suit=CLUBS, isFaceDown=false), Card(rank=EIGHT, suit=SPADES, isFaceDown=false), Card(rank=JACK, suit=SPADES, isFaceDown=false), Card(rank=SEVEN, suit=HEARTS, isFaceDown=false), Card(rank=EIGHT, suit=CLUBS, isFaceDown=false), Card(rank=THREE, suit=SPADES, isFaceDown=false), Card(rank=FIVE, suit=SPADES, isFaceDown=false), Card(rank=THREE, suit=CLUBS, isFaceDown=false), Card(rank=TEN, suit=SPADES, isFaceDown=false), Card(rank=SIX, suit=HEARTS, isFaceDown=false), Card(rank=THREE, suit=HEARTS, isFaceDown=false), Card(rank=ACE, suit=CLUBS, isFaceDown=false), Card(rank=JACK, suit=SPADES, isFaceDown=false), Card(rank=THREE, suit=HEARTS, isFaceDown=false), Card(rank=TEN, suit=SPADES, isFaceDown=false), Card(rank=JACK, suit=DIAMONDS, isFaceDown=false), Card(rank=FIVE, suit=CLUBS, isFaceDown=false), Card(rank=NINE, suit=SPADES, isFaceDown=false), Card(rank=KING, suit=CLUBS, isFaceDown=false), Card(rank=SEVEN, suit=HEARTS, isFaceDown=false), Card(rank=ACE, suit=HEARTS, isFaceDown=false), Card(rank=FOUR, suit=DIAMONDS, isFaceDown=false), Card(rank=TEN, suit=CLUBS, isFaceDown=false), Card(rank=JACK, suit=HEARTS, isFaceDown=false), Card(rank=TEN, suit=DIAMONDS, isFaceDown=false), Card(rank=QUEEN, suit=DIAMONDS, isFaceDown=false), Card(rank=TWO, suit=HEARTS, isFaceDown=false), Card(rank=THREE, suit=CLUBS, isFaceDown=false), Card(rank=THREE, suit=SPADES, isFaceDown=false), Card(rank=FIVE, suit=HEARTS, isFaceDown=false), Card(rank=FIVE, suit=DIAMONDS, isFaceDown=false), Card(rank=FOUR, suit=CLUBS, isFaceDown=false), Card(rank=ACE, suit=DIAMONDS, isFaceDown=false), Card(rank=ACE, suit=SPADES, isFaceDown=false), Card(rank=ACE, suit=HEARTS, isFaceDown=false), Card(rank=SEVEN, suit=DIAMONDS, isFaceDown=false), Card(rank=NINE, suit=HEARTS, isFaceDown=false)])
Verbose: (DefaultBlackjackStateMachine) SM reduce: DealCardToPlayer(seatIndex=0)
Verbose: (DefaultBlackjackStateMachine) SM action loop finished: DealCardToPlayer(seatIndex=0)
Verbose: (DefaultBlackjackStateMachine) SM reduce: DealCardToDealer(faceDown=false)
Verbose: (DefaultBlackjackStateMachine) SM action loop finished: DealCardToDealer(faceDown=false)
Verbose: (DefaultBlackjackStateMachine) SM reduce: DealCardToPlayer(seatIndex=0)
Verbose: (DefaultBlackjackStateMachine) SM action loop finished: DealCardToPlayer(seatIndex=0)
Verbose: (DefaultBlackjackStateMachine) SM reduce: DealCardToDealer(faceDown=true)
Verbose: (DefaultBlackjackStateMachine) SM action loop finished: DealCardToDealer(faceDown=true)
Verbose: (DefaultBlackjackStateMachine) SM reduce: ApplyInitialOutcome
Verbose: (DefaultBlackjackStateMachine) SM action loop finished: ApplyInitialOutcome
Debug: (DefaultBlackjackStateMachine) SM init block finally
Passed newGame_usesRulesDeckCount()
Started resetBet_refundsAllSeats()
Verbose: (DefaultBlackjackStateMachine) SM reduce: ResetBet
Verbose: (DefaultBlackjackStateMachine) SM action loop finished: ResetBet
Debug: (DefaultBlackjackStateMachine) SM init block finally
Passed resetBet_refundsAllSeats()
Started selectHandCount_addingSeatsDoesNotPreCharge()
Verbose: (DefaultBlackjackStateMachine) SM reduce: SelectHandCount(count=3)
Verbose: (DefaultBlackjackStateMachine) SM action loop finished: SelectHandCount(count=3)
Debug: (DefaultBlackjackStateMachine) SM init block finally
Passed selectHandCount_addingSeatsDoesNotPreCharge()
Started placeBet_onSeat_deductsSeatAmountOnly()
Verbose: (DefaultBlackjackStateMachine) SM reduce: PlaceBet(amount=10, seatIndex=0)
Verbose: (DefaultBlackjackStateMachine) SM action loop finished: PlaceBet(amount=10, seatIndex=0)
Debug: (DefaultBlackjackStateMachine) SM init block finally
Passed placeBet_onSeat_deductsSeatAmountOnly()
Started placeBet_decreasesBalanceAndIncreasesCurrentBet()
Verbose: (DefaultBlackjackStateMachine) SM reduce: PlaceBet(amount=100, seatIndex=0)
Verbose: (DefaultBlackjackStateMachine) SM action loop finished: PlaceBet(amount=100, seatIndex=0)
Debug: (DefaultBlackjackStateMachine) SM init block finally
Passed placeBet_decreasesBalanceAndIncreasesCurrentBet()
Started deal_rejectedIfAnySeatHasNoBet()
Verbose: (DefaultBlackjackStateMachine) SM reduce: Deal
Verbose: (DefaultBlackjackStateMachine) SM action loop finished: Deal
Debug: (DefaultBlackjackStateMachine) SM init block finally
Passed deal_rejectedIfAnySeatHasNoBet()
Started updateRules_updatesGameRules()
Verbose: (DefaultBlackjackStateMachine) SM reduce: UpdateRules(rules=GameRules(dealerHitsSoft17=true, allowDoubleAfterSplit=true, allowSurrender=false, blackjackPayout=SIX_TO_FIVE, deckCount=6, splitOnValueOnly=false, deterministicReshuffle=false))
Verbose: (DefaultBlackjackStateMachine) SM action loop finished: UpdateRules(rules=GameRules(dealerHitsSoft17=true, allowDoubleAfterSplit=true, allowSurrender=false, blackjackPayout=SIX_TO_FIVE, deckCount=6, splitOnValueOnly=false, deterministicReshuffle=false))
Debug: (DefaultBlackjackStateMachine) SM init block finally
Passed updateRules_updatesGameRules()
Started selectHandCount_ignoresInvalidValues()
Verbose: (DefaultBlackjackStateMachine) SM reduce: SelectHandCount(count=0)
Verbose: (DefaultBlackjackStateMachine) SM action loop finished: SelectHandCount(count=0)
Verbose: (DefaultBlackjackStateMachine) SM reduce: SelectHandCount(count=4)
Verbose: (DefaultBlackjackStateMachine) SM action loop finished: SelectHandCount(count=4)
Debug: (DefaultBlackjackStateMachine) SM init block finally
Debug: (DefaultBlackjackStateMachine) SM init block finally
Passed selectHandCount_ignoresInvalidValues()
Started selectHandCount_ignoredOutsideBetting()
Verbose: (DefaultBlackjackStateMachine) SM reduce: SelectHandCount(count=2)
Verbose: (DefaultBlackjackStateMachine) SM action loop finished: SelectHandCount(count=2)
Debug: (DefaultBlackjackStateMachine) SM init block finally
Passed selectHandCount_ignoredOutsideBetting()
Started newGame_defaultDeckCountIs6()
Verbose: (DefaultBlackjackStateMachine) SM reduce: NewGame(initialBalance=null, rules=GameRules(dealerHitsSoft17=true, allowDoubleAfterSplit=true, allowSurrender=false, blackjackPayout=THREE_TO_TWO, deckCount=6, splitOnValueOnly=false, deterministicReshuffle=false), handCount=1, previousBets=[0], lastSideBets={})
Verbose: (DefaultBlackjackStateMachine) SM action loop finished: NewGame(initialBalance=null, rules=GameRules(dealerHitsSoft17=true, allowDoubleAfterSplit=true, allowSurrender=false, blackjackPayout=THREE_TO_TWO, deckCount=6, splitOnValueOnly=false, deterministicReshuffle=false), handCount=1, previousBets=[0], lastSideBets={})
Verbose: (DefaultBlackjackStateMachine) SM reduce: PlaceBet(amount=100, seatIndex=0)
Verbose: (DefaultBlackjackStateMachine) SM action loop finished: PlaceBet(amount=100, seatIndex=0)
Verbose: (DefaultBlackjackStateMachine) SM reduce: Deal
Verbose: (DefaultBlackjackStateMachine) SM action loop finished: Deal
Verbose: (DefaultBlackjackStateMachine) SM reduce: SetDeck(deck=[Card(rank=FIVE, suit=CLUBS, isFaceDown=false), Card(rank=SIX, suit=DIAMONDS, isFaceDown=false), Card(rank=ACE, suit=CLUBS, isFaceDown=false), Card(rank=SEVEN, suit=SPADES, isFaceDown=false), Card(rank=QUEEN, suit=SPADES, isFaceDown=false), Card(rank=EIGHT, suit=DIAMONDS, isFaceDown=false), Card(rank=FOUR, suit=DIAMONDS, isFaceDown=false), Card(rank=FIVE, suit=HEARTS, isFaceDown=false), Card(rank=SEVEN, suit=DIAMONDS, isFaceDown=false), Card(rank=JACK, suit=SPADES, isFaceDown=false), Card(rank=TEN, suit=SPADES, isFaceDown=false), Card(rank=EIGHT, suit=SPADES, isFaceDown=false), Card(rank=TWO, suit=SPADES, isFaceDown=false), Card(rank=KING, suit=SPADES, isFaceDown=false), Card(rank=QUEEN, suit=CLUBS, isFaceDown=false), Card(rank=QUEEN, suit=DIAMONDS, isFaceDown=false), Card(rank=QUEEN, suit=DIAMONDS, isFaceDown=false), Card(rank=JACK, suit=SPADES, isFaceDown=false), Card(rank=QUEEN, suit=SPADES, isFaceDown=false), Card(rank=TWO, suit=DIAMONDS, isFaceDown=false), Card(rank=QUEEN, suit=CLUBS, isFaceDown=false), Card(rank=FIVE, suit=SPADES, isFaceDown=false), Card(rank=TWO, suit=DIAMONDS, isFaceDown=false), Card(rank=ACE, suit=CLUBS, isFaceDown=false), Card(rank=THREE, suit=CLUBS, isFaceDown=false), Card(rank=NINE, suit=SPADES, isFaceDown=false), Card(rank=KING, suit=CLUBS, isFaceDown=false), Card(rank=QUEEN, suit=HEARTS, isFaceDown=false), Card(rank=TWO, suit=CLUBS, isFaceDown=false), Card(rank=JACK, suit=DIAMONDS, isFaceDown=false), Card(rank=THREE, suit=HEARTS, isFaceDown=false), Card(rank=EIGHT, suit=CLUBS, isFaceDown=false), Card(rank=ACE, suit=DIAMONDS, isFaceDown=false), Card(rank=FOUR, suit=CLUBS, isFaceDown=false), Card(rank=FIVE, suit=HEARTS, isFaceDown=false), Card(rank=EIGHT, suit=SPADES, isFaceDown=false), Card(rank=KING, suit=CLUBS, isFaceDown=false), Card(rank=SIX, suit=SPADES, isFaceDown=false), Card(rank=SEVEN, suit=CLUBS, isFaceDown=false), Card(rank=FIVE, suit=CLUBS, isFaceDown=false), Card(rank=QUEEN, suit=DIAMONDS, isFaceDown=false), Card(rank=JACK, suit=HEARTS, isFaceDown=false), Card(rank=SEVEN, suit=SPADES, isFaceDown=false), Card(rank=EIGHT, suit=HEARTS, isFaceDown=false), Card(rank=FIVE, suit=SPADES, isFaceDown=false), Card(rank=FOUR, suit=CLUBS, isFaceDown=false), Card(rank=KING, suit=CLUBS, isFaceDown=false), Card(rank=TEN, suit=HEARTS, isFaceDown=false), Card(rank=JACK, suit=CLUBS, isFaceDown=false), Card(rank=SIX, suit=SPADES, isFaceDown=false), Card(rank=NINE, suit=CLUBS, isFaceDown=false), Card(rank=ACE, suit=HEARTS, isFaceDown=false), Card(rank=FOUR, suit=DIAMONDS, isFaceDown=false), Card(rank=NINE, suit=HEARTS, isFaceDown=false), Card(rank=FIVE, suit=CLUBS, isFaceDown=false), Card(rank=SIX, suit=SPADES, isFaceDown=false), Card(rank=ACE, suit=DIAMONDS, isFaceDown=false), Card(rank=EIGHT, suit=HEARTS, isFaceDown=false), Card(rank=EIGHT, suit=CLUBS, isFaceDown=false), Card(rank=NINE, suit=SPADES, isFaceDown=false), Card(rank=SIX, suit=CLUBS, isFaceDown=false), Card(rank=KING, suit=DIAMONDS, isFaceDown=false), Card(rank=EIGHT, suit=SPADES, isFaceDown=false), Card(rank=TEN, suit=CLUBS, isFaceDown=false), Card(rank=EIGHT, suit=SPADES, isFaceDown=false), Card(rank=NINE, suit=SPADES, isFaceDown=false), Card(rank=FOUR, suit=CLUBS, isFaceDown=false), Card(rank=THREE, suit=DIAMONDS, isFaceDown=false), Card(rank=NINE, suit=HEARTS, isFaceDown=false), Card(rank=TEN, suit=DIAMONDS, isFaceDown=false), Card(rank=EIGHT, suit=HEARTS, isFaceDown=false), Card(rank=JACK, suit=CLUBS, isFaceDown=false), Card(rank=NINE, suit=CLUBS, isFaceDown=false), Card(rank=NINE, suit=DIAMONDS, isFaceDown=false), Card(rank=KING, suit=HEARTS, isFaceDown=false), Card(rank=SIX, suit=HEARTS, isFaceDown=false), Card(rank=SEVEN, suit=CLUBS, isFaceDown=false), Card(rank=QUEEN, suit=SPADES, isFaceDown=false), Card(rank=KING, suit=HEARTS, isFaceDown=false), Card(rank=SIX, suit=HEARTS, isFaceDown=false), Card(rank=JACK, suit=CLUBS, isFaceDown=false), Card(rank=KING, suit=HEARTS, isFaceDown=false), Card(rank=JACK, suit=CLUBS, isFaceDown=false), Card(rank=FIVE, suit=HEARTS, isFaceDown=false), Card(rank=THREE, suit=SPADES, isFaceDown=false), Card(rank=TEN, suit=DIAMONDS, isFaceDown=false), Card(rank=QUEEN, suit=HEARTS, isFaceDown=false), Card(rank=FIVE, suit=DIAMONDS, isFaceDown=false), Card(rank=TWO, suit=SPADES, isFaceDown=false), Card(rank=ACE, suit=HEARTS, isFaceDown=false), Card(rank=KING, suit=DIAMONDS, isFaceDown=false), Card(rank=ACE, suit=DIAMONDS, isFaceDown=false), Card(rank=TWO, suit=HEARTS, isFaceDown=false), Card(rank=TWO, suit=CLUBS, isFaceDown=false), Card(rank=JACK, suit=SPADES, isFaceDown=false), Card(rank=JACK, suit=HEARTS, isFaceDown=false), Card(rank=FIVE, suit=SPADES, isFaceDown=false), Card(rank=FOUR, suit=DIAMONDS, isFaceDown=false), Card(rank=NINE, suit=SPADES, isFaceDown=false), Card(rank=TEN, suit=DIAMONDS, isFaceDown=false), Card(rank=FOUR, suit=CLUBS, isFaceDown=false), Card(rank=THREE, suit=SPADES, isFaceDown=false), Card(rank=NINE, suit=DIAMONDS, isFaceDown=false), Card(rank=TEN, suit=SPADES, isFaceDown=false), Card(rank=EIGHT, suit=SPADES, isFaceDown=false), Card(rank=FIVE, suit=SPADES, isFaceDown=false), Card(rank=THREE, suit=HEARTS, isFaceDown=false), Card(rank=THREE, suit=CLUBS, isFaceDown=false), Card(rank=JACK, suit=HEARTS, isFaceDown=false), Card(rank=ACE, suit=SPADES, isFaceDown=false), Card(rank=FOUR, suit=DIAMONDS, isFaceDown=false), Card(rank=NINE, suit=DIAMONDS, isFaceDown=false), Card(rank=QUEEN, suit=HEARTS, isFaceDown=false), Card(rank=ACE, suit=CLUBS, isFaceDown=false), Card(rank=SEVEN, suit=DIAMONDS, isFaceDown=false), Card(rank=KING, suit=CLUBS, isFaceDown=false), Card(rank=QUEEN, suit=CLUBS, isFaceDown=false), Card(rank=KING, suit=SPADES, isFaceDown=false), Card(rank=THREE, suit=SPADES, isFaceDown=false), Card(rank=ACE, suit=DIAMONDS, isFaceDown=false), Card(rank=FOUR, suit=SPADES, isFaceDown=false), Card(rank=KING, suit=CLUBS, isFaceDown=false), Card(rank=NINE, suit=CLUBS, isFaceDown=false), Card(rank=FIVE, suit=CLUBS, isFaceDown=false), Card(rank=JACK, suit=HEARTS, isFaceDown=false), Card(rank=FOUR, suit=SPADES, isFaceDown=false), Card(rank=SEVEN, suit=HEARTS, isFaceDown=false), Card(rank=JACK, suit=DIAMONDS, isFaceDown=false), Card(rank=THREE, suit=SPADES, isFaceDown=false), Card(rank=SIX, suit=HEARTS, isFaceDown=false), Card(rank=KING, suit=SPADES, isFaceDown=false), Card(rank=EIGHT, suit=CLUBS, isFaceDown=false), Card(rank=EIGHT, suit=DIAMONDS, isFaceDown=false), Card(rank=SIX, suit=CLUBS, isFaceDown=false), Card(rank=THREE, suit=SPADES, isFaceDown=false), Card(rank=FIVE, suit=DIAMONDS, isFaceDown=false), Card(rank=ACE, suit=HEARTS, isFaceDown=false), Card(rank=QUEEN, suit=CLUBS, isFaceDown=false), Card(rank=JACK, suit=SPADES, isFaceDown=false), Card(rank=JACK, suit=SPADES, isFaceDown=false), Card(rank=TWO, suit=DIAMONDS, isFaceDown=false), Card(rank=JACK, suit=CLUBS, isFaceDown=false), Card(rank=TEN, suit=CLUBS, isFaceDown=false), Card(rank=FOUR, suit=CLUBS, isFaceDown=false), Card(rank=SIX, suit=CLUBS, isFaceDown=false), Card(rank=JACK, suit=HEARTS, isFaceDown=false), Card(rank=TWO, suit=HEARTS, isFaceDown=false), Card(rank=SIX, suit=SPADES, isFaceDown=false), Card(rank=TWO, suit=SPADES, isFaceDown=false), Card(rank=THREE, suit=HEARTS, isFaceDown=false), Card(rank=SEVEN, suit=DIAMONDS, isFaceDown=false), Card(rank=NINE, suit=CLUBS, isFaceDown=false), Card(rank=SEVEN, suit=HEARTS, isFaceDown=false), Card(rank=SEVEN, suit=CLUBS, isFaceDown=false), Card(rank=KING, suit=HEARTS, isFaceDown=false), Card(rank=TEN, suit=CLUBS, isFaceDown=false), Card(rank=TEN, suit=HEARTS, isFaceDown=false), Card(rank=TWO, suit=DIAMONDS, isFaceDown=false), Card(rank=ACE, suit=CLUBS, isFaceDown=false), Card(rank=KING, suit=SPADES, isFaceDown=false), Card(rank=TWO, suit=HEARTS, isFaceDown=false), Card(rank=ACE, suit=CLUBS, isFaceDown=false), Card(rank=FOUR, suit=HEARTS, isFaceDown=false), Card(rank=KING, suit=HEARTS, isFaceDown=false), Card(rank=FIVE, suit=HEARTS, isFaceDown=false), Card(rank=EIGHT, suit=DIAMONDS, isFaceDown=false), Card(rank=SEVEN, suit=CLUBS, isFaceDown=false), Card(rank=TWO, suit=SPADES, isFaceDown=false), Card(rank=THREE, suit=CLUBS, isFaceDown=false), Card(rank=FOUR, suit=SPADES, isFaceDown=false), Card(rank=FOUR, suit=DIAMONDS, isFaceDown=false), Card(rank=EIGHT, suit=CLUBS, isFaceDown=false), Card(rank=KING, suit=DIAMONDS, isFaceDown=false), Card(rank=TWO, suit=SPADES, isFaceDown=false), Card(rank=SEVEN, suit=HEARTS, isFaceDown=false), Card(rank=KING, suit=DIAMONDS, isFaceDown=false), Card(rank=TEN, suit=DIAMONDS, isFaceDown=false), Card(rank=THREE, suit=HEARTS, isFaceDown=false), Card(rank=QUEEN, suit=SPADES, isFaceDown=false), Card(rank=TWO, suit=HEARTS, isFaceDown=false), Card(rank=QUEEN, suit=DIAMONDS, isFaceDown=false), Card(rank=SEVEN, suit=HEARTS, isFaceDown=false), Card(rank=THREE, suit=DIAMONDS, isFaceDown=false), Card(rank=TEN, suit=CLUBS, isFaceDown=false), Card(rank=NINE, suit=SPADES, isFaceDown=false), Card(rank=EIGHT, suit=SPADES, isFaceDown=false), Card(rank=NINE, suit=HEARTS, isFaceDown=false), Card(rank=FIVE, suit=SPADES, isFaceDown=false), Card(rank=SIX, suit=SPADES, isFaceDown=false), Card(rank=THREE, suit=CLUBS, isFaceDown=false), Card(rank=FOUR, suit=HEARTS, isFaceDown=false), Card(rank=ACE, suit=HEARTS, isFaceDown=false), Card(rank=TEN, suit=SPADES, isFaceDown=false), Card(rank=ACE, suit=SPADES, isFaceDown=false), Card(rank=NINE, suit=HEARTS, isFaceDown=false), Card(rank=NINE, suit=DIAMONDS, isFaceDown=false), Card(rank=SIX, suit=HEARTS, isFaceDown=false), Card(rank=FIVE, suit=DIAMONDS, isFaceDown=false), Card(rank=SEVEN, suit=DIAMONDS, isFaceDown=false), Card(rank=SIX, suit=CLUBS, isFaceDown=false), Card(rank=SIX, suit=HEARTS, isFaceDown=false), Card(rank=SIX, suit=DIAMONDS, isFaceDown=false), Card(rank=FIVE, suit=DIAMONDS, isFaceDown=false), Card(rank=ACE, suit=SPADES, isFaceDown=false), Card(rank=EIGHT, suit=HEARTS, isFaceDown=false), Card(rank=FOUR, suit=HEARTS, isFaceDown=false), Card(rank=THREE, suit=CLUBS, isFaceDown=false), Card(rank=TWO, suit=SPADES, isFaceDown=false), Card(rank=SIX, suit=CLUBS, isFaceDown=false), Card(rank=FIVE, suit=CLUBS, isFaceDown=false), Card(rank=ACE, suit=HEARTS, isFaceDown=false), Card(rank=QUEEN, suit=HEARTS, isFaceDown=false), Card(rank=JACK, suit=CLUBS, isFaceDown=false), Card(rank=SEVEN, suit=HEARTS, isFaceDown=false), Card(rank=QUEEN, suit=HEARTS, isFaceDown=false), Card(rank=EIGHT, suit=DIAMONDS, isFaceDown=false), Card(rank=JACK, suit=HEARTS, isFaceDown=false), Card(rank=ACE, suit=SPADES, isFaceDown=false), Card(rank=TEN, suit=DIAMONDS, isFaceDown=false), Card(rank=ACE, suit=SPADES, isFaceDown=false), Card(rank=TWO, suit=HEARTS, isFaceDown=false), Card(rank=TWO, suit=DIAMONDS, isFaceDown=false), Card(rank=TEN, suit=SPADES, isFaceDown=false), Card(rank=THREE, suit=DIAMONDS, isFaceDown=false), Card(rank=KING, suit=SPADES, isFaceDown=false), Card(rank=SIX, suit=DIAMONDS, isFaceDown=false), Card(rank=JACK, suit=DIAMONDS, isFaceDown=false), Card(rank=SEVEN, suit=SPADES, isFaceDown=false), Card(rank=KING, suit=CLUBS, isFaceDown=false), Card(rank=SIX, suit=CLUBS, isFaceDown=false), Card(rank=THREE, suit=HEARTS, isFaceDown=false), Card(rank=SEVEN, suit=CLUBS, isFaceDown=false), Card(rank=ACE, suit=HEARTS, isFaceDown=false), Card(rank=QUEEN, suit=CLUBS, isFaceDown=false), Card(rank=THREE, suit=DIAMONDS, isFaceDown=false), Card(rank=NINE, suit=SPADES, isFaceDown=false), Card(rank=KING, suit=DIAMONDS, isFaceDown=false), Card(rank=FOUR, suit=CLUBS, isFaceDown=false), Card(rank=TWO, suit=DIAMONDS, isFaceDown=false), Card(rank=TEN, suit=CLUBS, isFaceDown=false), Card(rank=SIX, suit=HEARTS, isFaceDown=false), Card(rank=TEN, suit=DIAMONDS, isFaceDown=false), Card(rank=TWO, suit=HEARTS, isFaceDown=false), Card(rank=ACE, suit=DIAMONDS, isFaceDown=false), Card(rank=QUEEN, suit=CLUBS, isFaceDown=false), Card(rank=SEVEN, suit=SPADES, isFaceDown=false), Card(rank=FOUR, suit=HEARTS, isFaceDown=false), Card(rank=NINE, suit=DIAMONDS, isFaceDown=false), Card(rank=SIX, suit=DIAMONDS, isFaceDown=false), Card(rank=NINE, suit=HEARTS, isFaceDown=false), Card(rank=FOUR, suit=SPADES, isFaceDown=false), Card(rank=NINE, suit=CLUBS, isFaceDown=false), Card(rank=TWO, suit=CLUBS, isFaceDown=false), Card(rank=KING, suit=HEARTS, isFaceDown=false), Card(rank=SEVEN, suit=DIAMONDS, isFaceDown=false), Card(rank=FIVE, suit=SPADES, isFaceDown=false), Card(rank=ACE, suit=DIAMONDS, isFaceDown=false), Card(rank=FOUR, suit=HEARTS, isFaceDown=false), Card(rank=FIVE, suit=HEARTS, isFaceDown=false), Card(rank=SEVEN, suit=HEARTS, isFaceDown=false), Card(rank=TEN, suit=HEARTS, isFaceDown=false), Card(rank=NINE, suit=CLUBS, isFaceDown=false), Card(rank=SEVEN, suit=SPADES, isFaceDown=false), Card(rank=EIGHT, suit=DIAMONDS, isFaceDown=false), Card(rank=THREE, suit=SPADES, isFaceDown=false), Card(rank=QUEEN, suit=DIAMONDS, isFaceDown=false), Card(rank=SEVEN, suit=SPADES, isFaceDown=false), Card(rank=KING, suit=SPADES, isFaceDown=false), Card(rank=THREE, suit=DIAMONDS, isFaceDown=false), Card(rank=SEVEN, suit=CLUBS, isFaceDown=false), Card(rank=TWO, suit=CLUBS, isFaceDown=false), Card(rank=EIGHT, suit=DIAMONDS, isFaceDown=false), Card(rank=ACE, suit=SPADES, isFaceDown=false), Card(rank=NINE, suit=DIAMONDS, isFaceDown=false), Card(rank=SEVEN, suit=DIAMONDS, isFaceDown=false), Card(rank=JACK, suit=DIAMONDS, isFaceDown=false), Card(rank=JACK, suit=SPADES, isFaceDown=false), Card(rank=TWO, suit=CLUBS, isFaceDown=false), Card(rank=THREE, suit=DIAMONDS, isFaceDown=false), Card(rank=THREE, suit=HEARTS, isFaceDown=false), Card(rank=SIX, suit=DIAMONDS, isFaceDown=false), Card(rank=FIVE, suit=DIAMONDS, isFaceDown=false), Card(rank=KING, suit=DIAMONDS, isFaceDown=false), Card(rank=TEN, suit=SPADES, isFaceDown=false), Card(rank=ACE, suit=CLUBS, isFaceDown=false), Card(rank=SIX, suit=DIAMONDS, isFaceDown=false), Card(rank=QUEEN, suit=SPADES, isFaceDown=false), Card(rank=TEN, suit=HEARTS, isFaceDown=false), Card(rank=FOUR, suit=DIAMONDS, isFaceDown=false), Card(rank=FOUR, suit=HEARTS, isFaceDown=false), Card(rank=TEN, suit=HEARTS, isFaceDown=false), Card(rank=QUEEN, suit=SPADES, isFaceDown=false), Card(rank=TWO, suit=CLUBS, isFaceDown=false), Card(rank=JACK, suit=DIAMONDS, isFaceDown=false), Card(rank=FIVE, suit=CLUBS, isFaceDown=false), Card(rank=QUEEN, suit=HEARTS, isFaceDown=false), Card(rank=FOUR, suit=SPADES, isFaceDown=false), Card(rank=TEN, suit=CLUBS, isFaceDown=false), Card(rank=THREE, suit=CLUBS, isFaceDown=false), Card(rank=TEN, suit=HEARTS, isFaceDown=false), Card(rank=SIX, suit=SPADES, isFaceDown=false), Card(rank=EIGHT, suit=HEARTS, isFaceDown=false), Card(rank=NINE, suit=HEARTS, isFaceDown=false), Card(rank=FIVE, suit=HEARTS, isFaceDown=false), Card(rank=EIGHT, suit=CLUBS, isFaceDown=false), Card(rank=JACK, suit=DIAMONDS, isFaceDown=false), Card(rank=QUEEN, suit=DIAMONDS, isFaceDown=false), Card(rank=FOUR, suit=SPADES, isFaceDown=false), Card(rank=EIGHT, suit=HEARTS, isFaceDown=false), Card(rank=EIGHT, suit=CLUBS, isFaceDown=false), Card(rank=TEN, suit=SPADES, isFaceDown=false), Card(rank=FIVE, suit=DIAMONDS, isFaceDown=false)])
Verbose: (DefaultBlackjackStateMachine) SM action loop finished: SetDeck(deck=[Card(rank=FIVE, suit=CLUBS, isFaceDown=false), Card(rank=SIX, suit=DIAMONDS, isFaceDown=false), Card(rank=ACE, suit=CLUBS, isFaceDown=false), Card(rank=SEVEN, suit=SPADES, isFaceDown=false), Card(rank=QUEEN, suit=SPADES, isFaceDown=false), Card(rank=EIGHT, suit=DIAMONDS, isFaceDown=false), Card(rank=FOUR, suit=DIAMONDS, isFaceDown=false), Card(rank=FIVE, suit=HEARTS, isFaceDown=false), Card(rank=SEVEN, suit=DIAMONDS, isFaceDown=false), Card(rank=JACK, suit=SPADES, isFaceDown=false), Card(rank=TEN, suit=SPADES, isFaceDown=false), Card(rank=EIGHT, suit=SPADES, isFaceDown=false), Card(rank=TWO, suit=SPADES, isFaceDown=false), Card(rank=KING, suit=SPADES, isFaceDown=false), Card(rank=QUEEN, suit=CLUBS, isFaceDown=false), Card(rank=QUEEN, suit=DIAMONDS, isFaceDown=false), Card(rank=QUEEN, suit=DIAMONDS, isFaceDown=false), Card(rank=JACK, suit=SPADES, isFaceDown=false), Card(rank=QUEEN, suit=SPADES, isFaceDown=false), Card(rank=TWO, suit=DIAMONDS, isFaceDown=false), Card(rank=QUEEN, suit=CLUBS, isFaceDown=false), Card(rank=FIVE, suit=SPADES, isFaceDown=false), Card(rank=TWO, suit=DIAMONDS, isFaceDown=false), Card(rank=ACE, suit=CLUBS, isFaceDown=false), Card(rank=THREE, suit=CLUBS, isFaceDown=false), Card(rank=NINE, suit=SPADES, isFaceDown=false), Card(rank=KING, suit=CLUBS, isFaceDown=false), Card(rank=QUEEN, suit=HEARTS, isFaceDown=false), Card(rank=TWO, suit=CLUBS, isFaceDown=false), Card(rank=JACK, suit=DIAMONDS, isFaceDown=false), Card(rank=THREE, suit=HEARTS, isFaceDown=false), Card(rank=EIGHT, suit=CLUBS, isFaceDown=false), Card(rank=ACE, suit=DIAMONDS, isFaceDown=false), Card(rank=FOUR, suit=CLUBS, isFaceDown=false), Card(rank=FIVE, suit=HEARTS, isFaceDown=false), Card(rank=EIGHT, suit=SPADES, isFaceDown=false), Card(rank=KING, suit=CLUBS, isFaceDown=false), Card(rank=SIX, suit=SPADES, isFaceDown=false), Card(rank=SEVEN, suit=CLUBS, isFaceDown=false), Card(rank=FIVE, suit=CLUBS, isFaceDown=false), Card(rank=QUEEN, suit=DIAMONDS, isFaceDown=false), Card(rank=JACK, suit=HEARTS, isFaceDown=false), Card(rank=SEVEN, suit=SPADES, isFaceDown=false), Card(rank=EIGHT, suit=HEARTS, isFaceDown=false), Card(rank=FIVE, suit=SPADES, isFaceDown=false), Card(rank=FOUR, suit=CLUBS, isFaceDown=false), Card(rank=KING, suit=CLUBS, isFaceDown=false), Card(rank=TEN, suit=HEARTS, isFaceDown=false), Card(rank=JACK, suit=CLUBS, isFaceDown=false), Card(rank=SIX, suit=SPADES, isFaceDown=false), Card(rank=NINE, suit=CLUBS, isFaceDown=false), Card(rank=ACE, suit=HEARTS, isFaceDown=false), Card(rank=FOUR, suit=DIAMONDS, isFaceDown=false), Card(rank=NINE, suit=HEARTS, isFaceDown=false), Card(rank=FIVE, suit=CLUBS, isFaceDown=false), Card(rank=SIX, suit=SPADES, isFaceDown=false), Card(rank=ACE, suit=DIAMONDS, isFaceDown=false), Card(rank=EIGHT, suit=HEARTS, isFaceDown=false), Card(rank=EIGHT, suit=CLUBS, isFaceDown=false), Card(rank=NINE, suit=SPADES, isFaceDown=false), Card(rank=SIX, suit=CLUBS, isFaceDown=false), Card(rank=KING, suit=DIAMONDS, isFaceDown=false), Card(rank=EIGHT, suit=SPADES, isFaceDown=false), Card(rank=TEN, suit=CLUBS, isFaceDown=false), Card(rank=EIGHT, suit=SPADES, isFaceDown=false), Card(rank=NINE, suit=SPADES, isFaceDown=false), Card(rank=FOUR, suit=CLUBS, isFaceDown=false), Card(rank=THREE, suit=DIAMONDS, isFaceDown=false), Card(rank=NINE, suit=HEARTS, isFaceDown=false), Card(rank=TEN, suit=DIAMONDS, isFaceDown=false), Card(rank=EIGHT, suit=HEARTS, isFaceDown=false), Card(rank=JACK, suit=CLUBS, isFaceDown=false), Card(rank=NINE, suit=CLUBS, isFaceDown=false), Card(rank=NINE, suit=DIAMONDS, isFaceDown=false), Card(rank=KING, suit=HEARTS, isFaceDown=false), Card(rank=SIX, suit=HEARTS, isFaceDown=false), Card(rank=SEVEN, suit=CLUBS, isFaceDown=false), Card(rank=QUEEN, suit=SPADES, isFaceDown=false), Card(rank=KING, suit=HEARTS, isFaceDown=false), Card(rank=SIX, suit=HEARTS, isFaceDown=false), Card(rank=JACK, suit=CLUBS, isFaceDown=false), Card(rank=KING, suit=HEARTS, isFaceDown=false), Card(rank=JACK, suit=CLUBS, isFaceDown=false), Card(rank=FIVE, suit=HEARTS, isFaceDown=false), Card(rank=THREE, suit=SPADES, isFaceDown=false), Card(rank=TEN, suit=DIAMONDS, isFaceDown=false), Card(rank=QUEEN, suit=HEARTS, isFaceDown=false), Card(rank=FIVE, suit=DIAMONDS, isFaceDown=false), Card(rank=TWO, suit=SPADES, isFaceDown=false), Card(rank=ACE, suit=HEARTS, isFaceDown=false), Card(rank=KING, suit=DIAMONDS, isFaceDown=false), Card(rank=ACE, suit=DIAMONDS, isFaceDown=false), Card(rank=TWO, suit=HEARTS, isFaceDown=false), Card(rank=TWO, suit=CLUBS, isFaceDown=false), Card(rank=JACK, suit=SPADES, isFaceDown=false), Card(rank=JACK, suit=HEARTS, isFaceDown=false), Card(rank=FIVE, suit=SPADES, isFaceDown=false), Card(rank=FOUR, suit=DIAMONDS, isFaceDown=false), Card(rank=NINE, suit=SPADES, isFaceDown=false), Card(rank=TEN, suit=DIAMONDS, isFaceDown=false), Card(rank=FOUR, suit=CLUBS, isFaceDown=false), Card(rank=THREE, suit=SPADES, isFaceDown=false), Card(rank=NINE, suit=DIAMONDS, isFaceDown=false), Card(rank=TEN, suit=SPADES, isFaceDown=false), Card(rank=EIGHT, suit=SPADES, isFaceDown=false), Card(rank=FIVE, suit=SPADES, isFaceDown=false), Card(rank=THREE, suit=HEARTS, isFaceDown=false), Card(rank=THREE, suit=CLUBS, isFaceDown=false), Card(rank=JACK, suit=HEARTS, isFaceDown=false), Card(rank=ACE, suit=SPADES, isFaceDown=false), Card(rank=FOUR, suit=DIAMONDS, isFaceDown=false), Card(rank=NINE, suit=DIAMONDS, isFaceDown=false), Card(rank=QUEEN, suit=HEARTS, isFaceDown=false), Card(rank=ACE, suit=CLUBS, isFaceDown=false), Card(rank=SEVEN, suit=DIAMONDS, isFaceDown=false), Card(rank=KING, suit=CLUBS, isFaceDown=false), Card(rank=QUEEN, suit=CLUBS, isFaceDown=false), Card(rank=KING, suit=SPADES, isFaceDown=false), Card(rank=THREE, suit=SPADES, isFaceDown=false), Card(rank=ACE, suit=DIAMONDS, isFaceDown=false), Card(rank=FOUR, suit=SPADES, isFaceDown=false), Card(rank=KING, suit=CLUBS, isFaceDown=false), Card(rank=NINE, suit=CLUBS, isFaceDown=false), Card(rank=FIVE, suit=CLUBS, isFaceDown=false), Card(rank=JACK, suit=HEARTS, isFaceDown=false), Card(rank=FOUR, suit=SPADES, isFaceDown=false), Card(rank=SEVEN, suit=HEARTS, isFaceDown=false), Card(rank=JACK, suit=DIAMONDS, isFaceDown=false), Card(rank=THREE, suit=SPADES, isFaceDown=false), Card(rank=SIX, suit=HEARTS, isFaceDown=false), Card(rank=KING, suit=SPADES, isFaceDown=false), Card(rank=EIGHT, suit=CLUBS, isFaceDown=false), Card(rank=EIGHT, suit=DIAMONDS, isFaceDown=false), Card(rank=SIX, suit=CLUBS, isFaceDown=false), Card(rank=THREE, suit=SPADES, isFaceDown=false), Card(rank=FIVE, suit=DIAMONDS, isFaceDown=false), Card(rank=ACE, suit=HEARTS, isFaceDown=false), Card(rank=QUEEN, suit=CLUBS, isFaceDown=false), Card(rank=JACK, suit=SPADES, isFaceDown=false), Card(rank=JACK, suit=SPADES, isFaceDown=false), Card(rank=TWO, suit=DIAMONDS, isFaceDown=false), Card(rank=JACK, suit=CLUBS, isFaceDown=false), Card(rank=TEN, suit=CLUBS, isFaceDown=false), Card(rank=FOUR, suit=CLUBS, isFaceDown=false), Card(rank=SIX, suit=CLUBS, isFaceDown=false), Card(rank=JACK, suit=HEARTS, isFaceDown=false), Card(rank=TWO, suit=HEARTS, isFaceDown=false), Card(rank=SIX, suit=SPADES, isFaceDown=false), Card(rank=TWO, suit=SPADES, isFaceDown=false), Card(rank=THREE, suit=HEARTS, isFaceDown=false), Card(rank=SEVEN, suit=DIAMONDS, isFaceDown=false), Card(rank=NINE, suit=CLUBS, isFaceDown=false), Card(rank=SEVEN, suit=HEARTS, isFaceDown=false), Card(rank=SEVEN, suit=CLUBS, isFaceDown=false), Card(rank=KING, suit=HEARTS, isFaceDown=false), Card(rank=TEN, suit=CLUBS, isFaceDown=false), Card(rank=TEN, suit=HEARTS, isFaceDown=false), Card(rank=TWO, suit=DIAMONDS, isFaceDown=false), Card(rank=ACE, suit=CLUBS, isFaceDown=false), Card(rank=KING, suit=SPADES, isFaceDown=false), Card(rank=TWO, suit=HEARTS, isFaceDown=false), Card(rank=ACE, suit=CLUBS, isFaceDown=false), Card(rank=FOUR, suit=HEARTS, isFaceDown=false), Card(rank=KING, suit=HEARTS, isFaceDown=false), Card(rank=FIVE, suit=HEARTS, isFaceDown=false), Card(rank=EIGHT, suit=DIAMONDS, isFaceDown=false), Card(rank=SEVEN, suit=CLUBS, isFaceDown=false), Card(rank=TWO, suit=SPADES, isFaceDown=false), Card(rank=THREE, suit=CLUBS, isFaceDown=false), Card(rank=FOUR, suit=SPADES, isFaceDown=false), Card(rank=FOUR, suit=DIAMONDS, isFaceDown=false), Card(rank=EIGHT, suit=CLUBS, isFaceDown=false), Card(rank=KING, suit=DIAMONDS, isFaceDown=false), Card(rank=TWO, suit=SPADES, isFaceDown=false), Card(rank=SEVEN, suit=HEARTS, isFaceDown=false), Card(rank=KING, suit=DIAMONDS, isFaceDown=false), Card(rank=TEN, suit=DIAMONDS, isFaceDown=false), Card(rank=THREE, suit=HEARTS, isFaceDown=false), Card(rank=QUEEN, suit=SPADES, isFaceDown=false), Card(rank=TWO, suit=HEARTS, isFaceDown=false), Card(rank=QUEEN, suit=DIAMONDS, isFaceDown=false), Card(rank=SEVEN, suit=HEARTS, isFaceDown=false), Card(rank=THREE, suit=DIAMONDS, isFaceDown=false), Card(rank=TEN, suit=CLUBS, isFaceDown=false), Card(rank=NINE, suit=SPADES, isFaceDown=false), Card(rank=EIGHT, suit=SPADES, isFaceDown=false), Card(rank=NINE, suit=HEARTS, isFaceDown=false), Card(rank=FIVE, suit=SPADES, isFaceDown=false), Card(rank=SIX, suit=SPADES, isFaceDown=false), Card(rank=THREE, suit=CLUBS, isFaceDown=false), Card(rank=FOUR, suit=HEARTS, isFaceDown=false), Card(rank=ACE, suit=HEARTS, isFaceDown=false), Card(rank=TEN, suit=SPADES, isFaceDown=false), Card(rank=ACE, suit=SPADES, isFaceDown=false), Card(rank=NINE, suit=HEARTS, isFaceDown=false), Card(rank=NINE, suit=DIAMONDS, isFaceDown=false), Card(rank=SIX, suit=HEARTS, isFaceDown=false), Card(rank=FIVE, suit=DIAMONDS, isFaceDown=false), Card(rank=SEVEN, suit=DIAMONDS, isFaceDown=false), Card(rank=SIX, suit=CLUBS, isFaceDown=false), Card(rank=SIX, suit=HEARTS, isFaceDown=false), Card(rank=SIX, suit=DIAMONDS, isFaceDown=false), Card(rank=FIVE, suit=DIAMONDS, isFaceDown=false), Card(rank=ACE, suit=SPADES, isFaceDown=false), Card(rank=EIGHT, suit=HEARTS, isFaceDown=false), Card(rank=FOUR, suit=HEARTS, isFaceDown=false), Card(rank=THREE, suit=CLUBS, isFaceDown=false), Card(rank=TWO, suit=SPADES, isFaceDown=false), Card(rank=SIX, suit=CLUBS, isFaceDown=false), Card(rank=FIVE, suit=CLUBS, isFaceDown=false), Card(rank=ACE, suit=HEARTS, isFaceDown=false), Card(rank=QUEEN, suit=HEARTS, isFaceDown=false), Card(rank=JACK, suit=CLUBS, isFaceDown=false), Card(rank=SEVEN, suit=HEARTS, isFaceDown=false), Card(rank=QUEEN, suit=HEARTS, isFaceDown=false), Card(rank=EIGHT, suit=DIAMONDS, isFaceDown=false), Card(rank=JACK, suit=HEARTS, isFaceDown=false), Card(rank=ACE, suit=SPADES, isFaceDown=false), Card(rank=TEN, suit=DIAMONDS, isFaceDown=false), Card(rank=ACE, suit=SPADES, isFaceDown=false), Card(rank=TWO, suit=HEARTS, isFaceDown=false), Card(rank=TWO, suit=DIAMONDS, isFaceDown=false), Card(rank=TEN, suit=SPADES, isFaceDown=false), Card(rank=THREE, suit=DIAMONDS, isFaceDown=false), Card(rank=KING, suit=SPADES, isFaceDown=false), Card(rank=SIX, suit=DIAMONDS, isFaceDown=false), Card(rank=JACK, suit=DIAMONDS, isFaceDown=false), Card(rank=SEVEN, suit=SPADES, isFaceDown=false), Card(rank=KING, suit=CLUBS, isFaceDown=false), Card(rank=SIX, suit=CLUBS, isFaceDown=false), Card(rank=THREE, suit=HEARTS, isFaceDown=false), Card(rank=SEVEN, suit=CLUBS, isFaceDown=false), Card(rank=ACE, suit=HEARTS, isFaceDown=false), Card(rank=QUEEN, suit=CLUBS, isFaceDown=false), Card(rank=THREE, suit=DIAMONDS, isFaceDown=false), Card(rank=NINE, suit=SPADES, isFaceDown=false), Card(rank=KING, suit=DIAMONDS, isFaceDown=false), Card(rank=FOUR, suit=CLUBS, isFaceDown=false), Card(rank=TWO, suit=DIAMONDS, isFaceDown=false), Card(rank=TEN, suit=CLUBS, isFaceDown=false), Card(rank=SIX, suit=HEARTS, isFaceDown=false), Card(rank=TEN, suit=DIAMONDS, isFaceDown=false), Card(rank=TWO, suit=HEARTS, isFaceDown=false), Card(rank=ACE, suit=DIAMONDS, isFaceDown=false), Card(rank=QUEEN, suit=CLUBS, isFaceDown=false), Card(rank=SEVEN, suit=SPADES, isFaceDown=false), Card(rank=FOUR, suit=HEARTS, isFaceDown=false), Card(rank=NINE, suit=DIAMONDS, isFaceDown=false), Card(rank=SIX, suit=DIAMONDS, isFaceDown=false), Card(rank=NINE, suit=HEARTS, isFaceDown=false), Card(rank=FOUR, suit=SPADES, isFaceDown=false), Card(rank=NINE, suit=CLUBS, isFaceDown=false), Card(rank=TWO, suit=CLUBS, isFaceDown=false), Card(rank=KING, suit=HEARTS, isFaceDown=false), Card(rank=SEVEN, suit=DIAMONDS, isFaceDown=false), Card(rank=FIVE, suit=SPADES, isFaceDown=false), Card(rank=ACE, suit=DIAMONDS, isFaceDown=false), Card(rank=FOUR, suit=HEARTS, isFaceDown=false), Card(rank=FIVE, suit=HEARTS, isFaceDown=false), Card(rank=SEVEN, suit=HEARTS, isFaceDown=false), Card(rank=TEN, suit=HEARTS, isFaceDown=false), Card(rank=NINE, suit=CLUBS, isFaceDown=false), Card(rank=SEVEN, suit=SPADES, isFaceDown=false), Card(rank=EIGHT, suit=DIAMONDS, isFaceDown=false), Card(rank=THREE, suit=SPADES, isFaceDown=false), Card(rank=QUEEN, suit=DIAMONDS, isFaceDown=false), Card(rank=SEVEN, suit=SPADES, isFaceDown=false), Card(rank=KING, suit=SPADES, isFaceDown=false), Card(rank=THREE, suit=DIAMONDS, isFaceDown=false), Card(rank=SEVEN, suit=CLUBS, isFaceDown=false), Card(rank=TWO, suit=CLUBS, isFaceDown=false), Card(rank=EIGHT, suit=DIAMONDS, isFaceDown=false), Card(rank=ACE, suit=SPADES, isFaceDown=false), Card(rank=NINE, suit=DIAMONDS, isFaceDown=false), Card(rank=SEVEN, suit=DIAMONDS, isFaceDown=false), Card(rank=JACK, suit=DIAMONDS, isFaceDown=false), Card(rank=JACK, suit=SPADES, isFaceDown=false), Card(rank=TWO, suit=CLUBS, isFaceDown=false), Card(rank=THREE, suit=DIAMONDS, isFaceDown=false), Card(rank=THREE, suit=HEARTS, isFaceDown=false), Card(rank=SIX, suit=DIAMONDS, isFaceDown=false), Card(rank=FIVE, suit=DIAMONDS, isFaceDown=false), Card(rank=KING, suit=DIAMONDS, isFaceDown=false), Card(rank=TEN, suit=SPADES, isFaceDown=false), Card(rank=ACE, suit=CLUBS, isFaceDown=false), Card(rank=SIX, suit=DIAMONDS, isFaceDown=false), Card(rank=QUEEN, suit=SPADES, isFaceDown=false), Card(rank=TEN, suit=HEARTS, isFaceDown=false), Card(rank=FOUR, suit=DIAMONDS, isFaceDown=false), Card(rank=FOUR, suit=HEARTS, isFaceDown=false), Card(rank=TEN, suit=HEARTS, isFaceDown=false), Card(rank=QUEEN, suit=SPADES, isFaceDown=false), Card(rank=TWO, suit=CLUBS, isFaceDown=false), Card(rank=JACK, suit=DIAMONDS, isFaceDown=false), Card(rank=FIVE, suit=CLUBS, isFaceDown=false), Card(rank=QUEEN, suit=HEARTS, isFaceDown=false), Card(rank=FOUR, suit=SPADES, isFaceDown=false), Card(rank=TEN, suit=CLUBS, isFaceDown=false), Card(rank=THREE, suit=CLUBS, isFaceDown=false), Card(rank=TEN, suit=HEARTS, isFaceDown=false), Card(rank=SIX, suit=SPADES, isFaceDown=false), Card(rank=EIGHT, suit=HEARTS, isFaceDown=false), Card(rank=NINE, suit=HEARTS, isFaceDown=false), Card(rank=FIVE, suit=HEARTS, isFaceDown=false), Card(rank=EIGHT, suit=CLUBS, isFaceDown=false), Card(rank=JACK, suit=DIAMONDS, isFaceDown=false), Card(rank=QUEEN, suit=DIAMONDS, isFaceDown=false), Card(rank=FOUR, suit=SPADES, isFaceDown=false), Card(rank=EIGHT, suit=HEARTS, isFaceDown=false), Card(rank=EIGHT, suit=CLUBS, isFaceDown=false), Card(rank=TEN, suit=SPADES, isFaceDown=false), Card(rank=FIVE, suit=DIAMONDS, isFaceDown=false)])
Verbose: (DefaultBlackjackStateMachine) SM reduce: DealCardToPlayer(seatIndex=0)
Verbose: (DefaultBlackjackStateMachine) SM action loop finished: DealCardToPlayer(seatIndex=0)
Verbose: (DefaultBlackjackStateMachine) SM reduce: DealCardToDealer(faceDown=false)
Verbose: (DefaultBlackjackStateMachine) SM action loop finished: DealCardToDealer(faceDown=false)
Verbose: (DefaultBlackjackStateMachine) SM reduce: DealCardToPlayer(seatIndex=0)
Verbose: (DefaultBlackjackStateMachine) SM action loop finished: DealCardToPlayer(seatIndex=0)
Verbose: (DefaultBlackjackStateMachine) SM reduce: DealCardToDealer(faceDown=true)
Verbose: (DefaultBlackjackStateMachine) SM action loop finished: DealCardToDealer(faceDown=true)
Verbose: (DefaultBlackjackStateMachine) SM reduce: ApplyInitialOutcome
Verbose: (DefaultBlackjackStateMachine) SM action loop finished: ApplyInitialOutcome
Debug: (DefaultBlackjackStateMachine) SM init block finally
Passed newGame_defaultDeckCountIs6()
Started placeBet_multipleChipsAccumulate()
Verbose: (DefaultBlackjackStateMachine) SM reduce: PlaceBet(amount=50, seatIndex=0)
Verbose: (DefaultBlackjackStateMachine) SM action loop finished: PlaceBet(amount=50, seatIndex=0)
Verbose: (DefaultBlackjackStateMachine) SM reduce: PlaceBet(amount=100, seatIndex=0)
Verbose: (DefaultBlackjackStateMachine) SM action loop finished: PlaceBet(amount=100, seatIndex=0)
Debug: (DefaultBlackjackStateMachine) SM init block finally
Passed placeBet_multipleChipsAccumulate()
Started placeBet_rejectedForInvalidAmounts()
Verbose: (DefaultBlackjackStateMachine) SM reduce: PlaceBet(amount=0, seatIndex=0)
Verbose: (DefaultBlackjackStateMachine) SM action loop finished: PlaceBet(amount=0, seatIndex=0)
Verbose: (DefaultBlackjackStateMachine) SM reduce: PlaceBet(amount=-50, seatIndex=0)
Verbose: (DefaultBlackjackStateMachine) SM action loop finished: PlaceBet(amount=-50, seatIndex=0)
Verbose: (DefaultBlackjackStateMachine) SM reduce: PlaceBet(amount=1500, seatIndex=0)
Verbose: (DefaultBlackjackStateMachine) SM action loop finished: PlaceBet(amount=1500, seatIndex=0)
Debug: (DefaultBlackjackStateMachine) SM init block finally
Debug: (DefaultBlackjackStateMachine) SM init block finally
Debug: (DefaultBlackjackStateMachine) SM init block finally
Passed placeBet_rejectedForInvalidAmounts()
Started selectHandCount_updatesHandCount()
Verbose: (DefaultBlackjackStateMachine) SM reduce: SelectHandCount(count=3)
Verbose: (DefaultBlackjackStateMachine) SM action loop finished: SelectHandCount(count=3)
Debug: (DefaultBlackjackStateMachine) SM init block finally
Passed selectHandCount_updatesHandCount()
Started resetBet_restoresBalanceAndClearsCurrentBet()
Verbose: (DefaultBlackjackStateMachine) SM reduce: ResetBet
Verbose: (DefaultBlackjackStateMachine) SM action loop finished: ResetBet
Debug: (DefaultBlackjackStateMachine) SM init block finally
Passed resetBet_restoresBalanceAndClearsCurrentBet()
Started newGame_resetsToOneSeat()
Verbose: (DefaultBlackjackStateMachine) SM reduce: NewGame(initialBalance=null, rules=GameRules(dealerHitsSoft17=true, allowDoubleAfterSplit=true, allowSurrender=false, blackjackPayout=THREE_TO_TWO, deckCount=6, splitOnValueOnly=false, deterministicReshuffle=false), handCount=1, previousBets=[0], lastSideBets={})
Verbose: (DefaultBlackjackStateMachine) SM action loop finished: NewGame(initialBalance=null, rules=GameRules(dealerHitsSoft17=true, allowDoubleAfterSplit=true, allowSurrender=false, blackjackPayout=THREE_TO_TWO, deckCount=6, splitOnValueOnly=false, deterministicReshuffle=false), handCount=1, previousBets=[0], lastSideBets={})
Debug: (DefaultBlackjackStateMachine) SM init block finally
Passed newGame_resetsToOneSeat()
Completed BettingPhaseTest
Started SideBetIntegrationTest
Started sideBet_Persistence_Across_Rounds()
Verbose: (DefaultBlackjackStateMachine) SM reduce: Deal
Verbose: (DefaultBlackjackStateMachine) SM action loop finished: Deal
Verbose: (DefaultBlackjackStateMachine) SM reduce: DealCardToPlayer(seatIndex=0)
Verbose: (DefaultBlackjackStateMachine) SM action loop finished: DealCardToPlayer(seatIndex=0)
Verbose: (DefaultBlackjackStateMachine) SM reduce: DealCardToDealer(faceDown=false)
Verbose: (DefaultBlackjackStateMachine) SM action loop finished: DealCardToDealer(faceDown=false)
Verbose: (DefaultBlackjackStateMachine) SM reduce: DealCardToPlayer(seatIndex=0)
Verbose: (DefaultBlackjackStateMachine) SM action loop finished: DealCardToPlayer(seatIndex=0)
Verbose: (DefaultBlackjackStateMachine) SM reduce: DealCardToDealer(faceDown=true)
Verbose: (DefaultBlackjackStateMachine) SM action loop finished: DealCardToDealer(faceDown=true)
Verbose: (DefaultBlackjackStateMachine) SM reduce: ApplyInitialOutcome
Verbose: (DefaultBlackjackStateMachine) SM action loop finished: ApplyInitialOutcome
Verbose: (DefaultBlackjackStateMachine) SM reduce: NewGame(initialBalance=null, rules=GameRules(dealerHitsSoft17=true, allowDoubleAfterSplit=true, allowSurrender=false, blackjackPayout=THREE_TO_TWO, deckCount=6, splitOnValueOnly=false, deterministicReshuffle=false), handCount=1, previousBets=[0], lastSideBets={})
Verbose: (DefaultBlackjackStateMachine) SM action loop finished: NewGame(initialBalance=null, rules=GameRules(dealerHitsSoft17=true, allowDoubleAfterSplit=true, allowSurrender=false, blackjackPayout=THREE_TO_TWO, deckCount=6, splitOnValueOnly=false, deterministicReshuffle=false), handCount=1, previousBets=[0], lastSideBets={})
Debug: (DefaultBlackjackStateMachine) SM init block finally
Passed sideBet_Persistence_Across_Rounds()
Started sideBet_21Plus3_SuitedTriple_Win()
Verbose: (DefaultBlackjackStateMachine) SM reduce: Deal
Verbose: (DefaultBlackjackStateMachine) SM action loop finished: Deal
Verbose: (DefaultBlackjackStateMachine) SM reduce: DealCardToPlayer(seatIndex=0)
Verbose: (DefaultBlackjackStateMachine) SM action loop finished: DealCardToPlayer(seatIndex=0)
Verbose: (DefaultBlackjackStateMachine) SM reduce: DealCardToDealer(faceDown=false)
Verbose: (DefaultBlackjackStateMachine) SM action loop finished: DealCardToDealer(faceDown=false)
Verbose: (DefaultBlackjackStateMachine) SM reduce: DealCardToPlayer(seatIndex=0)
Verbose: (DefaultBlackjackStateMachine) SM action loop finished: DealCardToPlayer(seatIndex=0)
Verbose: (DefaultBlackjackStateMachine) SM reduce: DealCardToDealer(faceDown=true)
Verbose: (DefaultBlackjackStateMachine) SM action loop finished: DealCardToDealer(faceDown=true)
Verbose: (DefaultBlackjackStateMachine) SM reduce: ApplyInitialOutcome
Verbose: (DefaultBlackjackStateMachine) SM action loop finished: ApplyInitialOutcome
Debug: (DefaultBlackjackStateMachine) SM init block finally
Passed sideBet_21Plus3_SuitedTriple_Win()
Started sideBet_PerfectPair_Win_MainHand_Loss()
Verbose: (DefaultBlackjackStateMachine) SM reduce: Deal
Verbose: (DefaultBlackjackStateMachine) SM action loop finished: Deal
Verbose: (DefaultBlackjackStateMachine) SM reduce: DealCardToPlayer(seatIndex=0)
Verbose: (DefaultBlackjackStateMachine) SM action loop finished: DealCardToPlayer(seatIndex=0)
Verbose: (DefaultBlackjackStateMachine) SM reduce: DealCardToDealer(faceDown=false)
Verbose: (DefaultBlackjackStateMachine) SM action loop finished: DealCardToDealer(faceDown=false)
Verbose: (DefaultBlackjackStateMachine) SM reduce: DealCardToPlayer(seatIndex=0)
Verbose: (DefaultBlackjackStateMachine) SM action loop finished: DealCardToPlayer(seatIndex=0)
Verbose: (DefaultBlackjackStateMachine) SM reduce: DealCardToDealer(faceDown=true)
Verbose: (DefaultBlackjackStateMachine) SM action loop finished: DealCardToDealer(faceDown=true)
Verbose: (DefaultBlackjackStateMachine) SM reduce: ApplyInitialOutcome
Verbose: (DefaultBlackjackStateMachine) SM action loop finished: ApplyInitialOutcome
Verbose: (DefaultBlackjackStateMachine) SM reduce: Stand
Verbose: (DefaultBlackjackStateMachine) SM action loop finished: Stand
Verbose: (DefaultBlackjackStateMachine) SM reduce: RevealDealerHole
Verbose: (DefaultBlackjackStateMachine) SM action loop finished: RevealDealerHole
Verbose: (DefaultBlackjackStateMachine) SM reduce: FinalizeGame
Verbose: (DefaultBlackjackStateMachine) SM action loop finished: FinalizeGame
Debug: (DefaultBlackjackStateMachine) SM init block finally
Passed sideBet_PerfectPair_Win_MainHand_Loss()
Started sideBet_ResetActions()
Verbose: (DefaultBlackjackStateMachine) SM reduce: ResetSideBets
Verbose: (DefaultBlackjackStateMachine) SM action loop finished: ResetSideBets
Debug: (DefaultBlackjackStateMachine) SM init block finally
Passed sideBet_ResetActions()
Started sideBet_Multiple_Wins_Sequential_Effects()
Verbose: (DefaultBlackjackStateMachine) SM reduce: Deal
Verbose: (DefaultBlackjackStateMachine) SM action loop finished: Deal
Verbose: (DefaultBlackjackStateMachine) SM reduce: DealCardToPlayer(seatIndex=0)
Verbose: (DefaultBlackjackStateMachine) SM action loop finished: DealCardToPlayer(seatIndex=0)
Verbose: (DefaultBlackjackStateMachine) SM reduce: DealCardToDealer(faceDown=false)
Verbose: (DefaultBlackjackStateMachine) SM action loop finished: DealCardToDealer(faceDown=false)
Verbose: (DefaultBlackjackStateMachine) SM reduce: DealCardToPlayer(seatIndex=0)
Verbose: (DefaultBlackjackStateMachine) SM action loop finished: DealCardToPlayer(seatIndex=0)
Verbose: (DefaultBlackjackStateMachine) SM reduce: DealCardToDealer(faceDown=true)
Verbose: (DefaultBlackjackStateMachine) SM action loop finished: DealCardToDealer(faceDown=true)
Verbose: (DefaultBlackjackStateMachine) SM reduce: ApplyInitialOutcome
Verbose: (DefaultBlackjackStateMachine) SM action loop finished: ApplyInitialOutcome
Debug: (DefaultBlackjackStateMachine) SM init block finally
Passed sideBet_Multiple_Wins_Sequential_Effects()
Completed SideBetIntegrationTest
Started InsuranceTest
Started insurance_offered_when_dealer_ace()
Debug: (DefaultBlackjackStateMachine) SM init block finally
Passed insurance_offered_when_dealer_ace()
Started insurance_paysOn_dealerBlackjack()
Verbose: (DefaultBlackjackStateMachine) SM reduce: Stand
Verbose: (DefaultBlackjackStateMachine) SM action loop finished: Stand
Verbose: (DefaultBlackjackStateMachine) SM reduce: RevealDealerHole
Verbose: (DefaultBlackjackStateMachine) SM action loop finished: RevealDealerHole
Verbose: (DefaultBlackjackStateMachine) SM reduce: FinalizeGame
Verbose: (DefaultBlackjackStateMachine) SM action loop finished: FinalizeGame
Debug: (DefaultBlackjackStateMachine) SM init block finally
Passed insurance_paysOn_dealerBlackjack()
Started insurance_not_offered_when_dealer_non_ace()
Verbose: (DefaultBlackjackStateMachine) SM reduce: Deal
Verbose: (DefaultBlackjackStateMachine) SM action loop finished: Deal
Verbose: (DefaultBlackjackStateMachine) SM reduce: SetDeck(deck=[Card(rank=SIX, suit=SPADES, isFaceDown=false), Card(rank=KING, suit=HEARTS, isFaceDown=false), Card(rank=THREE, suit=SPADES, isFaceDown=false), Card(rank=SEVEN, suit=CLUBS, isFaceDown=false), Card(rank=TEN, suit=CLUBS, isFaceDown=false), Card(rank=EIGHT, suit=HEARTS, isFaceDown=false), Card(rank=TWO, suit=HEARTS, isFaceDown=false), Card(rank=SIX, suit=CLUBS, isFaceDown=false), Card(rank=FIVE, suit=CLUBS, isFaceDown=false), Card(rank=NINE, suit=SPADES, isFaceDown=false), Card(rank=SIX, suit=DIAMONDS, isFaceDown=false), Card(rank=JACK, suit=SPADES, isFaceDown=false), Card(rank=ACE, suit=SPADES, isFaceDown=false), Card(rank=KING, suit=CLUBS, isFaceDown=false), Card(rank=SIX, suit=SPADES, isFaceDown=false), Card(rank=FIVE, suit=HEARTS, isFaceDown=false), Card(rank=QUEEN, suit=DIAMONDS, isFaceDown=false), Card(rank=TWO, suit=CLUBS, isFaceDown=false), Card(rank=SEVEN, suit=DIAMONDS, isFaceDown=false), Card(rank=FIVE, suit=HEARTS, isFaceDown=false), Card(rank=ACE, suit=CLUBS, isFaceDown=false), Card(rank=KING, suit=CLUBS, isFaceDown=false), Card(rank=THREE, suit=CLUBS, isFaceDown=false), Card(rank=NINE, suit=HEARTS, isFaceDown=false), Card(rank=EIGHT, suit=DIAMONDS, isFaceDown=false), Card(rank=TEN, suit=SPADES, isFaceDown=false), Card(rank=JACK, suit=CLUBS, isFaceDown=false), Card(rank=SIX, suit=DIAMONDS, isFaceDown=false), Card(rank=THREE, suit=DIAMONDS, isFaceDown=false), Card(rank=NINE, suit=HEARTS, isFaceDown=false), Card(rank=JACK, suit=HEARTS, isFaceDown=false), Card(rank=TWO, suit=SPADES, isFaceDown=false), Card(rank=TEN, suit=CLUBS, isFaceDown=false), Card(rank=FOUR, suit=SPADES, isFaceDown=false), Card(rank=NINE, suit=CLUBS, isFaceDown=false), Card(rank=NINE, suit=SPADES, isFaceDown=false), Card(rank=KING, suit=DIAMONDS, isFaceDown=false), Card(rank=QUEEN, suit=DIAMONDS, isFaceDown=false), Card(rank=TEN, suit=DIAMONDS, isFaceDown=false), Card(rank=NINE, suit=DIAMONDS, isFaceDown=false), Card(rank=TEN, suit=HEARTS, isFaceDown=false), Card(rank=NINE, suit=DIAMONDS, isFaceDown=false), Card(rank=KING, suit=HEARTS, isFaceDown=false), Card(rank=SIX, suit=DIAMONDS, isFaceDown=false), Card(rank=NINE, suit=CLUBS, isFaceDown=false), Card(rank=EIGHT, suit=HEARTS, isFaceDown=false), Card(rank=ACE, suit=DIAMONDS, isFaceDown=false), Card(rank=THREE, suit=HEARTS, isFaceDown=false), Card(rank=JACK, suit=SPADES, isFaceDown=false), Card(rank=TEN, suit=HEARTS, isFaceDown=false), Card(rank=JACK, suit=CLUBS, isFaceDown=false), Card(rank=TWO, suit=SPADES, isFaceDown=false), Card(rank=FOUR, suit=HEARTS, isFaceDown=false), Card(rank=FOUR, suit=CLUBS, isFaceDown=false), Card(rank=FIVE, suit=SPADES, isFaceDown=false), Card(rank=FIVE, suit=CLUBS, isFaceDown=false), Card(rank=TEN, suit=HEARTS, isFaceDown=false), Card(rank=THREE, suit=DIAMONDS, isFaceDown=false), Card(rank=FOUR, suit=DIAMONDS, isFaceDown=false), Card(rank=SIX, suit=CLUBS, isFaceDown=false), Card(rank=SIX, suit=CLUBS, isFaceDown=false), Card(rank=EIGHT, suit=HEARTS, isFaceDown=false), Card(rank=EIGHT, suit=CLUBS, isFaceDown=false), Card(rank=THREE, suit=SPADES, isFaceDown=false), Card(rank=SEVEN, suit=DIAMONDS, isFaceDown=false), Card(rank=TWO, suit=DIAMONDS, isFaceDown=false), Card(rank=FIVE, suit=HEARTS, isFaceDown=false), Card(rank=EIGHT, suit=CLUBS, isFaceDown=false), Card(rank=TEN, suit=HEARTS, isFaceDown=false), Card(rank=JACK, suit=HEARTS, isFaceDown=false), Card(rank=EIGHT, suit=SPADES, isFaceDown=false), Card(rank=QUEEN, suit=DIAMONDS, isFaceDown=false), Card(rank=TWO, suit=SPADES, isFaceDown=false), Card(rank=EIGHT, suit=DIAMONDS, isFaceDown=false), Card(rank=FOUR, suit=DIAMONDS, isFaceDown=false), Card(rank=NINE, suit=CLUBS, isFaceDown=false), Card(rank=KING, suit=HEARTS, isFaceDown=false), Card(rank=JACK, suit=HEARTS, isFaceDown=false), Card(rank=NINE, suit=SPADES, isFaceDown=false), Card(rank=QUEEN, suit=HEARTS, isFaceDown=false), Card(rank=FOUR, suit=HEARTS, isFaceDown=false), Card(rank=SEVEN, suit=SPADES, isFaceDown=false), Card(rank=NINE, suit=CLUBS, isFaceDown=false), Card(rank=ACE, suit=CLUBS, isFaceDown=false), Card(rank=ACE, suit=HEARTS, isFaceDown=false), Card(rank=SIX, suit=DIAMONDS, isFaceDown=false), Card(rank=FIVE, suit=CLUBS, isFaceDown=false), Card(rank=THREE, suit=SPADES, isFaceDown=false), Card(rank=ACE, suit=DIAMONDS, isFaceDown=false), Card(rank=EIGHT, suit=DIAMONDS, isFaceDown=false), Card(rank=FOUR, suit=SPADES, isFaceDown=false), Card(rank=FIVE, suit=DIAMONDS, isFaceDown=false), Card(rank=SIX, suit=HEARTS, isFaceDown=false), Card(rank=THREE, suit=HEARTS, isFaceDown=false), Card(rank=KING, suit=SPADES, isFaceDown=false), Card(rank=SIX, suit=DIAMONDS, isFaceDown=false), Card(rank=KING, suit=SPADES, isFaceDown=false), Card(rank=SIX, suit=CLUBS, isFaceDown=false), Card(rank=KING, suit=SPADES, isFaceDown=false), Card(rank=TWO, suit=CLUBS, isFaceDown=false), Card(rank=SEVEN, suit=HEARTS, isFaceDown=false), Card(rank=QUEEN, suit=CLUBS, isFaceDown=false), Card(rank=TWO, suit=HEARTS, isFaceDown=false), Card(rank=THREE, suit=CLUBS, isFaceDown=false), Card(rank=TEN, suit=DIAMONDS, isFaceDown=false), Card(rank=EIGHT, suit=SPADES, isFaceDown=false), Card(rank=FOUR, suit=HEARTS, isFaceDown=false), Card(rank=SEVEN, suit=HEARTS, isFaceDown=false), Card(rank=SIX, suit=CLUBS, isFaceDown=false), Card(rank=FOUR, suit=SPADES, isFaceDown=false), Card(rank=FIVE, suit=SPADES, isFaceDown=false), Card(rank=THREE, suit=CLUBS, isFaceDown=false), Card(rank=EIGHT, suit=SPADES, isFaceDown=false), Card(rank=NINE, suit=CLUBS, isFaceDown=false), Card(rank=EIGHT, suit=DIAMONDS, isFaceDown=false), Card(rank=KING, suit=DIAMONDS, isFaceDown=false), Card(rank=NINE, suit=HEARTS, isFaceDown=false), Card(rank=TWO, suit=CLUBS, isFaceDown=false), Card(rank=KING, suit=SPADES, isFaceDown=false), Card(rank=SIX, suit=HEARTS, isFaceDown=false), Card(rank=FOUR, suit=CLUBS, isFaceDown=false), Card(rank=FOUR, suit=CLUBS, isFaceDown=false), Card(rank=EIGHT, suit=CLUBS, isFaceDown=false), Card(rank=FIVE, suit=SPADES, isFaceDown=false), Card(rank=FIVE, suit=CLUBS, isFaceDown=false), Card(rank=TEN, suit=DIAMONDS, isFaceDown=false), Card(rank=FIVE, suit=SPADES, isFaceDown=false), Card(rank=ACE, suit=HEARTS, isFaceDown=false), Card(rank=THREE, suit=DIAMONDS, isFaceDown=false), Card(rank=THREE, suit=DIAMONDS, isFaceDown=false), Card(rank=JACK, suit=SPADES, isFaceDown=false), Card(rank=QUEEN, suit=CLUBS, isFaceDown=false), Card(rank=EIGHT, suit=HEARTS, isFaceDown=false), Card(rank=KING, suit=HEARTS, isFaceDown=false), Card(rank=FIVE, suit=HEARTS, isFaceDown=false), Card(rank=FIVE, suit=CLUBS, isFaceDown=false), Card(rank=SIX, suit=SPADES, isFaceDown=false), Card(rank=NINE, suit=SPADES, isFaceDown=false), Card(rank=TWO, suit=SPADES, isFaceDown=false), Card(rank=FOUR, suit=HEARTS, isFaceDown=false), Card(rank=SIX, suit=SPADES, isFaceDown=false), Card(rank=NINE, suit=DIAMONDS, isFaceDown=false), Card(rank=JACK, suit=DIAMONDS, isFaceDown=false), Card(rank=ACE, suit=DIAMONDS, isFaceDown=false), Card(rank=SEVEN, suit=HEARTS, isFaceDown=false), Card(rank=FOUR, suit=DIAMONDS, isFaceDown=false), Card(rank=TEN, suit=HEARTS, isFaceDown=false), Card(rank=FIVE, suit=DIAMONDS, isFaceDown=false), Card(rank=NINE, suit=HEARTS, isFaceDown=false), Card(rank=FIVE, suit=HEARTS, isFaceDown=false), Card(rank=THREE, suit=HEARTS, isFaceDown=false), Card(rank=FIVE, suit=SPADES, isFaceDown=false), Card(rank=ACE, suit=HEARTS, isFaceDown=false), Card(rank=TWO, suit=CLUBS, isFaceDown=false), Card(rank=KING, suit=HEARTS, isFaceDown=false), Card(rank=THREE, suit=CLUBS, isFaceDown=false), Card(rank=KING, suit=HEARTS, isFaceDown=false), Card(rank=QUEEN, suit=SPADES, isFaceDown=false), Card(rank=SEVEN, suit=DIAMONDS, isFaceDown=false), Card(rank=QUEEN, suit=SPADES, isFaceDown=false), Card(rank=FOUR, suit=SPADES, isFaceDown=false), Card(rank=JACK, suit=SPADES, isFaceDown=false), Card(rank=SEVEN, suit=HEARTS, isFaceDown=false), Card(rank=JACK, suit=DIAMONDS, isFaceDown=false), Card(rank=EIGHT, suit=CLUBS, isFaceDown=false), Card(rank=EIGHT, suit=CLUBS, isFaceDown=false), Card(rank=TEN, suit=SPADES, isFaceDown=false), Card(rank=THREE, suit=SPADES, isFaceDown=false), Card(rank=TWO, suit=DIAMONDS, isFaceDown=false), Card(rank=FIVE, suit=DIAMONDS, isFaceDown=false), Card(rank=ACE, suit=SPADES, isFaceDown=false), Card(rank=NINE, suit=DIAMONDS, isFaceDown=false), Card(rank=JACK, suit=DIAMONDS, isFaceDown=false), Card(rank=KING, suit=SPADES, isFaceDown=false), Card(rank=QUEEN, suit=HEARTS, isFaceDown=false), Card(rank=NINE, suit=CLUBS, isFaceDown=false), Card(rank=JACK, suit=DIAMONDS, isFaceDown=false), Card(rank=TEN, suit=CLUBS, isFaceDown=false), Card(rank=SEVEN, suit=CLUBS, isFaceDown=false), Card(rank=TEN, suit=DIAMONDS, isFaceDown=false), Card(rank=TWO, suit=CLUBS, isFaceDown=false), Card(rank=SIX, suit=HEARTS, isFaceDown=false), Card(rank=FOUR, suit=CLUBS, isFaceDown=false), Card(rank=QUEEN, suit=SPADES, isFaceDown=false), Card(rank=TEN, suit=DIAMONDS, isFaceDown=false), Card(rank=SEVEN, suit=SPADES, isFaceDown=false), Card(rank=QUEEN, suit=SPADES, isFaceDown=false), Card(rank=SEVEN, suit=DIAMONDS, isFaceDown=false), Card(rank=ACE, suit=SPADES, isFaceDown=false), Card(rank=SEVEN, suit=HEARTS, isFaceDown=false), Card(rank=EIGHT, suit=DIAMONDS, isFaceDown=false), Card(rank=SEVEN, suit=CLUBS, isFaceDown=false), Card(rank=JACK, suit=CLUBS, isFaceDown=false), Card(rank=FOUR, suit=DIAMONDS, isFaceDown=false), Card(rank=KING, suit=DIAMONDS, isFaceDown=false), Card(rank=SEVEN, suit=CLUBS, isFaceDown=false), Card(rank=KING, suit=CLUBS, isFaceDown=false), Card(rank=ACE, suit=CLUBS, isFaceDown=false), Card(rank=SIX, suit=HEARTS, isFaceDown=false), Card(rank=JACK, suit=DIAMONDS, isFaceDown=false), Card(rank=ACE, suit=SPADES, isFaceDown=false), Card(rank=QUEEN, suit=HEARTS, isFaceDown=false), Card(rank=SIX, suit=SPADES, isFaceDown=false), Card(rank=THREE, suit=SPADES, isFaceDown=false), Card(rank=SEVEN, suit=SPADES, isFaceDown=false), Card(rank=FOUR, suit=DIAMONDS, isFaceDown=false), Card(rank=KING, suit=CLUBS, isFaceDown=false), Card(rank=SEVEN, suit=CLUBS, isFaceDown=false), Card(rank=QUEEN, suit=SPADES, isFaceDown=false), Card(rank=TEN, suit=SPADES, isFaceDown=false), Card(rank=ACE, suit=HEARTS, isFaceDown=false), Card(rank=FIVE, suit=DIAMONDS, isFaceDown=false), Card(rank=FOUR, suit=CLUBS, isFaceDown=false), Card(rank=EIGHT, suit=SPADES, isFaceDown=false), Card(rank=JACK, suit=HEARTS, isFaceDown=false), Card(rank=QUEEN, suit=CLUBS, isFaceDown=false), Card(rank=NINE, suit=HEARTS, isFaceDown=false), Card(rank=FOUR, suit=HEARTS, isFaceDown=false), Card(rank=TWO, suit=DIAMONDS, isFaceDown=false), Card(rank=QUEEN, suit=SPADES, isFaceDown=false), Card(rank=TWO, suit=CLUBS, isFaceDown=false), Card(rank=ACE, suit=HEARTS, isFaceDown=false), Card(rank=TEN, suit=SPADES, isFaceDown=false), Card(rank=TEN, suit=DIAMONDS, isFaceDown=false), Card(rank=NINE, suit=DIAMONDS, isFaceDown=false), Card(rank=TEN, suit=SPADES, isFaceDown=false), Card(rank=QUEEN, suit=CLUBS, isFaceDown=false), Card(rank=JACK, suit=CLUBS, isFaceDown=false), Card(rank=SIX, suit=HEARTS, isFaceDown=false), Card(rank=KING, suit=DIAMONDS, isFaceDown=false), Card(rank=TWO, suit=SPADES, isFaceDown=false), Card(rank=KING, suit=DIAMONDS, isFaceDown=false), Card(rank=TWO, suit=HEARTS, isFaceDown=false), Card(rank=KING, suit=CLUBS, isFaceDown=false), Card(rank=QUEEN, suit=HEARTS, isFaceDown=false), Card(rank=SEVEN, suit=DIAMONDS, isFaceDown=false), Card(rank=ACE, suit=HEARTS, isFaceDown=false), Card(rank=SEVEN, suit=HEARTS, isFaceDown=false), Card(rank=THREE, suit=DIAMONDS, isFaceDown=false), Card(rank=QUEEN, suit=DIAMONDS, isFaceDown=false), Card(rank=FIVE, suit=CLUBS, isFaceDown=false), Card(rank=FOUR, suit=DIAMONDS, isFaceDown=false), Card(rank=TEN, suit=HEARTS, isFaceDown=false), Card(rank=SIX, suit=SPADES, isFaceDown=false), Card(rank=EIGHT, suit=DIAMONDS, isFaceDown=false), Card(rank=SIX, suit=DIAMONDS, isFaceDown=false), Card(rank=ACE, suit=CLUBS, isFaceDown=false), Card(rank=QUEEN, suit=CLUBS, isFaceDown=false), Card(rank=KING, suit=DIAMONDS, isFaceDown=false), Card(rank=TWO, suit=DIAMONDS, isFaceDown=false), Card(rank=EIGHT, suit=HEARTS, isFaceDown=false), Card(rank=FIVE, suit=DIAMONDS, isFaceDown=false), Card(rank=SEVEN, suit=DIAMONDS, isFaceDown=false), Card(rank=ACE, suit=CLUBS, isFaceDown=false), Card(rank=JACK, suit=SPADES, isFaceDown=false), Card(rank=QUEEN, suit=CLUBS, isFaceDown=false), Card(rank=JACK, suit=CLUBS, isFaceDown=false), Card(rank=JACK, suit=HEARTS, isFaceDown=false), Card(rank=QUEEN, suit=DIAMONDS, isFaceDown=false), Card(rank=ACE, suit=SPADES, isFaceDown=false), Card(rank=EIGHT, suit=HEARTS, isFaceDown=false), Card(rank=EIGHT, suit=CLUBS, isFaceDown=false), Card(rank=SIX, suit=HEARTS, isFaceDown=false), Card(rank=THREE, suit=HEARTS, isFaceDown=false), Card(rank=FOUR, suit=SPADES, isFaceDown=false), Card(rank=NINE, suit=DIAMONDS, isFaceDown=false), Card(rank=TWO, suit=HEARTS, isFaceDown=false), Card(rank=THREE, suit=CLUBS, isFaceDown=false), Card(rank=NINE, suit=HEARTS, isFaceDown=false), Card(rank=KING, suit=SPADES, isFaceDown=false), Card(rank=TWO, suit=SPADES, isFaceDown=false), Card(rank=ACE, suit=SPADES, isFaceDown=false), Card(rank=TEN, suit=CLUBS, isFaceDown=false), Card(rank=THREE, suit=SPADES, isFaceDown=false), Card(rank=ACE, suit=DIAMONDS, isFaceDown=false), Card(rank=QUEEN, suit=DIAMONDS, isFaceDown=false), Card(rank=THREE, suit=HEARTS, isFaceDown=false), Card(rank=EIGHT, suit=SPADES, isFaceDown=false), Card(rank=SEVEN, suit=SPADES, isFaceDown=false), Card(rank=SEVEN, suit=SPADES, isFaceDown=false), Card(rank=TWO, suit=DIAMONDS, isFaceDown=false), Card(rank=JACK, suit=HEARTS, isFaceDown=false), Card(rank=KING, suit=CLUBS, isFaceDown=false), Card(rank=TWO, suit=HEARTS, isFaceDown=false), Card(rank=TEN, suit=CLUBS, isFaceDown=false), Card(rank=NINE, suit=SPADES, isFaceDown=false), Card(rank=TEN, suit=CLUBS, isFaceDown=false), Card(rank=TWO, suit=HEARTS, isFaceDown=false), Card(rank=FOUR, suit=CLUBS, isFaceDown=false), Card(rank=FOUR, suit=SPADES, isFaceDown=false), Card(rank=JACK, suit=SPADES, isFaceDown=false), Card(rank=JACK, suit=CLUBS, isFaceDown=false), Card(rank=THREE, suit=DIAMONDS, isFaceDown=false), Card(rank=TEN, suit=SPADES, isFaceDown=false), Card(rank=THREE, suit=CLUBS, isFaceDown=false), Card(rank=NINE, suit=SPADES, isFaceDown=false), Card(rank=QUEEN, suit=HEARTS, isFaceDown=false), Card(rank=ACE, suit=DIAMONDS, isFaceDown=false), Card(rank=FIVE, suit=HEARTS, isFaceDown=false), Card(rank=ACE, suit=CLUBS, isFaceDown=false), Card(rank=SEVEN, suit=CLUBS, isFaceDown=false), Card(rank=SEVEN, suit=SPADES, isFaceDown=false), Card(rank=TWO, suit=DIAMONDS, isFaceDown=false), Card(rank=ACE, suit=DIAMONDS, isFaceDown=false), Card(rank=FIVE, suit=SPADES, isFaceDown=false), Card(rank=SIX, suit=CLUBS, isFaceDown=false), Card(rank=FIVE, suit=DIAMONDS, isFaceDown=false), Card(rank=THREE, suit=HEARTS, isFaceDown=false), Card(rank=FOUR, suit=HEARTS, isFaceDown=false), Card(rank=EIGHT, suit=SPADES, isFaceDown=false), Card(rank=JACK, suit=DIAMONDS, isFaceDown=false), Card(rank=QUEEN, suit=HEARTS, isFaceDown=false)])
Verbose: (DefaultBlackjackStateMachine) SM action loop finished: SetDeck(deck=[Card(rank=SIX, suit=SPADES, isFaceDown=false), Card(rank=KING, suit=HEARTS, isFaceDown=false), Card(rank=THREE, suit=SPADES, isFaceDown=false), Card(rank=SEVEN, suit=CLUBS, isFaceDown=false), Card(rank=TEN, suit=CLUBS, isFaceDown=false), Card(rank=EIGHT, suit=HEARTS, isFaceDown=false), Card(rank=TWO, suit=HEARTS, isFaceDown=false), Card(rank=SIX, suit=CLUBS, isFaceDown=false), Card(rank=FIVE, suit=CLUBS, isFaceDown=false), Card(rank=NINE, suit=SPADES, isFaceDown=false), Card(rank=SIX, suit=DIAMONDS, isFaceDown=false), Card(rank=JACK, suit=SPADES, isFaceDown=false), Card(rank=ACE, suit=SPADES, isFaceDown=false), Card(rank=KING, suit=CLUBS, isFaceDown=false), Card(rank=SIX, suit=SPADES, isFaceDown=false), Card(rank=FIVE, suit=HEARTS, isFaceDown=false), Card(rank=QUEEN, suit=DIAMONDS, isFaceDown=false), Card(rank=TWO, suit=CLUBS, isFaceDown=false), Card(rank=SEVEN, suit=DIAMONDS, isFaceDown=false), Card(rank=FIVE, suit=HEARTS, isFaceDown=false), Card(rank=ACE, suit=CLUBS, isFaceDown=false), Card(rank=KING, suit=CLUBS, isFaceDown=false), Card(rank=THREE, suit=CLUBS, isFaceDown=false), Card(rank=NINE, suit=HEARTS, isFaceDown=false), Card(rank=EIGHT, suit=DIAMONDS, isFaceDown=false), Card(rank=TEN, suit=SPADES, isFaceDown=false), Card(rank=JACK, suit=CLUBS, isFaceDown=false), Card(rank=SIX, suit=DIAMONDS, isFaceDown=false), Card(rank=THREE, suit=DIAMONDS, isFaceDown=false), Card(rank=NINE, suit=HEARTS, isFaceDown=false), Card(rank=JACK, suit=HEARTS, isFaceDown=false), Card(rank=TWO, suit=SPADES, isFaceDown=false), Card(rank=TEN, suit=CLUBS, isFaceDown=false), Card(rank=FOUR, suit=SPADES, isFaceDown=false), Card(rank=NINE, suit=CLUBS, isFaceDown=false), Card(rank=NINE, suit=SPADES, isFaceDown=false), Card(rank=KING, suit=DIAMONDS, isFaceDown=false), Card(rank=QUEEN, suit=DIAMONDS, isFaceDown=false), Card(rank=TEN, suit=DIAMONDS, isFaceDown=false), Card(rank=NINE, suit=DIAMONDS, isFaceDown=false), Card(rank=TEN, suit=HEARTS, isFaceDown=false), Card(rank=NINE, suit=DIAMONDS, isFaceDown=false), Card(rank=KING, suit=HEARTS, isFaceDown=false), Card(rank=SIX, suit=DIAMONDS, isFaceDown=false), Card(rank=NINE, suit=CLUBS, isFaceDown=false), Card(rank=EIGHT, suit=HEARTS, isFaceDown=false), Card(rank=ACE, suit=DIAMONDS, isFaceDown=false), Card(rank=THREE, suit=HEARTS, isFaceDown=false), Card(rank=JACK, suit=SPADES, isFaceDown=false), Card(rank=TEN, suit=HEARTS, isFaceDown=false), Card(rank=JACK, suit=CLUBS, isFaceDown=false), Card(rank=TWO, suit=SPADES, isFaceDown=false), Card(rank=FOUR, suit=HEARTS, isFaceDown=false), Card(rank=FOUR, suit=CLUBS, isFaceDown=false), Card(rank=FIVE, suit=SPADES, isFaceDown=false), Card(rank=FIVE, suit=CLUBS, isFaceDown=false), Card(rank=TEN, suit=HEARTS, isFaceDown=false), Card(rank=THREE, suit=DIAMONDS, isFaceDown=false), Card(rank=FOUR, suit=DIAMONDS, isFaceDown=false), Card(rank=SIX, suit=CLUBS, isFaceDown=false), Card(rank=SIX, suit=CLUBS, isFaceDown=false), Card(rank=EIGHT, suit=HEARTS, isFaceDown=false), Card(rank=EIGHT, suit=CLUBS, isFaceDown=false), Card(rank=THREE, suit=SPADES, isFaceDown=false), Card(rank=SEVEN, suit=DIAMONDS, isFaceDown=false), Card(rank=TWO, suit=DIAMONDS, isFaceDown=false), Card(rank=FIVE, suit=HEARTS, isFaceDown=false), Card(rank=EIGHT, suit=CLUBS, isFaceDown=false), Card(rank=TEN, suit=HEARTS, isFaceDown=false), Card(rank=JACK, suit=HEARTS, isFaceDown=false), Card(rank=EIGHT, suit=SPADES, isFaceDown=false), Card(rank=QUEEN, suit=DIAMONDS, isFaceDown=false), Card(rank=TWO, suit=SPADES, isFaceDown=false), Card(rank=EIGHT, suit=DIAMONDS, isFaceDown=false), Card(rank=FOUR, suit=DIAMONDS, isFaceDown=false), Card(rank=NINE, suit=CLUBS, isFaceDown=false), Card(rank=KING, suit=HEARTS, isFaceDown=false), Card(rank=JACK, suit=HEARTS, isFaceDown=false), Card(rank=NINE, suit=SPADES, isFaceDown=false), Card(rank=QUEEN, suit=HEARTS, isFaceDown=false), Card(rank=FOUR, suit=HEARTS, isFaceDown=false), Card(rank=SEVEN, suit=SPADES, isFaceDown=false), Card(rank=NINE, suit=CLUBS, isFaceDown=false), Card(rank=ACE, suit=CLUBS, isFaceDown=false), Card(rank=ACE, suit=HEARTS, isFaceDown=false), Card(rank=SIX, suit=DIAMONDS, isFaceDown=false), Card(rank=FIVE, suit=CLUBS, isFaceDown=false), Card(rank=THREE, suit=SPADES, isFaceDown=false), Card(rank=ACE, suit=DIAMONDS, isFaceDown=false), Card(rank=EIGHT, suit=DIAMONDS, isFaceDown=false), Card(rank=FOUR, suit=SPADES, isFaceDown=false), Card(rank=FIVE, suit=DIAMONDS, isFaceDown=false), Card(rank=SIX, suit=HEARTS, isFaceDown=false), Card(rank=THREE, suit=HEARTS, isFaceDown=false), Card(rank=KING, suit=SPADES, isFaceDown=false), Card(rank=SIX, suit=DIAMONDS, isFaceDown=false), Card(rank=KING, suit=SPADES, isFaceDown=false), Card(rank=SIX, suit=CLUBS, isFaceDown=false), Card(rank=KING, suit=SPADES, isFaceDown=false), Card(rank=TWO, suit=CLUBS, isFaceDown=false), Card(rank=SEVEN, suit=HEARTS, isFaceDown=false), Card(rank=QUEEN, suit=CLUBS, isFaceDown=false), Card(rank=TWO, suit=HEARTS, isFaceDown=false), Card(rank=THREE, suit=CLUBS, isFaceDown=false), Card(rank=TEN, suit=DIAMONDS, isFaceDown=false), Card(rank=EIGHT, suit=SPADES, isFaceDown=false), Card(rank=FOUR, suit=HEARTS, isFaceDown=false), Card(rank=SEVEN, suit=HEARTS, isFaceDown=false), Card(rank=SIX, suit=CLUBS, isFaceDown=false), Card(rank=FOUR, suit=SPADES, isFaceDown=false), Card(rank=FIVE, suit=SPADES, isFaceDown=false), Card(rank=THREE, suit=CLUBS, isFaceDown=false), Card(rank=EIGHT, suit=SPADES, isFaceDown=false), Card(rank=NINE, suit=CLUBS, isFaceDown=false), Card(rank=EIGHT, suit=DIAMONDS, isFaceDown=false), Card(rank=KING, suit=DIAMONDS, isFaceDown=false), Card(rank=NINE, suit=HEARTS, isFaceDown=false), Card(rank=TWO, suit=CLUBS, isFaceDown=false), Card(rank=KING, suit=SPADES, isFaceDown=false), Card(rank=SIX, suit=HEARTS, isFaceDown=false), Card(rank=FOUR, suit=CLUBS, isFaceDown=false), Card(rank=FOUR, suit=CLUBS, isFaceDown=false), Card(rank=EIGHT, suit=CLUBS, isFaceDown=false), Card(rank=FIVE, suit=SPADES, isFaceDown=false), Card(rank=FIVE, suit=CLUBS, isFaceDown=false), Card(rank=TEN, suit=DIAMONDS, isFaceDown=false), Card(rank=FIVE, suit=SPADES, isFaceDown=false), Card(rank=ACE, suit=HEARTS, isFaceDown=false), Card(rank=THREE, suit=DIAMONDS, isFaceDown=false), Card(rank=THREE, suit=DIAMONDS, isFaceDown=false), Card(rank=JACK, suit=SPADES, isFaceDown=false), Card(rank=QUEEN, suit=CLUBS, isFaceDown=false), Card(rank=EIGHT, suit=HEARTS, isFaceDown=false), Card(rank=KING, suit=HEARTS, isFaceDown=false), Card(rank=FIVE, suit=HEARTS, isFaceDown=false), Card(rank=FIVE, suit=CLUBS, isFaceDown=false), Card(rank=SIX, suit=SPADES, isFaceDown=false), Card(rank=NINE, suit=SPADES, isFaceDown=false), Card(rank=TWO, suit=SPADES, isFaceDown=false), Card(rank=FOUR, suit=HEARTS, isFaceDown=false), Card(rank=SIX, suit=SPADES, isFaceDown=false), Card(rank=NINE, suit=DIAMONDS, isFaceDown=false), Card(rank=JACK, suit=DIAMONDS, isFaceDown=false), Card(rank=ACE, suit=DIAMONDS, isFaceDown=false), Card(rank=SEVEN, suit=HEARTS, isFaceDown=false), Card(rank=FOUR, suit=DIAMONDS, isFaceDown=false), Card(rank=TEN, suit=HEARTS, isFaceDown=false), Card(rank=FIVE, suit=DIAMONDS, isFaceDown=false), Card(rank=NINE, suit=HEARTS, isFaceDown=false), Card(rank=FIVE, suit=HEARTS, isFaceDown=false), Card(rank=THREE, suit=HEARTS, isFaceDown=false), Card(rank=FIVE, suit=SPADES, isFaceDown=false), Card(rank=ACE, suit=HEARTS, isFaceDown=false), Card(rank=TWO, suit=CLUBS, isFaceDown=false), Card(rank=KING, suit=HEARTS, isFaceDown=false), Card(rank=THREE, suit=CLUBS, isFaceDown=false), Card(rank=KING, suit=HEARTS, isFaceDown=false), Card(rank=QUEEN, suit=SPADES, isFaceDown=false), Card(rank=SEVEN, suit=DIAMONDS, isFaceDown=false), Card(rank=QUEEN, suit=SPADES, isFaceDown=false), Card(rank=FOUR, suit=SPADES, isFaceDown=false), Card(rank=JACK, suit=SPADES, isFaceDown=false), Card(rank=SEVEN, suit=HEARTS, isFaceDown=false), Card(rank=JACK, suit=DIAMONDS, isFaceDown=false), Card(rank=EIGHT, suit=CLUBS, isFaceDown=false), Card(rank=EIGHT, suit=CLUBS, isFaceDown=false), Card(rank=TEN, suit=SPADES, isFaceDown=false), Card(rank=THREE, suit=SPADES, isFaceDown=false), Card(rank=TWO, suit=DIAMONDS, isFaceDown=false), Card(rank=FIVE, suit=DIAMONDS, isFaceDown=false), Card(rank=ACE, suit=SPADES, isFaceDown=false), Card(rank=NINE, suit=DIAMONDS, isFaceDown=false), Card(rank=JACK, suit=DIAMONDS, isFaceDown=false), Card(rank=KING, suit=SPADES, isFaceDown=false), Card(rank=QUEEN, suit=HEARTS, isFaceDown=false), Card(rank=NINE, suit=CLUBS, isFaceDown=false), Card(rank=JACK, suit=DIAMONDS, isFaceDown=false), Card(rank=TEN, suit=CLUBS, isFaceDown=false), Card(rank=SEVEN, suit=CLUBS, isFaceDown=false), Card(rank=TEN, suit=DIAMONDS, isFaceDown=false), Card(rank=TWO, suit=CLUBS, isFaceDown=false), Card(rank=SIX, suit=HEARTS, isFaceDown=false), Card(rank=FOUR, suit=CLUBS, isFaceDown=false), Card(rank=QUEEN, suit=SPADES, isFaceDown=false), Card(rank=TEN, suit=DIAMONDS, isFaceDown=false), Card(rank=SEVEN, suit=SPADES, isFaceDown=false), Card(rank=QUEEN, suit=SPADES, isFaceDown=false), Card(rank=SEVEN, suit=DIAMONDS, isFaceDown=false), Card(rank=ACE, suit=SPADES, isFaceDown=false), Card(rank=SEVEN, suit=HEARTS, isFaceDown=false), Card(rank=EIGHT, suit=DIAMONDS, isFaceDown=false), Card(rank=SEVEN, suit=CLUBS, isFaceDown=false), Card(rank=JACK, suit=CLUBS, isFaceDown=false), Card(rank=FOUR, suit=DIAMONDS, isFaceDown=false), Card(rank=KING, suit=DIAMONDS, isFaceDown=false), Card(rank=SEVEN, suit=CLUBS, isFaceDown=false), Card(rank=KING, suit=CLUBS, isFaceDown=false), Card(rank=ACE, suit=CLUBS, isFaceDown=false), Card(rank=SIX, suit=HEARTS, isFaceDown=false), Card(rank=JACK, suit=DIAMONDS, isFaceDown=false), Card(rank=ACE, suit=SPADES, isFaceDown=false), Card(rank=QUEEN, suit=HEARTS, isFaceDown=false), Card(rank=SIX, suit=SPADES, isFaceDown=false), Card(rank=THREE, suit=SPADES, isFaceDown=false), Card(rank=SEVEN, suit=SPADES, isFaceDown=false), Card(rank=FOUR, suit=DIAMONDS, isFaceDown=false), Card(rank=KING, suit=CLUBS, isFaceDown=false), Card(rank=SEVEN, suit=CLUBS, isFaceDown=false), Card(rank=QUEEN, suit=SPADES, isFaceDown=false), Card(rank=TEN, suit=SPADES, isFaceDown=false), Card(rank=ACE, suit=HEARTS, isFaceDown=false), Card(rank=FIVE, suit=DIAMONDS, isFaceDown=false), Card(rank=FOUR, suit=CLUBS, isFaceDown=false), Card(rank=EIGHT, suit=SPADES, isFaceDown=false), Card(rank=JACK, suit=HEARTS, isFaceDown=false), Card(rank=QUEEN, suit=CLUBS, isFaceDown=false), Card(rank=NINE, suit=HEARTS, isFaceDown=false), Card(rank=FOUR, suit=HEARTS, isFaceDown=false), Card(rank=TWO, suit=DIAMONDS, isFaceDown=false), Card(rank=QUEEN, suit=SPADES, isFaceDown=false), Card(rank=TWO, suit=CLUBS, isFaceDown=false), Card(rank=ACE, suit=HEARTS, isFaceDown=false), Card(rank=TEN, suit=SPADES, isFaceDown=false), Card(rank=TEN, suit=DIAMONDS, isFaceDown=false), Card(rank=NINE, suit=DIAMONDS, isFaceDown=false), Card(rank=TEN, suit=SPADES, isFaceDown=false), Card(rank=QUEEN, suit=CLUBS, isFaceDown=false), Card(rank=JACK, suit=CLUBS, isFaceDown=false), Card(rank=SIX, suit=HEARTS, isFaceDown=false), Card(rank=KING, suit=DIAMONDS, isFaceDown=false), Card(rank=TWO, suit=SPADES, isFaceDown=false), Card(rank=KING, suit=DIAMONDS, isFaceDown=false), Card(rank=TWO, suit=HEARTS, isFaceDown=false), Card(rank=KING, suit=CLUBS, isFaceDown=false), Card(rank=QUEEN, suit=HEARTS, isFaceDown=false), Card(rank=SEVEN, suit=DIAMONDS, isFaceDown=false), Card(rank=ACE, suit=HEARTS, isFaceDown=false), Card(rank=SEVEN, suit=HEARTS, isFaceDown=false), Card(rank=THREE, suit=DIAMONDS, isFaceDown=false), Card(rank=QUEEN, suit=DIAMONDS, isFaceDown=false), Card(rank=FIVE, suit=CLUBS, isFaceDown=false), Card(rank=FOUR, suit=DIAMONDS, isFaceDown=false), Card(rank=TEN, suit=HEARTS, isFaceDown=false), Card(rank=SIX, suit=SPADES, isFaceDown=false), Card(rank=EIGHT, suit=DIAMONDS, isFaceDown=false), Card(rank=SIX, suit=DIAMONDS, isFaceDown=false), Card(rank=ACE, suit=CLUBS, isFaceDown=false), Card(rank=QUEEN, suit=CLUBS, isFaceDown=false), Card(rank=KING, suit=DIAMONDS, isFaceDown=false), Card(rank=TWO, suit=DIAMONDS, isFaceDown=false), Card(rank=EIGHT, suit=HEARTS, isFaceDown=false), Card(rank=FIVE, suit=DIAMONDS, isFaceDown=false), Card(rank=SEVEN, suit=DIAMONDS, isFaceDown=false), Card(rank=ACE, suit=CLUBS, isFaceDown=false), Card(rank=JACK, suit=SPADES, isFaceDown=false), Card(rank=QUEEN, suit=CLUBS, isFaceDown=false), Card(rank=JACK, suit=CLUBS, isFaceDown=false), Card(rank=JACK, suit=HEARTS, isFaceDown=false), Card(rank=QUEEN, suit=DIAMONDS, isFaceDown=false), Card(rank=ACE, suit=SPADES, isFaceDown=false), Card(rank=EIGHT, suit=HEARTS, isFaceDown=false), Card(rank=EIGHT, suit=CLUBS, isFaceDown=false), Card(rank=SIX, suit=HEARTS, isFaceDown=false), Card(rank=THREE, suit=HEARTS, isFaceDown=false), Card(rank=FOUR, suit=SPADES, isFaceDown=false), Card(rank=NINE, suit=DIAMONDS, isFaceDown=false), Card(rank=TWO, suit=HEARTS, isFaceDown=false), Card(rank=THREE, suit=CLUBS, isFaceDown=false), Card(rank=NINE, suit=HEARTS, isFaceDown=false), Card(rank=KING, suit=SPADES, isFaceDown=false), Card(rank=TWO, suit=SPADES, isFaceDown=false), Card(rank=ACE, suit=SPADES, isFaceDown=false), Card(rank=TEN, suit=CLUBS, isFaceDown=false), Card(rank=THREE, suit=SPADES, isFaceDown=false), Card(rank=ACE, suit=DIAMONDS, isFaceDown=false), Card(rank=QUEEN, suit=DIAMONDS, isFaceDown=false), Card(rank=THREE, suit=HEARTS, isFaceDown=false), Card(rank=EIGHT, suit=SPADES, isFaceDown=false), Card(rank=SEVEN, suit=SPADES, isFaceDown=false), Card(rank=SEVEN, suit=SPADES, isFaceDown=false), Card(rank=TWO, suit=DIAMONDS, isFaceDown=false), Card(rank=JACK, suit=HEARTS, isFaceDown=false), Card(rank=KING, suit=CLUBS, isFaceDown=false), Card(rank=TWO, suit=HEARTS, isFaceDown=false), Card(rank=TEN, suit=CLUBS, isFaceDown=false), Card(rank=NINE, suit=SPADES, isFaceDown=false), Card(rank=TEN, suit=CLUBS, isFaceDown=false), Card(rank=TWO, suit=HEARTS, isFaceDown=false), Card(rank=FOUR, suit=CLUBS, isFaceDown=false), Card(rank=FOUR, suit=SPADES, isFaceDown=false), Card(rank=JACK, suit=SPADES, isFaceDown=false), Card(rank=JACK, suit=CLUBS, isFaceDown=false), Card(rank=THREE, suit=DIAMONDS, isFaceDown=false), Card(rank=TEN, suit=SPADES, isFaceDown=false), Card(rank=THREE, suit=CLUBS, isFaceDown=false), Card(rank=NINE, suit=SPADES, isFaceDown=false), Card(rank=QUEEN, suit=HEARTS, isFaceDown=false), Card(rank=ACE, suit=DIAMONDS, isFaceDown=false), Card(rank=FIVE, suit=HEARTS, isFaceDown=false), Card(rank=ACE, suit=CLUBS, isFaceDown=false), Card(rank=SEVEN, suit=CLUBS, isFaceDown=false), Card(rank=SEVEN, suit=SPADES, isFaceDown=false), Card(rank=TWO, suit=DIAMONDS, isFaceDown=false), Card(rank=ACE, suit=DIAMONDS, isFaceDown=false), Card(rank=FIVE, suit=SPADES, isFaceDown=false), Card(rank=SIX, suit=CLUBS, isFaceDown=false), Card(rank=FIVE, suit=DIAMONDS, isFaceDown=false), Card(rank=THREE, suit=HEARTS, isFaceDown=false), Card(rank=FOUR, suit=HEARTS, isFaceDown=false), Card(rank=EIGHT, suit=SPADES, isFaceDown=false), Card(rank=JACK, suit=DIAMONDS, isFaceDown=false), Card(rank=QUEEN, suit=HEARTS, isFaceDown=false)])
Verbose: (DefaultBlackjackStateMachine) SM reduce: DealCardToPlayer(seatIndex=0)
Verbose: (DefaultBlackjackStateMachine) SM action loop finished: DealCardToPlayer(seatIndex=0)
Verbose: (DefaultBlackjackStateMachine) SM reduce: DealCardToDealer(faceDown=false)
Verbose: (DefaultBlackjackStateMachine) SM action loop finished: DealCardToDealer(faceDown=false)
Verbose: (DefaultBlackjackStateMachine) SM reduce: DealCardToPlayer(seatIndex=0)
Verbose: (DefaultBlackjackStateMachine) SM action loop finished: DealCardToPlayer(seatIndex=0)
Verbose: (DefaultBlackjackStateMachine) SM reduce: DealCardToDealer(faceDown=true)
Verbose: (DefaultBlackjackStateMachine) SM action loop finished: DealCardToDealer(faceDown=true)
Verbose: (DefaultBlackjackStateMachine) SM reduce: ApplyInitialOutcome
Verbose: (DefaultBlackjackStateMachine) SM action loop finished: ApplyInitialOutcome
Debug: (DefaultBlackjackStateMachine) SM init block finally
Passed insurance_not_offered_when_dealer_non_ace()
Started insurance_forfeitedOn_noDealerBlackjack()
Verbose: (DefaultBlackjackStateMachine) SM reduce: Stand
Verbose: (DefaultBlackjackStateMachine) SM action loop finished: Stand
Verbose: (DefaultBlackjackStateMachine) SM reduce: RevealDealerHole
Verbose: (DefaultBlackjackStateMachine) SM action loop finished: RevealDealerHole
Verbose: (DefaultBlackjackStateMachine) SM reduce: FinalizeGame
Verbose: (DefaultBlackjackStateMachine) SM action loop finished: FinalizeGame
Debug: (DefaultBlackjackStateMachine) SM init block finally
Passed insurance_forfeitedOn_noDealerBlackjack()
Started declineInsurance_noBalanceChange()
Verbose: (DefaultBlackjackStateMachine) SM reduce: DeclineInsurance
Verbose: (DefaultBlackjackStateMachine) SM action loop finished: DeclineInsurance
Debug: (DefaultBlackjackStateMachine) SM init block finally
Passed declineInsurance_noBalanceChange()
Started takeInsurance_deductsHalfBet()
Verbose: (DefaultBlackjackStateMachine) SM reduce: TakeInsurance
Verbose: (DefaultBlackjackStateMachine) SM action loop finished: TakeInsurance
Debug: (DefaultBlackjackStateMachine) SM init block finally
Passed takeInsurance_deductsHalfBet()
Started insurance_invalidIn_wrongStatus()
Verbose: (DefaultBlackjackStateMachine) SM reduce: TakeInsurance
Verbose: (DefaultBlackjackStateMachine) SM action loop finished: TakeInsurance
Debug: (DefaultBlackjackStateMachine) SM init block finally
Passed insurance_invalidIn_wrongStatus()
Completed InsuranceTest
Started CanSplitTest
Started canSplit_returnsFalse_whenInsufficientBalance()
Passed canSplit_returnsFalse_whenInsufficientBalance()
Started canSplit_returnsFalse_whenNotTwoCards()
Passed canSplit_returnsFalse_whenNotTwoCards()
Started canSplit_returnsFalse_whenMaxHandsReached()
Passed canSplit_returnsFalse_whenMaxHandsReached()
Started canSplit_respectsActiveHandIndex()
Passed canSplit_respectsActiveHandIndex()
Started canSplit_returnsTrue_whenConditionsAreMet()
Passed canSplit_returnsTrue_whenConditionsAreMet()
Started canSplit_returnsFalse_whenRanksHaveSameValueButDifferentRank()
Passed canSplit_returnsFalse_whenRanksHaveSameValueButDifferentRank()
Started canSplit_returnsFalse_whenRanksDoNotMatch()
Passed canSplit_returnsFalse_whenRanksDoNotMatch()
Completed CanSplitTest
Started StrategyProviderTest
Started testGetSoftStrategy_hasCorrectSizeAndContent()
Passed testGetSoftStrategy_hasCorrectSizeAndContent()
Started getSoftStrategy_hasCorrectDimensions()
Passed getSoftStrategy_hasCorrectDimensions()
Started getPairsStrategy_returnsCorrectStrategyCells()
Passed getPairsStrategy_returnsCorrectStrategyCells()
Started testGetHardStrategy_hasCorrectSizeAndContent()
Passed testGetHardStrategy_hasCorrectSizeAndContent()
Started getSoftStrategy_hasCorrectSpecificValues()
Passed getSoftStrategy_hasCorrectSpecificValues()
Completed StrategyProviderTest
Started DealerBehaviorTest
Started testDealerMultiHitTo17()
Verbose: (DefaultBlackjackStateMachine) SM reduce: Stand
Verbose: (DefaultBlackjackStateMachine) SM action loop finished: Stand
Verbose: (DefaultBlackjackStateMachine) SM reduce: RevealDealerHole
Verbose: (DefaultBlackjackStateMachine) SM action loop finished: RevealDealerHole
Verbose: (DefaultBlackjackStateMachine) SM reduce: DealerDraw
Verbose: (DefaultBlackjackStateMachine) SM action loop finished: DealerDraw
Verbose: (DefaultBlackjackStateMachine) SM reduce: DealerDraw
Verbose: (DefaultBlackjackStateMachine) SM action loop finished: DealerDraw
Verbose: (DefaultBlackjackStateMachine) SM reduce: FinalizeGame
Verbose: (DefaultBlackjackStateMachine) SM action loop finished: FinalizeGame
Debug: (DefaultBlackjackStateMachine) SM init block finally
Passed testDealerMultiHitTo17()
Started testDealerNaturalBlackjackResolution()
Verbose: (DefaultBlackjackStateMachine) SM reduce: Stand
Verbose: (DefaultBlackjackStateMachine) SM action loop finished: Stand
Verbose: (DefaultBlackjackStateMachine) SM reduce: RevealDealerHole
Verbose: (DefaultBlackjackStateMachine) SM action loop finished: RevealDealerHole
Verbose: (DefaultBlackjackStateMachine) SM reduce: FinalizeGame
Verbose: (DefaultBlackjackStateMachine) SM action loop finished: FinalizeGame
Debug: (DefaultBlackjackStateMachine) SM init block finally
Passed testDealerNaturalBlackjackResolution()
Started testDealerBusts()
Verbose: (DefaultBlackjackStateMachine) SM reduce: Stand
Verbose: (DefaultBlackjackStateMachine) SM action loop finished: Stand
Verbose: (DefaultBlackjackStateMachine) SM reduce: RevealDealerHole
Verbose: (DefaultBlackjackStateMachine) SM action loop finished: RevealDealerHole
Verbose: (DefaultBlackjackStateMachine) SM reduce: DealerDraw
Verbose: (DefaultBlackjackStateMachine) SM action loop finished: DealerDraw
Verbose: (DefaultBlackjackStateMachine) SM reduce: FinalizeGame
Verbose: (DefaultBlackjackStateMachine) SM action loop finished: FinalizeGame
Debug: (DefaultBlackjackStateMachine) SM init block finally
Passed testDealerBusts()
Started testDealerHitsSoft17EdgeCase()
Verbose: (DefaultBlackjackStateMachine) SM reduce: Stand
Verbose: (DefaultBlackjackStateMachine) SM action loop finished: Stand
Verbose: (DefaultBlackjackStateMachine) SM reduce: RevealDealerHole
Verbose: (DefaultBlackjackStateMachine) SM action loop finished: RevealDealerHole
Verbose: (DefaultBlackjackStateMachine) SM reduce: DealerDraw
Verbose: (DefaultBlackjackStateMachine) SM action loop finished: DealerDraw
Verbose: (DefaultBlackjackStateMachine) SM reduce: DealerDraw
Verbose: (DefaultBlackjackStateMachine) SM action loop finished: DealerDraw
Verbose: (DefaultBlackjackStateMachine) SM reduce: DealerDraw
Verbose: (DefaultBlackjackStateMachine) SM action loop finished: DealerDraw
Verbose: (DefaultBlackjackStateMachine) SM reduce: FinalizeGame
Verbose: (DefaultBlackjackStateMachine) SM action loop finished: FinalizeGame
Debug: (DefaultBlackjackStateMachine) SM init block finally
Passed testDealerHitsSoft17EdgeCase()
Started testDealerStandsOnHard17()
Verbose: (DefaultBlackjackStateMachine) SM reduce: Stand
Verbose: (DefaultBlackjackStateMachine) SM action loop finished: Stand
Verbose: (DefaultBlackjackStateMachine) SM reduce: RevealDealerHole
Verbose: (DefaultBlackjackStateMachine) SM action loop finished: RevealDealerHole
Verbose: (DefaultBlackjackStateMachine) SM reduce: FinalizeGame
Verbose: (DefaultBlackjackStateMachine) SM action loop finished: FinalizeGame
Debug: (DefaultBlackjackStateMachine) SM init block finally
Passed testDealerStandsOnHard17()
Started testDealerHoleCardRevealNoHit()
Verbose: (DefaultBlackjackStateMachine) SM reduce: Stand
Verbose: (DefaultBlackjackStateMachine) SM action loop finished: Stand
Verbose: (DefaultBlackjackStateMachine) SM reduce: RevealDealerHole
Verbose: (DefaultBlackjackStateMachine) SM action loop finished: RevealDealerHole
Verbose: (DefaultBlackjackStateMachine) SM reduce: FinalizeGame
Verbose: (DefaultBlackjackStateMachine) SM action loop finished: FinalizeGame
Debug: (DefaultBlackjackStateMachine) SM init block finally
Passed testDealerHoleCardRevealNoHit()
Completed DealerBehaviorTest
Started SideBetActionTest
Started testPlaceSideBet_updatesState()
Verbose: (DefaultBlackjackStateMachine) SM reduce: PlaceSideBet(type=PERFECT_PAIRS, amount=50)
Verbose: (DefaultBlackjackStateMachine) SM action loop finished: PlaceSideBet(type=PERFECT_PAIRS, amount=50)
Debug: (DefaultBlackjackStateMachine) SM init block finally
Passed testPlaceSideBet_updatesState()
Started testSideBets_clearedAfterDeal()
Verbose: (DefaultBlackjackStateMachine) SM reduce: Deal
Verbose: (DefaultBlackjackStateMachine) SM action loop finished: Deal
Verbose: (DefaultBlackjackStateMachine) SM reduce: DealCardToPlayer(seatIndex=0)
Verbose: (DefaultBlackjackStateMachine) SM action loop finished: DealCardToPlayer(seatIndex=0)
Verbose: (DefaultBlackjackStateMachine) SM reduce: DealCardToDealer(faceDown=false)
Verbose: (DefaultBlackjackStateMachine) SM action loop finished: DealCardToDealer(faceDown=false)
Verbose: (DefaultBlackjackStateMachine) SM reduce: DealCardToPlayer(seatIndex=0)
Verbose: (DefaultBlackjackStateMachine) SM action loop finished: DealCardToPlayer(seatIndex=0)
Verbose: (DefaultBlackjackStateMachine) SM reduce: DealCardToDealer(faceDown=true)
Verbose: (DefaultBlackjackStateMachine) SM action loop finished: DealCardToDealer(faceDown=true)
Verbose: (DefaultBlackjackStateMachine) SM reduce: ApplyInitialOutcome
Verbose: (DefaultBlackjackStateMachine) SM action loop finished: ApplyInitialOutcome
Debug: (DefaultBlackjackStateMachine) SM init block finally
Passed testSideBets_clearedAfterDeal()
Started testPlaceSideBet_invalidStatus_ignored()
Verbose: (DefaultBlackjackStateMachine) SM reduce: PlaceSideBet(type=PERFECT_PAIRS, amount=50)
Verbose: (DefaultBlackjackStateMachine) SM action loop finished: PlaceSideBet(type=PERFECT_PAIRS, amount=50)
Debug: (DefaultBlackjackStateMachine) SM init block finally
Passed testPlaceSideBet_invalidStatus_ignored()
Started testResetSideBet_ignoredForMissingBet()
Verbose: (DefaultBlackjackStateMachine) SM reduce: ResetSideBet(type=PERFECT_PAIRS)
Verbose: (DefaultBlackjackStateMachine) SM action loop finished: ResetSideBet(type=PERFECT_PAIRS)
Debug: (DefaultBlackjackStateMachine) SM init block finally
Passed testResetSideBet_ignoredForMissingBet()
Started testResetSideBet_refundsSpecificBet()
Verbose: (DefaultBlackjackStateMachine) SM reduce: ResetSideBet(type=PERFECT_PAIRS)
Verbose: (DefaultBlackjackStateMachine) SM action loop finished: ResetSideBet(type=PERFECT_PAIRS)
Debug: (DefaultBlackjackStateMachine) SM init block finally
Passed testResetSideBet_refundsSpecificBet()
Started testResetSideBets_updatesState()
Verbose: (DefaultBlackjackStateMachine) SM reduce: ResetSideBets
Verbose: (DefaultBlackjackStateMachine) SM action loop finished: ResetSideBets
Debug: (DefaultBlackjackStateMachine) SM init block finally
Passed testResetSideBets_updatesState()
Started testPlaceSideBet_insufficientBalance_ignoredAndVibrates()
Verbose: (DefaultBlackjackStateMachine) SM reduce: PlaceSideBet(type=PERFECT_PAIRS, amount=50)
Verbose: (DefaultBlackjackStateMachine) SM action loop finished: PlaceSideBet(type=PERFECT_PAIRS, amount=50)
Debug: (DefaultBlackjackStateMachine) SM init block finally
Passed testPlaceSideBet_insufficientBalance_ignoredAndVibrates()
Started testResetSideBet_invalidStatus_ignored()
Verbose: (DefaultBlackjackStateMachine) SM reduce: ResetSideBet(type=PERFECT_PAIRS)
Verbose: (DefaultBlackjackStateMachine) SM action loop finished: ResetSideBet(type=PERFECT_PAIRS)
Debug: (DefaultBlackjackStateMachine) SM init block finally
Passed testResetSideBet_invalidStatus_ignored()
Completed SideBetActionTest
Started MonteCarloFuzzTest
Started conservation_withSideBets_noChipsLeaked()
💎 Checking Chip Conservation with 21+3 and Perfect Pairs (50,000 games)...
✅ PASSED: Side bet chip conservation verified.
Passed conservation_withSideBets_noChipsLeaked()
Started conservation_100k_games_noChipsLeaked()
🚀 Starting 100,000 games for Chip Conservation check (Seed: 42)...
✅ PASSED: 100,000 games complete with ZERO chips leaked.
Passed conservation_100k_games_noChipsLeaked()
Started strategy_ev_converges_to_theoretical()
📊 Running 100,000 games for RTP Strategy Validation...
🎰 Monte Carlo Summary (100k hands):
   Total Wagered: 11340100
   Total Payout:  11245350
   Actual RTP:    99.1645%
   Theoretical:   ~99.45% (6 deck, H17, 3:2)
Passed strategy_ev_converges_to_theoretical()
Completed MonteCarloFuzzTest
Started HandOutcomeTest
Started testPlayerHigherScore_isWin()
Passed testPlayerHigherScore_isWin()
Started testPlayer21_notNatural_dealerNoBlackjack_isWin()
Passed testPlayer21_notNatural_dealerNoBlackjack_isWin()
Started testPlayer21_notNatural_dealerHas21_isPush()
Passed testPlayer21_notNatural_dealerHas21_isPush()
Started calculateHandResults_naturalBJvsDealerBJ_anyWinIsFalse()
Passed calculateHandResults_naturalBJvsDealerBJ_anyWinIsFalse()
Started testNaturalBlackjack_dealerNoBlackjack_isNaturalWin()
Passed testNaturalBlackjack_dealerNoBlackjack_isNaturalWin()
Started testPlayerBust_isAlwaysLoss()
Passed testPlayerBust_isAlwaysLoss()
Started testPlayerEqualScore_isPush()
Passed testPlayerEqualScore_isPush()
Started testDealerBust_playerNotBust_isWin()
Passed testDealerBust_playerNotBust_isWin()
Started testNaturalBlackjack_dealerHasBlackjack_isPush()
Passed testNaturalBlackjack_dealerHasBlackjack_isPush()
Started testPlayerLowerScore_isLoss()
Passed testPlayerLowerScore_isLoss()
Completed HandOutcomeTest
Started BenchmarkTest
Started runHandBenchmark()
Info: (BenchmarkTest) ===============================
Info: (BenchmarkTest) Old approach: 43 ms
Info: (BenchmarkTest) New approach: 15 ms
Info: (BenchmarkTest) Improvement: 65.11627906976744%
Info: (BenchmarkTest) ===============================
Passed runHandBenchmark()
Started benchmarkCreateDeck()
Info: (BenchmarkTest) ===============================
Info: (BenchmarkTest) Iteration 1 - Old: 1001 ms, New: 871 ms
Info: (BenchmarkTest) Iteration 2 - Old: 991 ms, New: 848 ms
Info: (BenchmarkTest) Iteration 3 - Old: 982 ms, New: 855 ms
Info: (BenchmarkTest) Iteration 4 - Old: 988 ms, New: 850 ms
Info: (BenchmarkTest) Iteration 5 - Old: 992 ms, New: 848 ms
Info: (BenchmarkTest) Deck Average Old: 990 ms
Info: (BenchmarkTest) Deck Average New: 854 ms
Info: (BenchmarkTest) Average Improvement: 13.766653209527654%
Info: (BenchmarkTest) ===============================
Passed benchmarkCreateDeck()
Completed BenchmarkTest
Started DealerHitsSoft17Test
Started dealerHitsOnSoft17_whenRuleEnabled()
Verbose: (DefaultBlackjackStateMachine) SM reduce: Stand
Verbose: (DefaultBlackjackStateMachine) SM action loop finished: Stand
Verbose: (DefaultBlackjackStateMachine) SM reduce: RevealDealerHole
Verbose: (DefaultBlackjackStateMachine) SM action loop finished: RevealDealerHole
Verbose: (DefaultBlackjackStateMachine) SM reduce: DealerDraw
Verbose: (DefaultBlackjackStateMachine) SM action loop finished: DealerDraw
Verbose: (DefaultBlackjackStateMachine) SM reduce: FinalizeGame
Verbose: (DefaultBlackjackStateMachine) SM action loop finished: FinalizeGame
Debug: (DefaultBlackjackStateMachine) SM init block finally
Passed dealerHitsOnSoft17_whenRuleEnabled()
Started dealerStandsOnSoft18_whenHitSoft17Enabled()
Verbose: (DefaultBlackjackStateMachine) SM reduce: Stand
Verbose: (DefaultBlackjackStateMachine) SM action loop finished: Stand
Verbose: (DefaultBlackjackStateMachine) SM reduce: RevealDealerHole
Verbose: (DefaultBlackjackStateMachine) SM action loop finished: RevealDealerHole
Verbose: (DefaultBlackjackStateMachine) SM reduce: FinalizeGame
Verbose: (DefaultBlackjackStateMachine) SM action loop finished: FinalizeGame
Debug: (DefaultBlackjackStateMachine) SM init block finally
Passed dealerStandsOnSoft18_whenHitSoft17Enabled()
Started dealerStandsOnSoft17_whenRuleDisabled()
Verbose: (DefaultBlackjackStateMachine) SM reduce: Stand
Verbose: (DefaultBlackjackStateMachine) SM action loop finished: Stand
Verbose: (DefaultBlackjackStateMachine) SM reduce: RevealDealerHole
Verbose: (DefaultBlackjackStateMachine) SM action loop finished: RevealDealerHole
Verbose: (DefaultBlackjackStateMachine) SM reduce: FinalizeGame
Verbose: (DefaultBlackjackStateMachine) SM action loop finished: FinalizeGame
Debug: (DefaultBlackjackStateMachine) SM init block finally
Passed dealerStandsOnSoft17_whenRuleDisabled()
Started dealerHitsOnSoft17_multipleTimes()
Verbose: (DefaultBlackjackStateMachine) SM reduce: Stand
Verbose: (DefaultBlackjackStateMachine) SM action loop finished: Stand
Verbose: (DefaultBlackjackStateMachine) SM reduce: RevealDealerHole
Verbose: (DefaultBlackjackStateMachine) SM action loop finished: RevealDealerHole
Verbose: (DefaultBlackjackStateMachine) SM reduce: DealerDraw
Verbose: (DefaultBlackjackStateMachine) SM action loop finished: DealerDraw
Verbose: (DefaultBlackjackStateMachine) SM reduce: DealerDraw
Verbose: (DefaultBlackjackStateMachine) SM action loop finished: DealerDraw
Verbose: (DefaultBlackjackStateMachine) SM reduce: FinalizeGame
Verbose: (DefaultBlackjackStateMachine) SM action loop finished: FinalizeGame
Debug: (DefaultBlackjackStateMachine) SM init block finally
Passed dealerHitsOnSoft17_multipleTimes()
Started dealerCriticalDrawEffect_emitted_duringSoft17Hit()
Verbose: (DefaultBlackjackStateMachine) SM reduce: Stand
Verbose: (DefaultBlackjackStateMachine) SM action loop finished: Stand
Verbose: (DefaultBlackjackStateMachine) SM reduce: RevealDealerHole
Verbose: (DefaultBlackjackStateMachine) SM action loop finished: RevealDealerHole
Verbose: (DefaultBlackjackStateMachine) SM reduce: DealerDraw
Verbose: (DefaultBlackjackStateMachine) SM action loop finished: DealerDraw
Verbose: (DefaultBlackjackStateMachine) SM reduce: FinalizeGame
Verbose: (DefaultBlackjackStateMachine) SM action loop finished: FinalizeGame
Debug: (DefaultBlackjackStateMachine) SM init block finally
Passed dealerCriticalDrawEffect_emitted_duringSoft17Hit()
Started dealerStandsOnHard17_whenHitSoft17Enabled()
Verbose: (DefaultBlackjackStateMachine) SM reduce: Stand
Verbose: (DefaultBlackjackStateMachine) SM action loop finished: Stand
Verbose: (DefaultBlackjackStateMachine) SM reduce: RevealDealerHole
Verbose: (DefaultBlackjackStateMachine) SM action loop finished: RevealDealerHole
Verbose: (DefaultBlackjackStateMachine) SM reduce: FinalizeGame
Verbose: (DefaultBlackjackStateMachine) SM action loop finished: FinalizeGame
Debug: (DefaultBlackjackStateMachine) SM init block finally
Passed dealerStandsOnHard17_whenHitSoft17Enabled()
Completed DealerHitsSoft17Test
Started ChipLogicTest
Started testCalculateChipStack_SmallAmount()
Passed testCalculateChipStack_SmallAmount()
Started testCalculateChipStack_MaxStackSize()
Passed testCalculateChipStack_MaxStackSize()
Started testBreakdownBalance_Empty()
Passed testBreakdownBalance_Empty()
Started testBreakdownBalance_Standard()
Passed testBreakdownBalance_Standard()
Started testCalculateChipStack_LargeAmount()
Passed testCalculateChipStack_LargeAmount()
Completed ChipLogicTest
Started UpdateRulesTest
Started updateRules_duringBetting_updatesState()
Verbose: (DefaultBlackjackStateMachine) SM reduce: UpdateRules(rules=GameRules(dealerHitsSoft17=false, allowDoubleAfterSplit=true, allowSurrender=true, blackjackPayout=THREE_TO_TWO, deckCount=6, splitOnValueOnly=false, deterministicReshuffle=false))
Verbose: (DefaultBlackjackStateMachine) SM action loop finished: UpdateRules(rules=GameRules(dealerHitsSoft17=false, allowDoubleAfterSplit=true, allowSurrender=true, blackjackPayout=THREE_TO_TWO, deckCount=6, splitOnValueOnly=false, deterministicReshuffle=false))
Debug: (DefaultBlackjackStateMachine) SM init block finally
Passed updateRules_duringBetting_updatesState()
Started updateRules_duringPlaying_isIgnored()
Verbose: (DefaultBlackjackStateMachine) SM reduce: UpdateRules(rules=GameRules(dealerHitsSoft17=false, allowDoubleAfterSplit=true, allowSurrender=false, blackjackPayout=THREE_TO_TWO, deckCount=6, splitOnValueOnly=false, deterministicReshuffle=false))
Verbose: (DefaultBlackjackStateMachine) SM action loop finished: UpdateRules(rules=GameRules(dealerHitsSoft17=false, allowDoubleAfterSplit=true, allowSurrender=false, blackjackPayout=THREE_TO_TWO, deckCount=6, splitOnValueOnly=false, deterministicReshuffle=false))
Debug: (DefaultBlackjackStateMachine) SM init block finally
Passed updateRules_duringPlaying_isIgnored()
Started updateRules_integration_affectsGameplay()
Verbose: (DefaultBlackjackStateMachine) SM reduce: UpdateRules(rules=GameRules(dealerHitsSoft17=false, allowDoubleAfterSplit=true, allowSurrender=false, blackjackPayout=THREE_TO_TWO, deckCount=6, splitOnValueOnly=false, deterministicReshuffle=true))
Verbose: (DefaultBlackjackStateMachine) SM action loop finished: UpdateRules(rules=GameRules(dealerHitsSoft17=false, allowDoubleAfterSplit=true, allowSurrender=false, blackjackPayout=THREE_TO_TWO, deckCount=6, splitOnValueOnly=false, deterministicReshuffle=true))
Verbose: (DefaultBlackjackStateMachine) SM reduce: Deal
Verbose: (DefaultBlackjackStateMachine) SM action loop finished: Deal
Verbose: (DefaultBlackjackStateMachine) SM reduce: DealCardToPlayer(seatIndex=0)
Verbose: (DefaultBlackjackStateMachine) SM action loop finished: DealCardToPlayer(seatIndex=0)
Verbose: (DefaultBlackjackStateMachine) SM reduce: DealCardToDealer(faceDown=false)
Verbose: (DefaultBlackjackStateMachine) SM action loop finished: DealCardToDealer(faceDown=false)
Verbose: (DefaultBlackjackStateMachine) SM reduce: DealCardToPlayer(seatIndex=0)
Verbose: (DefaultBlackjackStateMachine) SM action loop finished: DealCardToPlayer(seatIndex=0)
Verbose: (DefaultBlackjackStateMachine) SM reduce: DealCardToDealer(faceDown=true)
Verbose: (DefaultBlackjackStateMachine) SM action loop finished: DealCardToDealer(faceDown=true)
Verbose: (DefaultBlackjackStateMachine) SM reduce: ApplyInitialOutcome
Verbose: (DefaultBlackjackStateMachine) SM action loop finished: ApplyInitialOutcome
Verbose: (DefaultBlackjackStateMachine) SM reduce: Stand
Verbose: (DefaultBlackjackStateMachine) SM action loop finished: Stand
Verbose: (DefaultBlackjackStateMachine) SM reduce: RevealDealerHole
Verbose: (DefaultBlackjackStateMachine) SM action loop finished: RevealDealerHole
Verbose: (DefaultBlackjackStateMachine) SM reduce: FinalizeGame
Verbose: (DefaultBlackjackStateMachine) SM action loop finished: FinalizeGame
Debug: (DefaultBlackjackStateMachine) SM init block finally
Passed updateRules_integration_affectsGameplay()
Started updateRules_duringDealerTurn_isIgnored()
Verbose: (DefaultBlackjackStateMachine) SM reduce: UpdateRules(rules=GameRules(dealerHitsSoft17=false, allowDoubleAfterSplit=true, allowSurrender=false, blackjackPayout=THREE_TO_TWO, deckCount=6, splitOnValueOnly=false, deterministicReshuffle=false))
Verbose: (DefaultBlackjackStateMachine) SM action loop finished: UpdateRules(rules=GameRules(dealerHitsSoft17=false, allowDoubleAfterSplit=true, allowSurrender=false, blackjackPayout=THREE_TO_TWO, deckCount=6, splitOnValueOnly=false, deterministicReshuffle=false))
Debug: (DefaultBlackjackStateMachine) SM init block finally
Passed updateRules_duringDealerTurn_isIgnored()
Started updateRules_duringTerminalStatus_isIgnored()
Verbose: (DefaultBlackjackStateMachine) SM reduce: UpdateRules(rules=GameRules(dealerHitsSoft17=false, allowDoubleAfterSplit=true, allowSurrender=false, blackjackPayout=THREE_TO_TWO, deckCount=6, splitOnValueOnly=false, deterministicReshuffle=false))
Verbose: (DefaultBlackjackStateMachine) SM action loop finished: UpdateRules(rules=GameRules(dealerHitsSoft17=false, allowDoubleAfterSplit=true, allowSurrender=false, blackjackPayout=THREE_TO_TWO, deckCount=6, splitOnValueOnly=false, deterministicReshuffle=false))
Debug: (DefaultBlackjackStateMachine) SM init block finally
Passed updateRules_duringTerminalStatus_isIgnored()
Completed UpdateRulesTest
Started LastBetPersistenceTest
Started testLastBetsCapturedAtDeal_IgnoresDoubleDown()
Verbose: (DefaultBlackjackStateMachine) SM reduce: NewGame(initialBalance=1000, rules=GameRules(dealerHitsSoft17=true, allowDoubleAfterSplit=true, allowSurrender=false, blackjackPayout=THREE_TO_TWO, deckCount=6, splitOnValueOnly=false, deterministicReshuffle=false), handCount=1, previousBets=[0], lastSideBets={})
Verbose: (DefaultBlackjackStateMachine) SM action loop finished: NewGame(initialBalance=1000, rules=GameRules(dealerHitsSoft17=true, allowDoubleAfterSplit=true, allowSurrender=false, blackjackPayout=THREE_TO_TWO, deckCount=6, splitOnValueOnly=false, deterministicReshuffle=false), handCount=1, previousBets=[0], lastSideBets={})
Verbose: (DefaultBlackjackStateMachine) SM reduce: PlaceBet(amount=10, seatIndex=0)
Verbose: (DefaultBlackjackStateMachine) SM action loop finished: PlaceBet(amount=10, seatIndex=0)
Verbose: (DefaultBlackjackStateMachine) SM reduce: SetDeck(deck=[Card(rank=FIVE, suit=SPADES, isFaceDown=false), Card(rank=TEN, suit=SPADES, isFaceDown=false), Card(rank=SIX, suit=SPADES, isFaceDown=false), Card(rank=SEVEN, suit=SPADES, isFaceDown=false), Card(rank=TWO, suit=SPADES, isFaceDown=false)])
Verbose: (DefaultBlackjackStateMachine) SM action loop finished: SetDeck(deck=[Card(rank=FIVE, suit=SPADES, isFaceDown=false), Card(rank=TEN, suit=SPADES, isFaceDown=false), Card(rank=SIX, suit=SPADES, isFaceDown=false), Card(rank=SEVEN, suit=SPADES, isFaceDown=false), Card(rank=TWO, suit=SPADES, isFaceDown=false)])
Verbose: (DefaultBlackjackStateMachine) SM reduce: Deal
Verbose: (DefaultBlackjackStateMachine) SM action loop finished: Deal
Verbose: (DefaultBlackjackStateMachine) SM reduce: SetDeck(deck=[Card(rank=SIX, suit=HEARTS, isFaceDown=false), Card(rank=SIX, suit=CLUBS, isFaceDown=false), Card(rank=FOUR, suit=CLUBS, isFaceDown=false), Card(rank=NINE, suit=HEARTS, isFaceDown=false), Card(rank=JACK, suit=HEARTS, isFaceDown=false), Card(rank=TWO, suit=HEARTS, isFaceDown=false), Card(rank=TEN, suit=SPADES, isFaceDown=false), Card(rank=NINE, suit=SPADES, isFaceDown=false), Card(rank=FIVE, suit=CLUBS, isFaceDown=false), Card(rank=ACE, suit=CLUBS, isFaceDown=false), Card(rank=TEN, suit=DIAMONDS, isFaceDown=false), Card(rank=THREE, suit=HEARTS, isFaceDown=false), Card(rank=THREE, suit=CLUBS, isFaceDown=false), Card(rank=TEN, suit=CLUBS, isFaceDown=false), Card(rank=JACK, suit=CLUBS, isFaceDown=false), Card(rank=THREE, suit=HEARTS, isFaceDown=false), Card(rank=KING, suit=CLUBS, isFaceDown=false), Card(rank=THREE, suit=DIAMONDS, isFaceDown=false), Card(rank=ACE, suit=SPADES, isFaceDown=false), Card(rank=FOUR, suit=HEARTS, isFaceDown=false), Card(rank=KING, suit=SPADES, isFaceDown=false), Card(rank=FIVE, suit=HEARTS, isFaceDown=false), Card(rank=EIGHT, suit=SPADES, isFaceDown=false), Card(rank=ACE, suit=DIAMONDS, isFaceDown=false), Card(rank=FIVE, suit=SPADES, isFaceDown=false), Card(rank=QUEEN, suit=HEARTS, isFaceDown=false), Card(rank=EIGHT, suit=DIAMONDS, isFaceDown=false), Card(rank=FOUR, suit=HEARTS, isFaceDown=false), Card(rank=QUEEN, suit=SPADES, isFaceDown=false), Card(rank=KING, suit=DIAMONDS, isFaceDown=false), Card(rank=FOUR, suit=CLUBS, isFaceDown=false), Card(rank=FOUR, suit=CLUBS, isFaceDown=false), Card(rank=EIGHT, suit=SPADES, isFaceDown=false), Card(rank=THREE, suit=CLUBS, isFaceDown=false), Card(rank=QUEEN, suit=CLUBS, isFaceDown=false), Card(rank=SIX, suit=SPADES, isFaceDown=false), Card(rank=TWO, suit=SPADES, isFaceDown=false), Card(rank=EIGHT, suit=HEARTS, isFaceDown=false), Card(rank=TWO, suit=DIAMONDS, isFaceDown=false), Card(rank=NINE, suit=HEARTS, isFaceDown=false), Card(rank=QUEEN, suit=SPADES, isFaceDown=false), Card(rank=KING, suit=SPADES, isFaceDown=false), Card(rank=SIX, suit=SPADES, isFaceDown=false), Card(rank=EIGHT, suit=HEARTS, isFaceDown=false), Card(rank=EIGHT, suit=HEARTS, isFaceDown=false), Card(rank=FIVE, suit=DIAMONDS, isFaceDown=false), Card(rank=SEVEN, suit=CLUBS, isFaceDown=false), Card(rank=EIGHT, suit=DIAMONDS, isFaceDown=false), Card(rank=JACK, suit=CLUBS, isFaceDown=false), Card(rank=SIX, suit=CLUBS, isFaceDown=false), Card(rank=SEVEN, suit=HEARTS, isFaceDown=false), Card(rank=ACE, suit=HEARTS, isFaceDown=false), Card(rank=TEN, suit=CLUBS, isFaceDown=false), Card(rank=NINE, suit=DIAMONDS, isFaceDown=false), Card(rank=TWO, suit=DIAMONDS, isFaceDown=false), Card(rank=THREE, suit=HEARTS, isFaceDown=false), Card(rank=NINE, suit=SPADES, isFaceDown=false), Card(rank=TWO, suit=HEARTS, isFaceDown=false), Card(rank=QUEEN, suit=CLUBS, isFaceDown=false), Card(rank=THREE, suit=CLUBS, isFaceDown=false), Card(rank=THREE, suit=HEARTS, isFaceDown=false), Card(rank=QUEEN, suit=DIAMONDS, isFaceDown=false), Card(rank=SEVEN, suit=DIAMONDS, isFaceDown=false), Card(rank=SEVEN, suit=SPADES, isFaceDown=false), Card(rank=EIGHT, suit=SPADES, isFaceDown=false), Card(rank=KING, suit=DIAMONDS, isFaceDown=false), Card(rank=EIGHT, suit=DIAMONDS, isFaceDown=false), Card(rank=JACK, suit=HEARTS, isFaceDown=false), Card(rank=QUEEN, suit=DIAMONDS, isFaceDown=false), Card(rank=KING, suit=DIAMONDS, isFaceDown=false), Card(rank=THREE, suit=CLUBS, isFaceDown=false), Card(rank=QUEEN, suit=DIAMONDS, isFaceDown=false), Card(rank=SIX, suit=DIAMONDS, isFaceDown=false), Card(rank=TWO, suit=HEARTS, isFaceDown=false), Card(rank=FOUR, suit=CLUBS, isFaceDown=false), Card(rank=SEVEN, suit=DIAMONDS, isFaceDown=false), Card(rank=SIX, suit=CLUBS, isFaceDown=false), Card(rank=TWO, suit=DIAMONDS, isFaceDown=false), Card(rank=SEVEN, suit=CLUBS, isFaceDown=false), Card(rank=EIGHT, suit=CLUBS, isFaceDown=false), Card(rank=JACK, suit=DIAMONDS, isFaceDown=false), Card(rank=FOUR, suit=SPADES, isFaceDown=false), Card(rank=SEVEN, suit=SPADES, isFaceDown=false), Card(rank=TWO, suit=SPADES, isFaceDown=false), Card(rank=TEN, suit=DIAMONDS, isFaceDown=false), Card(rank=JACK, suit=SPADES, isFaceDown=false), Card(rank=FIVE, suit=DIAMONDS, isFaceDown=false), Card(rank=JACK, suit=CLUBS, isFaceDown=false), Card(rank=KING, suit=DIAMONDS, isFaceDown=false), Card(rank=FIVE, suit=DIAMONDS, isFaceDown=false), Card(rank=TEN, suit=SPADES, isFaceDown=false), Card(rank=TEN, suit=SPADES, isFaceDown=false), Card(rank=QUEEN, suit=SPADES, isFaceDown=false), Card(rank=QUEEN, suit=HEARTS, isFaceDown=false), Card(rank=QUEEN, suit=CLUBS, isFaceDown=false), Card(rank=TEN, suit=CLUBS, isFaceDown=false), Card(rank=ACE, suit=CLUBS, isFaceDown=false), Card(rank=NINE, suit=DIAMONDS, isFaceDown=false), Card(rank=FIVE, suit=SPADES, isFaceDown=false), Card(rank=QUEEN, suit=SPADES, isFaceDown=false), Card(rank=TWO, suit=CLUBS, isFaceDown=false), Card(rank=NINE, suit=HEARTS, isFaceDown=false), Card(rank=JACK, suit=HEARTS, isFaceDown=false), Card(rank=EIGHT, suit=CLUBS, isFaceDown=false), Card(rank=FIVE, suit=HEARTS, isFaceDown=false), Card(rank=QUEEN, suit=HEARTS, isFaceDown=false), Card(rank=TWO, suit=HEARTS, isFaceDown=false), Card(rank=SEVEN, suit=SPADES, isFaceDown=false), Card(rank=FIVE, suit=CLUBS, isFaceDown=false), Card(rank=FOUR, suit=HEARTS, isFaceDown=false), Card(rank=ACE, suit=CLUBS, isFaceDown=false), Card(rank=TEN, suit=HEARTS, isFaceDown=false), Card(rank=FOUR, suit=CLUBS, isFaceDown=false), Card(rank=QUEEN, suit=CLUBS, isFaceDown=false), Card(rank=NINE, suit=SPADES, isFaceDown=false), Card(rank=ACE, suit=DIAMONDS, isFaceDown=false), Card(rank=ACE, suit=HEARTS, isFaceDown=false), Card(rank=TWO, suit=CLUBS, isFaceDown=false), Card(rank=SIX, suit=DIAMONDS, isFaceDown=false), Card(rank=KING, suit=HEARTS, isFaceDown=false), Card(rank=ACE, suit=DIAMONDS, isFaceDown=false), Card(rank=FOUR, suit=HEARTS, isFaceDown=false), Card(rank=KING, suit=HEARTS, isFaceDown=false), Card(rank=TEN, suit=DIAMONDS, isFaceDown=false), Card(rank=TEN, suit=DIAMONDS, isFaceDown=false), Card(rank=FOUR, suit=HEARTS, isFaceDown=false), Card(rank=EIGHT, suit=SPADES, isFaceDown=false), Card(rank=SEVEN, suit=DIAMONDS, isFaceDown=false), Card(rank=SIX, suit=CLUBS, isFaceDown=false), Card(rank=SIX, suit=HEARTS, isFaceDown=false), Card(rank=FIVE, suit=DIAMONDS, isFaceDown=false), Card(rank=NINE, suit=CLUBS, isFaceDown=false), Card(rank=SIX, suit=DIAMONDS, isFaceDown=false), Card(rank=EIGHT, suit=DIAMONDS, isFaceDown=false), Card(rank=NINE, suit=DIAMONDS, isFaceDown=false), Card(rank=KING, suit=DIAMONDS, isFaceDown=false), Card(rank=TWO, suit=DIAMONDS, isFaceDown=false), Card(rank=TEN, suit=SPADES, isFaceDown=false), Card(rank=THREE, suit=DIAMONDS, isFaceDown=false), Card(rank=NINE, suit=HEARTS, isFaceDown=false), Card(rank=ACE, suit=CLUBS, isFaceDown=false), Card(rank=SIX, suit=SPADES, isFaceDown=false), Card(rank=ACE, suit=DIAMONDS, isFaceDown=false), Card(rank=ACE, suit=SPADES, isFaceDown=false), Card(rank=KING, suit=CLUBS, isFaceDown=false), Card(rank=NINE, suit=SPADES, isFaceDown=false), Card(rank=SIX, suit=HEARTS, isFaceDown=false), Card(rank=JACK, suit=DIAMONDS, isFaceDown=false), Card(rank=SIX, suit=CLUBS, isFaceDown=false), Card(rank=TWO, suit=DIAMONDS, isFaceDown=false), Card(rank=TWO, suit=CLUBS, isFaceDown=false), Card(rank=JACK, suit=DIAMONDS, isFaceDown=false), Card(rank=FIVE, suit=CLUBS, isFaceDown=false), Card(rank=JACK, suit=DIAMONDS, isFaceDown=false), Card(rank=QUEEN, suit=DIAMONDS, isFaceDown=false), Card(rank=SEVEN, suit=CLUBS, isFaceDown=false), Card(rank=KING, suit=CLUBS, isFaceDown=false), Card(rank=SEVEN, suit=CLUBS, isFaceDown=false), Card(rank=KING, suit=SPADES, isFaceDown=false), Card(rank=TEN, suit=CLUBS, isFaceDown=false), Card(rank=NINE, suit=CLUBS, isFaceDown=false), Card(rank=TWO, suit=SPADES, isFaceDown=false), Card(rank=FIVE, suit=SPADES, isFaceDown=false), Card(rank=EIGHT, suit=CLUBS, isFaceDown=false), Card(rank=TWO, suit=HEARTS, isFaceDown=false), Card(rank=SIX, suit=SPADES, isFaceDown=false), Card(rank=NINE, suit=SPADES, isFaceDown=false), Card(rank=KING, suit=HEARTS, isFaceDown=false), Card(rank=FIVE, suit=HEARTS, isFaceDown=false), Card(rank=TWO, suit=SPADES, isFaceDown=false), Card(rank=SEVEN, suit=DIAMONDS, isFaceDown=false), Card(rank=FIVE, suit=HEARTS, isFaceDown=false), Card(rank=KING, suit=SPADES, isFaceDown=false), Card(rank=JACK, suit=DIAMONDS, isFaceDown=false), Card(rank=EIGHT, suit=HEARTS, isFaceDown=false), Card(rank=FOUR, suit=CLUBS, isFaceDown=false), Card(rank=EIGHT, suit=DIAMONDS, isFaceDown=false), Card(rank=SEVEN, suit=HEARTS, isFaceDown=false), Card(rank=TWO, suit=SPADES, isFaceDown=false), Card(rank=SEVEN, suit=HEARTS, isFaceDown=false), Card(rank=ACE, suit=HEARTS, isFaceDown=false), Card(rank=ACE, suit=DIAMONDS, isFaceDown=false), Card(rank=QUEEN, suit=HEARTS, isFaceDown=false), Card(rank=NINE, suit=HEARTS, isFaceDown=false), Card(rank=ACE, suit=SPADES, isFaceDown=false), Card(rank=JACK, suit=SPADES, isFaceDown=false), Card(rank=THREE, suit=SPADES, isFaceDown=false), Card(rank=SIX, suit=DIAMONDS, isFaceDown=false), Card(rank=TEN, suit=HEARTS, isFaceDown=false), Card(rank=SEVEN, suit=HEARTS, isFaceDown=false), Card(rank=THREE, suit=CLUBS, isFaceDown=false), Card(rank=KING, suit=HEARTS, isFaceDown=false), Card(rank=JACK, suit=HEARTS, isFaceDown=false), Card(rank=THREE, suit=DIAMONDS, isFaceDown=false), Card(rank=ACE, suit=CLUBS, isFaceDown=false), Card(rank=EIGHT, suit=HEARTS, isFaceDown=false), Card(rank=FOUR, suit=DIAMONDS, isFaceDown=false), Card(rank=FIVE, suit=SPADES, isFaceDown=false), Card(rank=NINE, suit=CLUBS, isFaceDown=false), Card(rank=TWO, suit=CLUBS, isFaceDown=false), Card(rank=EIGHT, suit=CLUBS, isFaceDown=false), Card(rank=SIX, suit=SPADES, isFaceDown=false), Card(rank=THREE, suit=SPADES, isFaceDown=false), Card(rank=TEN, suit=HEARTS, isFaceDown=false), Card(rank=ACE, suit=SPADES, isFaceDown=false), Card(rank=TEN, suit=HEARTS, isFaceDown=false), Card(rank=SEVEN, suit=HEARTS, isFaceDown=false), Card(rank=JACK, suit=CLUBS, isFaceDown=false), Card(rank=ACE, suit=HEARTS, isFaceDown=false), Card(rank=NINE, suit=DIAMONDS, isFaceDown=false), Card(rank=JACK, suit=SPADES, isFaceDown=false), Card(rank=TEN, suit=CLUBS, isFaceDown=false), Card(rank=JACK, suit=SPADES, isFaceDown=false), Card(rank=ACE, suit=CLUBS, isFaceDown=false), Card(rank=JACK, suit=HEARTS, isFaceDown=false), Card(rank=NINE, suit=CLUBS, isFaceDown=false), Card(rank=JACK, suit=DIAMONDS, isFaceDown=false), Card(rank=EIGHT, suit=SPADES, isFaceDown=false), Card(rank=KING, suit=CLUBS, isFaceDown=false), Card(rank=JACK, suit=SPADES, isFaceDown=false), Card(rank=FOUR, suit=DIAMONDS, isFaceDown=false), Card(rank=KING, suit=CLUBS, isFaceDown=false), Card(rank=THREE, suit=HEARTS, isFaceDown=false), Card(rank=FOUR, suit=HEARTS, isFaceDown=false), Card(rank=QUEEN, suit=HEARTS, isFaceDown=false), Card(rank=THREE, suit=DIAMONDS, isFaceDown=false), Card(rank=EIGHT, suit=CLUBS, isFaceDown=false), Card(rank=THREE, suit=DIAMONDS, isFaceDown=false), Card(rank=TWO, suit=CLUBS, isFaceDown=false), Card(rank=FIVE, suit=SPADES, isFaceDown=false), Card(rank=THREE, suit=SPADES, isFaceDown=false), Card(rank=KING, suit=HEARTS, isFaceDown=false), Card(rank=TWO, suit=HEARTS, isFaceDown=false), Card(rank=KING, suit=SPADES, isFaceDown=false), Card(rank=KING, suit=CLUBS, isFaceDown=false), Card(rank=KING, suit=DIAMONDS, isFaceDown=false), Card(rank=NINE, suit=HEARTS, isFaceDown=false), Card(rank=TEN, suit=SPADES, isFaceDown=false), Card(rank=QUEEN, suit=SPADES, isFaceDown=false), Card(rank=QUEEN, suit=DIAMONDS, isFaceDown=false), Card(rank=FOUR, suit=SPADES, isFaceDown=false), Card(rank=TEN, suit=SPADES, isFaceDown=false), Card(rank=SEVEN, suit=DIAMONDS, isFaceDown=false), Card(rank=FOUR, suit=DIAMONDS, isFaceDown=false), Card(rank=TWO, suit=CLUBS, isFaceDown=false), Card(rank=JACK, suit=CLUBS, isFaceDown=false), Card(rank=FOUR, suit=SPADES, isFaceDown=false), Card(rank=KING, suit=HEARTS, isFaceDown=false), Card(rank=NINE, suit=SPADES, isFaceDown=false), Card(rank=SEVEN, suit=CLUBS, isFaceDown=false), Card(rank=FIVE, suit=CLUBS, isFaceDown=false), Card(rank=TEN, suit=CLUBS, isFaceDown=false), Card(rank=SEVEN, suit=SPADES, isFaceDown=false), Card(rank=FOUR, suit=DIAMONDS, isFaceDown=false), Card(rank=FOUR, suit=SPADES, isFaceDown=false), Card(rank=FIVE, suit=HEARTS, isFaceDown=false), Card(rank=FIVE, suit=CLUBS, isFaceDown=false), Card(rank=SIX, suit=HEARTS, isFaceDown=false), Card(rank=EIGHT, suit=HEARTS, isFaceDown=false), Card(rank=TWO, suit=SPADES, isFaceDown=false), Card(rank=SEVEN, suit=DIAMONDS, isFaceDown=false), Card(rank=EIGHT, suit=CLUBS, isFaceDown=false), Card(rank=SIX, suit=HEARTS, isFaceDown=false), Card(rank=QUEEN, suit=SPADES, isFaceDown=false), Card(rank=JACK, suit=CLUBS, isFaceDown=false), Card(rank=FIVE, suit=HEARTS, isFaceDown=false), Card(rank=FIVE, suit=DIAMONDS, isFaceDown=false), Card(rank=FOUR, suit=SPADES, isFaceDown=false), Card(rank=ACE, suit=HEARTS, isFaceDown=false), Card(rank=SIX, suit=SPADES, isFaceDown=false), Card(rank=TWO, suit=DIAMONDS, isFaceDown=false), Card(rank=FOUR, suit=SPADES, isFaceDown=false), Card(rank=ACE, suit=SPADES, isFaceDown=false), Card(rank=THREE, suit=CLUBS, isFaceDown=false), Card(rank=SEVEN, suit=SPADES, isFaceDown=false), Card(rank=QUEEN, suit=HEARTS, isFaceDown=false), Card(rank=THREE, suit=SPADES, isFaceDown=false), Card(rank=KING, suit=SPADES, isFaceDown=false), Card(rank=THREE, suit=HEARTS, isFaceDown=false), Card(rank=SIX, suit=DIAMONDS, isFaceDown=false), Card(rank=SEVEN, suit=HEARTS, isFaceDown=false), Card(rank=FOUR, suit=DIAMONDS, isFaceDown=false), Card(rank=SIX, suit=DIAMONDS, isFaceDown=false), Card(rank=ACE, suit=DIAMONDS, isFaceDown=false), Card(rank=EIGHT, suit=DIAMONDS, isFaceDown=false), Card(rank=THREE, suit=DIAMONDS, isFaceDown=false), Card(rank=NINE, suit=CLUBS, isFaceDown=false), Card(rank=QUEEN, suit=CLUBS, isFaceDown=false), Card(rank=QUEEN, suit=DIAMONDS, isFaceDown=false), Card(rank=NINE, suit=CLUBS, isFaceDown=false), Card(rank=TEN, suit=DIAMONDS, isFaceDown=false), Card(rank=EIGHT, suit=SPADES, isFaceDown=false), Card(rank=FIVE, suit=CLUBS, isFaceDown=false), Card(rank=TEN, suit=HEARTS, isFaceDown=false), Card(rank=SEVEN, suit=CLUBS, isFaceDown=false), Card(rank=NINE, suit=DIAMONDS, isFaceDown=false), Card(rank=FIVE, suit=DIAMONDS, isFaceDown=false), Card(rank=JACK, suit=SPADES, isFaceDown=false), Card(rank=TEN, suit=DIAMONDS, isFaceDown=false), Card(rank=FOUR, suit=DIAMONDS, isFaceDown=false), Card(rank=ACE, suit=SPADES, isFaceDown=false), Card(rank=FIVE, suit=SPADES, isFaceDown=false), Card(rank=QUEEN, suit=CLUBS, isFaceDown=false), Card(rank=SEVEN, suit=SPADES, isFaceDown=false), Card(rank=NINE, suit=DIAMONDS, isFaceDown=false), Card(rank=ACE, suit=HEARTS, isFaceDown=false), Card(rank=SIX, suit=CLUBS, isFaceDown=false), Card(rank=THREE, suit=SPADES, isFaceDown=false), Card(rank=THREE, suit=SPADES, isFaceDown=false), Card(rank=JACK, suit=HEARTS, isFaceDown=false), Card(rank=TEN, suit=HEARTS, isFaceDown=false), Card(rank=SIX, suit=HEARTS, isFaceDown=false)])
Verbose: (DefaultBlackjackStateMachine) SM action loop finished: SetDeck(deck=[Card(rank=SIX, suit=HEARTS, isFaceDown=false), Card(rank=SIX, suit=CLUBS, isFaceDown=false), Card(rank=FOUR, suit=CLUBS, isFaceDown=false), Card(rank=NINE, suit=HEARTS, isFaceDown=false), Card(rank=JACK, suit=HEARTS, isFaceDown=false), Card(rank=TWO, suit=HEARTS, isFaceDown=false), Card(rank=TEN, suit=SPADES, isFaceDown=false), Card(rank=NINE, suit=SPADES, isFaceDown=false), Card(rank=FIVE, suit=CLUBS, isFaceDown=false), Card(rank=ACE, suit=CLUBS, isFaceDown=false), Card(rank=TEN, suit=DIAMONDS, isFaceDown=false), Card(rank=THREE, suit=HEARTS, isFaceDown=false), Card(rank=THREE, suit=CLUBS, isFaceDown=false), Card(rank=TEN, suit=CLUBS, isFaceDown=false), Card(rank=JACK, suit=CLUBS, isFaceDown=false), Card(rank=THREE, suit=HEARTS, isFaceDown=false), Card(rank=KING, suit=CLUBS, isFaceDown=false), Card(rank=THREE, suit=DIAMONDS, isFaceDown=false), Card(rank=ACE, suit=SPADES, isFaceDown=false), Card(rank=FOUR, suit=HEARTS, isFaceDown=false), Card(rank=KING, suit=SPADES, isFaceDown=false), Card(rank=FIVE, suit=HEARTS, isFaceDown=false), Card(rank=EIGHT, suit=SPADES, isFaceDown=false), Card(rank=ACE, suit=DIAMONDS, isFaceDown=false), Card(rank=FIVE, suit=SPADES, isFaceDown=false), Card(rank=QUEEN, suit=HEARTS, isFaceDown=false), Card(rank=EIGHT, suit=DIAMONDS, isFaceDown=false), Card(rank=FOUR, suit=HEARTS, isFaceDown=false), Card(rank=QUEEN, suit=SPADES, isFaceDown=false), Card(rank=KING, suit=DIAMONDS, isFaceDown=false), Card(rank=FOUR, suit=CLUBS, isFaceDown=false), Card(rank=FOUR, suit=CLUBS, isFaceDown=false), Card(rank=EIGHT, suit=SPADES, isFaceDown=false), Card(rank=THREE, suit=CLUBS, isFaceDown=false), Card(rank=QUEEN, suit=CLUBS, isFaceDown=false), Card(rank=SIX, suit=SPADES, isFaceDown=false), Card(rank=TWO, suit=SPADES, isFaceDown=false), Card(rank=EIGHT, suit=HEARTS, isFaceDown=false), Card(rank=TWO, suit=DIAMONDS, isFaceDown=false), Card(rank=NINE, suit=HEARTS, isFaceDown=false), Card(rank=QUEEN, suit=SPADES, isFaceDown=false), Card(rank=KING, suit=SPADES, isFaceDown=false), Card(rank=SIX, suit=SPADES, isFaceDown=false), Card(rank=EIGHT, suit=HEARTS, isFaceDown=false), Card(rank=EIGHT, suit=HEARTS, isFaceDown=false), Card(rank=FIVE, suit=DIAMONDS, isFaceDown=false), Card(rank=SEVEN, suit=CLUBS, isFaceDown=false), Card(rank=EIGHT, suit=DIAMONDS, isFaceDown=false), Card(rank=JACK, suit=CLUBS, isFaceDown=false), Card(rank=SIX, suit=CLUBS, isFaceDown=false), Card(rank=SEVEN, suit=HEARTS, isFaceDown=false), Card(rank=ACE, suit=HEARTS, isFaceDown=false), Card(rank=TEN, suit=CLUBS, isFaceDown=false), Card(rank=NINE, suit=DIAMONDS, isFaceDown=false), Card(rank=TWO, suit=DIAMONDS, isFaceDown=false), Card(rank=THREE, suit=HEARTS, isFaceDown=false), Card(rank=NINE, suit=SPADES, isFaceDown=false), Card(rank=TWO, suit=HEARTS, isFaceDown=false), Card(rank=QUEEN, suit=CLUBS, isFaceDown=false), Card(rank=THREE, suit=CLUBS, isFaceDown=false), Card(rank=THREE, suit=HEARTS, isFaceDown=false), Card(rank=QUEEN, suit=DIAMONDS, isFaceDown=false), Card(rank=SEVEN, suit=DIAMONDS, isFaceDown=false), Card(rank=SEVEN, suit=SPADES, isFaceDown=false), Card(rank=EIGHT, suit=SPADES, isFaceDown=false), Card(rank=KING, suit=DIAMONDS, isFaceDown=false), Card(rank=EIGHT, suit=DIAMONDS, isFaceDown=false), Card(rank=JACK, suit=HEARTS, isFaceDown=false), Card(rank=QUEEN, suit=DIAMONDS, isFaceDown=false), Card(rank=KING, suit=DIAMONDS, isFaceDown=false), Card(rank=THREE, suit=CLUBS, isFaceDown=false), Card(rank=QUEEN, suit=DIAMONDS, isFaceDown=false), Card(rank=SIX, suit=DIAMONDS, isFaceDown=false), Card(rank=TWO, suit=HEARTS, isFaceDown=false), Card(rank=FOUR, suit=CLUBS, isFaceDown=false), Card(rank=SEVEN, suit=DIAMONDS, isFaceDown=false), Card(rank=SIX, suit=CLUBS, isFaceDown=false), Card(rank=TWO, suit=DIAMONDS, isFaceDown=false), Card(rank=SEVEN, suit=CLUBS, isFaceDown=false), Card(rank=EIGHT, suit=CLUBS, isFaceDown=false), Card(rank=JACK, suit=DIAMONDS, isFaceDown=false), Card(rank=FOUR, suit=SPADES, isFaceDown=false), Card(rank=SEVEN, suit=SPADES, isFaceDown=false), Card(rank=TWO, suit=SPADES, isFaceDown=false), Card(rank=TEN, suit=DIAMONDS, isFaceDown=false), Card(rank=JACK, suit=SPADES, isFaceDown=false), Card(rank=FIVE, suit=DIAMONDS, isFaceDown=false), Card(rank=JACK, suit=CLUBS, isFaceDown=false), Card(rank=KING, suit=DIAMONDS, isFaceDown=false), Card(rank=FIVE, suit=DIAMONDS, isFaceDown=false), Card(rank=TEN, suit=SPADES, isFaceDown=false), Card(rank=TEN, suit=SPADES, isFaceDown=false), Card(rank=QUEEN, suit=SPADES, isFaceDown=false), Card(rank=QUEEN, suit=HEARTS, isFaceDown=false), Card(rank=QUEEN, suit=CLUBS, isFaceDown=false), Card(rank=TEN, suit=CLUBS, isFaceDown=false), Card(rank=ACE, suit=CLUBS, isFaceDown=false), Card(rank=NINE, suit=DIAMONDS, isFaceDown=false), Card(rank=FIVE, suit=SPADES, isFaceDown=false), Card(rank=QUEEN, suit=SPADES, isFaceDown=false), Card(rank=TWO, suit=CLUBS, isFaceDown=false), Card(rank=NINE, suit=HEARTS, isFaceDown=false), Card(rank=JACK, suit=HEARTS, isFaceDown=false), Card(rank=EIGHT, suit=CLUBS, isFaceDown=false), Card(rank=FIVE, suit=HEARTS, isFaceDown=false), Card(rank=QUEEN, suit=HEARTS, isFaceDown=false), Card(rank=TWO, suit=HEARTS, isFaceDown=false), Card(rank=SEVEN, suit=SPADES, isFaceDown=false), Card(rank=FIVE, suit=CLUBS, isFaceDown=false), Card(rank=FOUR, suit=HEARTS, isFaceDown=false), Card(rank=ACE, suit=CLUBS, isFaceDown=false), Card(rank=TEN, suit=HEARTS, isFaceDown=false), Card(rank=FOUR, suit=CLUBS, isFaceDown=false), Card(rank=QUEEN, suit=CLUBS, isFaceDown=false), Card(rank=NINE, suit=SPADES, isFaceDown=false), Card(rank=ACE, suit=DIAMONDS, isFaceDown=false), Card(rank=ACE, suit=HEARTS, isFaceDown=false), Card(rank=TWO, suit=CLUBS, isFaceDown=false), Card(rank=SIX, suit=DIAMONDS, isFaceDown=false), Card(rank=KING, suit=HEARTS, isFaceDown=false), Card(rank=ACE, suit=DIAMONDS, isFaceDown=false), Card(rank=FOUR, suit=HEARTS, isFaceDown=false), Card(rank=KING, suit=HEARTS, isFaceDown=false), Card(rank=TEN, suit=DIAMONDS, isFaceDown=false), Card(rank=TEN, suit=DIAMONDS, isFaceDown=false), Card(rank=FOUR, suit=HEARTS, isFaceDown=false), Card(rank=EIGHT, suit=SPADES, isFaceDown=false), Card(rank=SEVEN, suit=DIAMONDS, isFaceDown=false), Card(rank=SIX, suit=CLUBS, isFaceDown=false), Card(rank=SIX, suit=HEARTS, isFaceDown=false), Card(rank=FIVE, suit=DIAMONDS, isFaceDown=false), Card(rank=NINE, suit=CLUBS, isFaceDown=false), Card(rank=SIX, suit=DIAMONDS, isFaceDown=false), Card(rank=EIGHT, suit=DIAMONDS, isFaceDown=false), Card(rank=NINE, suit=DIAMONDS, isFaceDown=false), Card(rank=KING, suit=DIAMONDS, isFaceDown=false), Card(rank=TWO, suit=DIAMONDS, isFaceDown=false), Card(rank=TEN, suit=SPADES, isFaceDown=false), Card(rank=THREE, suit=DIAMONDS, isFaceDown=false), Card(rank=NINE, suit=HEARTS, isFaceDown=false), Card(rank=ACE, suit=CLUBS, isFaceDown=false), Card(rank=SIX, suit=SPADES, isFaceDown=false), Card(rank=ACE, suit=DIAMONDS, isFaceDown=false), Card(rank=ACE, suit=SPADES, isFaceDown=false), Card(rank=KING, suit=CLUBS, isFaceDown=false), Card(rank=NINE, suit=SPADES, isFaceDown=false), Card(rank=SIX, suit=HEARTS, isFaceDown=false), Card(rank=JACK, suit=DIAMONDS, isFaceDown=false), Card(rank=SIX, suit=CLUBS, isFaceDown=false), Card(rank=TWO, suit=DIAMONDS, isFaceDown=false), Card(rank=TWO, suit=CLUBS, isFaceDown=false), Card(rank=JACK, suit=DIAMONDS, isFaceDown=false), Card(rank=FIVE, suit=CLUBS, isFaceDown=false), Card(rank=JACK, suit=DIAMONDS, isFaceDown=false), Card(rank=QUEEN, suit=DIAMONDS, isFaceDown=false), Card(rank=SEVEN, suit=CLUBS, isFaceDown=false), Card(rank=KING, suit=CLUBS, isFaceDown=false), Card(rank=SEVEN, suit=CLUBS, isFaceDown=false), Card(rank=KING, suit=SPADES, isFaceDown=false), Card(rank=TEN, suit=CLUBS, isFaceDown=false), Card(rank=NINE, suit=CLUBS, isFaceDown=false), Card(rank=TWO, suit=SPADES, isFaceDown=false), Card(rank=FIVE, suit=SPADES, isFaceDown=false), Card(rank=EIGHT, suit=CLUBS, isFaceDown=false), Card(rank=TWO, suit=HEARTS, isFaceDown=false), Card(rank=SIX, suit=SPADES, isFaceDown=false), Card(rank=NINE, suit=SPADES, isFaceDown=false), Card(rank=KING, suit=HEARTS, isFaceDown=false), Card(rank=FIVE, suit=HEARTS, isFaceDown=false), Card(rank=TWO, suit=SPADES, isFaceDown=false), Card(rank=SEVEN, suit=DIAMONDS, isFaceDown=false), Card(rank=FIVE, suit=HEARTS, isFaceDown=false), Card(rank=KING, suit=SPADES, isFaceDown=false), Card(rank=JACK, suit=DIAMONDS, isFaceDown=false), Card(rank=EIGHT, suit=HEARTS, isFaceDown=false), Card(rank=FOUR, suit=CLUBS, isFaceDown=false), Card(rank=EIGHT, suit=DIAMONDS, isFaceDown=false), Card(rank=SEVEN, suit=HEARTS, isFaceDown=false), Card(rank=TWO, suit=SPADES, isFaceDown=false), Card(rank=SEVEN, suit=HEARTS, isFaceDown=false), Card(rank=ACE, suit=HEARTS, isFaceDown=false), Card(rank=ACE, suit=DIAMONDS, isFaceDown=false), Card(rank=QUEEN, suit=HEARTS, isFaceDown=false), Card(rank=NINE, suit=HEARTS, isFaceDown=false), Card(rank=ACE, suit=SPADES, isFaceDown=false), Card(rank=JACK, suit=SPADES, isFaceDown=false), Card(rank=THREE, suit=SPADES, isFaceDown=false), Card(rank=SIX, suit=DIAMONDS, isFaceDown=false), Card(rank=TEN, suit=HEARTS, isFaceDown=false), Card(rank=SEVEN, suit=HEARTS, isFaceDown=false), Card(rank=THREE, suit=CLUBS, isFaceDown=false), Card(rank=KING, suit=HEARTS, isFaceDown=false), Card(rank=JACK, suit=HEARTS, isFaceDown=false), Card(rank=THREE, suit=DIAMONDS, isFaceDown=false), Card(rank=ACE, suit=CLUBS, isFaceDown=false), Card(rank=EIGHT, suit=HEARTS, isFaceDown=false), Card(rank=FOUR, suit=DIAMONDS, isFaceDown=false), Card(rank=FIVE, suit=SPADES, isFaceDown=false), Card(rank=NINE, suit=CLUBS, isFaceDown=false), Card(rank=TWO, suit=CLUBS, isFaceDown=false), Card(rank=EIGHT, suit=CLUBS, isFaceDown=false), Card(rank=SIX, suit=SPADES, isFaceDown=false), Card(rank=THREE, suit=SPADES, isFaceDown=false), Card(rank=TEN, suit=HEARTS, isFaceDown=false), Card(rank=ACE, suit=SPADES, isFaceDown=false), Card(rank=TEN, suit=HEARTS, isFaceDown=false), Card(rank=SEVEN, suit=HEARTS, isFaceDown=false), Card(rank=JACK, suit=CLUBS, isFaceDown=false), Card(rank=ACE, suit=HEARTS, isFaceDown=false), Card(rank=NINE, suit=DIAMONDS, isFaceDown=false), Card(rank=JACK, suit=SPADES, isFaceDown=false), Card(rank=TEN, suit=CLUBS, isFaceDown=false), Card(rank=JACK, suit=SPADES, isFaceDown=false), Card(rank=ACE, suit=CLUBS, isFaceDown=false), Card(rank=JACK, suit=HEARTS, isFaceDown=false), Card(rank=NINE, suit=CLUBS, isFaceDown=false), Card(rank=JACK, suit=DIAMONDS, isFaceDown=false), Card(rank=EIGHT, suit=SPADES, isFaceDown=false), Card(rank=KING, suit=CLUBS, isFaceDown=false), Card(rank=JACK, suit=SPADES, isFaceDown=false), Card(rank=FOUR, suit=DIAMONDS, isFaceDown=false), Card(rank=KING, suit=CLUBS, isFaceDown=false), Card(rank=THREE, suit=HEARTS, isFaceDown=false), Card(rank=FOUR, suit=HEARTS, isFaceDown=false), Card(rank=QUEEN, suit=HEARTS, isFaceDown=false), Card(rank=THREE, suit=DIAMONDS, isFaceDown=false), Card(rank=EIGHT, suit=CLUBS, isFaceDown=false), Card(rank=THREE, suit=DIAMONDS, isFaceDown=false), Card(rank=TWO, suit=CLUBS, isFaceDown=false), Card(rank=FIVE, suit=SPADES, isFaceDown=false), Card(rank=THREE, suit=SPADES, isFaceDown=false), Card(rank=KING, suit=HEARTS, isFaceDown=false), Card(rank=TWO, suit=HEARTS, isFaceDown=false), Card(rank=KING, suit=SPADES, isFaceDown=false), Card(rank=KING, suit=CLUBS, isFaceDown=false), Card(rank=KING, suit=DIAMONDS, isFaceDown=false), Card(rank=NINE, suit=HEARTS, isFaceDown=false), Card(rank=TEN, suit=SPADES, isFaceDown=false), Card(rank=QUEEN, suit=SPADES, isFaceDown=false), Card(rank=QUEEN, suit=DIAMONDS, isFaceDown=false), Card(rank=FOUR, suit=SPADES, isFaceDown=false), Card(rank=TEN, suit=SPADES, isFaceDown=false), Card(rank=SEVEN, suit=DIAMONDS, isFaceDown=false), Card(rank=FOUR, suit=DIAMONDS, isFaceDown=false), Card(rank=TWO, suit=CLUBS, isFaceDown=false), Card(rank=JACK, suit=CLUBS, isFaceDown=false), Card(rank=FOUR, suit=SPADES, isFaceDown=false), Card(rank=KING, suit=HEARTS, isFaceDown=false), Card(rank=NINE, suit=SPADES, isFaceDown=false), Card(rank=SEVEN, suit=CLUBS, isFaceDown=false), Card(rank=FIVE, suit=CLUBS, isFaceDown=false), Card(rank=TEN, suit=CLUBS, isFaceDown=false), Card(rank=SEVEN, suit=SPADES, isFaceDown=false), Card(rank=FOUR, suit=DIAMONDS, isFaceDown=false), Card(rank=FOUR, suit=SPADES, isFaceDown=false), Card(rank=FIVE, suit=HEARTS, isFaceDown=false), Card(rank=FIVE, suit=CLUBS, isFaceDown=false), Card(rank=SIX, suit=HEARTS, isFaceDown=false), Card(rank=EIGHT, suit=HEARTS, isFaceDown=false), Card(rank=TWO, suit=SPADES, isFaceDown=false), Card(rank=SEVEN, suit=DIAMONDS, isFaceDown=false), Card(rank=EIGHT, suit=CLUBS, isFaceDown=false), Card(rank=SIX, suit=HEARTS, isFaceDown=false), Card(rank=QUEEN, suit=SPADES, isFaceDown=false), Card(rank=JACK, suit=CLUBS, isFaceDown=false), Card(rank=FIVE, suit=HEARTS, isFaceDown=false), Card(rank=FIVE, suit=DIAMONDS, isFaceDown=false), Card(rank=FOUR, suit=SPADES, isFaceDown=false), Card(rank=ACE, suit=HEARTS, isFaceDown=false), Card(rank=SIX, suit=SPADES, isFaceDown=false), Card(rank=TWO, suit=DIAMONDS, isFaceDown=false), Card(rank=FOUR, suit=SPADES, isFaceDown=false), Card(rank=ACE, suit=SPADES, isFaceDown=false), Card(rank=THREE, suit=CLUBS, isFaceDown=false), Card(rank=SEVEN, suit=SPADES, isFaceDown=false), Card(rank=QUEEN, suit=HEARTS, isFaceDown=false), Card(rank=THREE, suit=SPADES, isFaceDown=false), Card(rank=KING, suit=SPADES, isFaceDown=false), Card(rank=THREE, suit=HEARTS, isFaceDown=false), Card(rank=SIX, suit=DIAMONDS, isFaceDown=false), Card(rank=SEVEN, suit=HEARTS, isFaceDown=false), Card(rank=FOUR, suit=DIAMONDS, isFaceDown=false), Card(rank=SIX, suit=DIAMONDS, isFaceDown=false), Card(rank=ACE, suit=DIAMONDS, isFaceDown=false), Card(rank=EIGHT, suit=DIAMONDS, isFaceDown=false), Card(rank=THREE, suit=DIAMONDS, isFaceDown=false), Card(rank=NINE, suit=CLUBS, isFaceDown=false), Card(rank=QUEEN, suit=CLUBS, isFaceDown=false), Card(rank=QUEEN, suit=DIAMONDS, isFaceDown=false), Card(rank=NINE, suit=CLUBS, isFaceDown=false), Card(rank=TEN, suit=DIAMONDS, isFaceDown=false), Card(rank=EIGHT, suit=SPADES, isFaceDown=false), Card(rank=FIVE, suit=CLUBS, isFaceDown=false), Card(rank=TEN, suit=HEARTS, isFaceDown=false), Card(rank=SEVEN, suit=CLUBS, isFaceDown=false), Card(rank=NINE, suit=DIAMONDS, isFaceDown=false), Card(rank=FIVE, suit=DIAMONDS, isFaceDown=false), Card(rank=JACK, suit=SPADES, isFaceDown=false), Card(rank=TEN, suit=DIAMONDS, isFaceDown=false), Card(rank=FOUR, suit=DIAMONDS, isFaceDown=false), Card(rank=ACE, suit=SPADES, isFaceDown=false), Card(rank=FIVE, suit=SPADES, isFaceDown=false), Card(rank=QUEEN, suit=CLUBS, isFaceDown=false), Card(rank=SEVEN, suit=SPADES, isFaceDown=false), Card(rank=NINE, suit=DIAMONDS, isFaceDown=false), Card(rank=ACE, suit=HEARTS, isFaceDown=false), Card(rank=SIX, suit=CLUBS, isFaceDown=false), Card(rank=THREE, suit=SPADES, isFaceDown=false), Card(rank=THREE, suit=SPADES, isFaceDown=false), Card(rank=JACK, suit=HEARTS, isFaceDown=false), Card(rank=TEN, suit=HEARTS, isFaceDown=false), Card(rank=SIX, suit=HEARTS, isFaceDown=false)])
Verbose: (DefaultBlackjackStateMachine) SM reduce: DealCardToPlayer(seatIndex=0)
Verbose: (DefaultBlackjackStateMachine) SM action loop finished: DealCardToPlayer(seatIndex=0)
Verbose: (DefaultBlackjackStateMachine) SM reduce: DealCardToDealer(faceDown=false)
Verbose: (DefaultBlackjackStateMachine) SM action loop finished: DealCardToDealer(faceDown=false)
Verbose: (DefaultBlackjackStateMachine) SM reduce: DealCardToPlayer(seatIndex=0)
Verbose: (DefaultBlackjackStateMachine) SM action loop finished: DealCardToPlayer(seatIndex=0)
Verbose: (DefaultBlackjackStateMachine) SM reduce: DealCardToDealer(faceDown=true)
Verbose: (DefaultBlackjackStateMachine) SM action loop finished: DealCardToDealer(faceDown=true)
Verbose: (DefaultBlackjackStateMachine) SM reduce: ApplyInitialOutcome
Verbose: (DefaultBlackjackStateMachine) SM action loop finished: ApplyInitialOutcome
Verbose: (DefaultBlackjackStateMachine) SM reduce: DoubleDown
Verbose: (DefaultBlackjackStateMachine) SM action loop finished: DoubleDown
Verbose: (DefaultBlackjackStateMachine) SM reduce: RevealDealerHole
Verbose: (DefaultBlackjackStateMachine) SM action loop finished: RevealDealerHole
Verbose: (DefaultBlackjackStateMachine) SM reduce: DealerDraw
Verbose: (DefaultBlackjackStateMachine) SM action loop finished: DealerDraw
Verbose: (DefaultBlackjackStateMachine) SM reduce: FinalizeGame
Verbose: (DefaultBlackjackStateMachine) SM action loop finished: FinalizeGame
Debug: (DefaultBlackjackStateMachine) SM init block finally
Passed testLastBetsCapturedAtDeal_IgnoresDoubleDown()
Started testMultiHandBetPersistence_InsufficientBalance()
Verbose: (DefaultBlackjackStateMachine) SM reduce: NewGame(initialBalance=200, rules=GameRules(dealerHitsSoft17=true, allowDoubleAfterSplit=true, allowSurrender=false, blackjackPayout=THREE_TO_TWO, deckCount=6, splitOnValueOnly=false, deterministicReshuffle=false), handCount=2, previousBets=[0], lastSideBets={})
Verbose: (DefaultBlackjackStateMachine) SM action loop finished: NewGame(initialBalance=200, rules=GameRules(dealerHitsSoft17=true, allowDoubleAfterSplit=true, allowSurrender=false, blackjackPayout=THREE_TO_TWO, deckCount=6, splitOnValueOnly=false, deterministicReshuffle=false), handCount=2, previousBets=[0], lastSideBets={})
Verbose: (DefaultBlackjackStateMachine) SM reduce: PlaceBet(amount=100, seatIndex=0)
Verbose: (DefaultBlackjackStateMachine) SM action loop finished: PlaceBet(amount=100, seatIndex=0)
Verbose: (DefaultBlackjackStateMachine) SM reduce: PlaceBet(amount=100, seatIndex=1)
Verbose: (DefaultBlackjackStateMachine) SM action loop finished: PlaceBet(amount=100, seatIndex=1)
Verbose: (DefaultBlackjackStateMachine) SM reduce: NewGame(initialBalance=150, rules=GameRules(dealerHitsSoft17=true, allowDoubleAfterSplit=true, allowSurrender=false, blackjackPayout=THREE_TO_TWO, deckCount=6, splitOnValueOnly=false, deterministicReshuffle=false), handCount=2, previousBets=[100, 100], lastSideBets={})
Verbose: (DefaultBlackjackStateMachine) SM action loop finished: NewGame(initialBalance=150, rules=GameRules(dealerHitsSoft17=true, allowDoubleAfterSplit=true, allowSurrender=false, blackjackPayout=THREE_TO_TWO, deckCount=6, splitOnValueOnly=false, deterministicReshuffle=false), handCount=2, previousBets=[100, 100], lastSideBets={})
Debug: (DefaultBlackjackStateMachine) SM init block finally
Passed testMultiHandBetPersistence_InsufficientBalance()
Started testMultiHandBetPersistence()
Verbose: (DefaultBlackjackStateMachine) SM reduce: NewGame(initialBalance=1000, rules=GameRules(dealerHitsSoft17=true, allowDoubleAfterSplit=true, allowSurrender=false, blackjackPayout=THREE_TO_TWO, deckCount=6, splitOnValueOnly=false, deterministicReshuffle=false), handCount=3, previousBets=[0], lastSideBets={})
Verbose: (DefaultBlackjackStateMachine) SM action loop finished: NewGame(initialBalance=1000, rules=GameRules(dealerHitsSoft17=true, allowDoubleAfterSplit=true, allowSurrender=false, blackjackPayout=THREE_TO_TWO, deckCount=6, splitOnValueOnly=false, deterministicReshuffle=false), handCount=3, previousBets=[0], lastSideBets={})
Verbose: (DefaultBlackjackStateMachine) SM reduce: PlaceBet(amount=10, seatIndex=0)
Verbose: (DefaultBlackjackStateMachine) SM action loop finished: PlaceBet(amount=10, seatIndex=0)
Verbose: (DefaultBlackjackStateMachine) SM reduce: PlaceBet(amount=25, seatIndex=1)
Verbose: (DefaultBlackjackStateMachine) SM action loop finished: PlaceBet(amount=25, seatIndex=1)
Verbose: (DefaultBlackjackStateMachine) SM reduce: PlaceBet(amount=50, seatIndex=2)
Verbose: (DefaultBlackjackStateMachine) SM action loop finished: PlaceBet(amount=50, seatIndex=2)
Verbose: (DefaultBlackjackStateMachine) SM reduce: NewGame(initialBalance=null, rules=GameRules(dealerHitsSoft17=true, allowDoubleAfterSplit=true, allowSurrender=false, blackjackPayout=THREE_TO_TWO, deckCount=6, splitOnValueOnly=false, deterministicReshuffle=false), handCount=3, previousBets=[10, 25, 50], lastSideBets={})
Verbose: (DefaultBlackjackStateMachine) SM action loop finished: NewGame(initialBalance=null, rules=GameRules(dealerHitsSoft17=true, allowDoubleAfterSplit=true, allowSurrender=false, blackjackPayout=THREE_TO_TWO, deckCount=6, splitOnValueOnly=false, deterministicReshuffle=false), handCount=3, previousBets=[10, 25, 50], lastSideBets={})
Debug: (DefaultBlackjackStateMachine) SM init block finally
Passed testMultiHandBetPersistence()
Completed LastBetPersistenceTest
Started SecureRandomTest
Started testSecureRandomGeneratesDifferentValues()
Passed testSecureRandomGeneratesDifferentValues()
Started testSecureRandomInRange()
Passed testSecureRandomInRange()
Completed SecureRandomTest
Started SideBetLogicTest
Started test21Plus3_NoMatch()
Passed test21Plus3_NoMatch()
Started test21Plus3_Flush()
Passed test21Plus3_Flush()
Started test21Plus3_Straight_AceHigh()
Passed test21Plus3_Straight_AceHigh()
Started testPerfectPairs_Perfect()
Passed testPerfectPairs_Perfect()
Started testPerfectPairs_DifferentFaceCardsSameValue_NoMatch()
Passed testPerfectPairs_DifferentFaceCardsSameValue_NoMatch()
Started test21Plus3_Straight_AceLow()
Passed test21Plus3_Straight_AceLow()
Started test21Plus3_Straight_FaceCards()
Passed test21Plus3_Straight_FaceCards()
Started test21Plus3_SuitedTriple()
Passed test21Plus3_SuitedTriple()
Started testResolveSideBets_win()
Passed testResolveSideBets_win()
Started testResolveSideBets_loss()
Passed testResolveSideBets_loss()
Started test21Plus3_ThreeOfAKind()
Passed test21Plus3_ThreeOfAKind()
Started testPerfectPairs_Colored()
Passed testPerfectPairs_Colored()
Started test21Plus3_Straight_Regular()
Passed test21Plus3_Straight_Regular()
Started test21Plus3_StraightFlush()
Passed test21Plus3_StraightFlush()
Started testPerfectPairs_Mixed()
Passed testPerfectPairs_Mixed()
Started testPerfectPairs_NoMatch()
Passed testPerfectPairs_NoMatch()
Completed SideBetLogicTest
Started InsuranceEdgeCaseTest
Started takeInsurance_balanceExactlyHalfBet_accepted_balanceBecomesZero()
Verbose: (DefaultBlackjackStateMachine) SM reduce: TakeInsurance
Verbose: (DefaultBlackjackStateMachine) SM action loop finished: TakeInsurance
Debug: (DefaultBlackjackStateMachine) SM init block finally
Passed takeInsurance_balanceExactlyHalfBet_accepted_balanceBecomesZero()
Started insuranceLoss_dealerNoBJ_noChipLossEmittedForInsuranceSideBet()
Verbose: (DefaultBlackjackStateMachine) SM reduce: Stand
Verbose: (DefaultBlackjackStateMachine) SM action loop finished: Stand
Verbose: (DefaultBlackjackStateMachine) SM reduce: RevealDealerHole
Verbose: (DefaultBlackjackStateMachine) SM action loop finished: RevealDealerHole
Verbose: (DefaultBlackjackStateMachine) SM reduce: FinalizeGame
Verbose: (DefaultBlackjackStateMachine) SM action loop finished: FinalizeGame
Debug: (DefaultBlackjackStateMachine) SM init block finally
Passed insuranceLoss_dealerNoBJ_noChipLossEmittedForInsuranceSideBet()
Started takeInsurance_balanceOneLessThanHalfBet_rejectedWithVibrate()
Verbose: (DefaultBlackjackStateMachine) SM reduce: TakeInsurance
Verbose: (DefaultBlackjackStateMachine) SM action loop finished: TakeInsurance
Debug: (DefaultBlackjackStateMachine) SM init block finally
Passed takeInsurance_balanceOneLessThanHalfBet_rejectedWithVibrate()
Started insurancePayout_oddBet_integerDivisionRoundsDown()
Verbose: (DefaultBlackjackStateMachine) SM reduce: TakeInsurance
Verbose: (DefaultBlackjackStateMachine) SM action loop finished: TakeInsurance
Debug: (DefaultBlackjackStateMachine) SM init block finally
Passed insurancePayout_oddBet_integerDivisionRoundsDown()
Started takeInsurance_balanceExactlyHalfBet_dealerBJ_insurancePaysBeyondZero()
Verbose: (DefaultBlackjackStateMachine) SM reduce: Stand
Verbose: (DefaultBlackjackStateMachine) SM action loop finished: Stand
Verbose: (DefaultBlackjackStateMachine) SM reduce: RevealDealerHole
Verbose: (DefaultBlackjackStateMachine) SM action loop finished: RevealDealerHole
Verbose: (DefaultBlackjackStateMachine) SM reduce: FinalizeGame
Verbose: (DefaultBlackjackStateMachine) SM action loop finished: FinalizeGame
Debug: (DefaultBlackjackStateMachine) SM init block finally
Passed takeInsurance_balanceExactlyHalfBet_dealerBJ_insurancePaysBeyondZero()
Started playerBJ_dealerBJ_declinedInsurance_statusIsPushBalanceBreakEven()
Verbose: (DefaultBlackjackStateMachine) SM reduce: DeclineInsurance
Verbose: (DefaultBlackjackStateMachine) SM action loop finished: DeclineInsurance
Verbose: (DefaultBlackjackStateMachine) SM reduce: RevealDealerHole
Verbose: (DefaultBlackjackStateMachine) SM action loop finished: RevealDealerHole
Verbose: (DefaultBlackjackStateMachine) SM reduce: FinalizeGame
Verbose: (DefaultBlackjackStateMachine) SM action loop finished: FinalizeGame
Debug: (DefaultBlackjackStateMachine) SM init block finally
Passed playerBJ_dealerBJ_declinedInsurance_statusIsPushBalanceBreakEven()
Started playerBJ_dealerBJ_tookInsurance_statusIsPushBalanceIsNetPositive()
Verbose: (DefaultBlackjackStateMachine) SM reduce: TakeInsurance
Verbose: (DefaultBlackjackStateMachine) SM action loop finished: TakeInsurance
Verbose: (DefaultBlackjackStateMachine) SM reduce: RevealDealerHole
Verbose: (DefaultBlackjackStateMachine) SM action loop finished: RevealDealerHole
Verbose: (DefaultBlackjackStateMachine) SM reduce: FinalizeGame
Verbose: (DefaultBlackjackStateMachine) SM action loop finished: FinalizeGame
Debug: (DefaultBlackjackStateMachine) SM init block finally
Passed playerBJ_dealerBJ_tookInsurance_statusIsPushBalanceIsNetPositive()
Started playerBJ_dealerBJ_insuranceTaken_emitsPlayPushSound()
Verbose: (DefaultBlackjackStateMachine) SM reduce: Stand
Verbose: (DefaultBlackjackStateMachine) SM action loop finished: Stand
Verbose: (DefaultBlackjackStateMachine) SM reduce: RevealDealerHole
Verbose: (DefaultBlackjackStateMachine) SM action loop finished: RevealDealerHole
Verbose: (DefaultBlackjackStateMachine) SM reduce: FinalizeGame
Verbose: (DefaultBlackjackStateMachine) SM action loop finished: FinalizeGame
Debug: (DefaultBlackjackStateMachine) SM init block finally
Passed playerBJ_dealerBJ_insuranceTaken_emitsPlayPushSound()
Started multiHandDirectState_takeInsurance_usesFirstHandBetOnly()
Verbose: (DefaultBlackjackStateMachine) SM reduce: TakeInsurance
Verbose: (DefaultBlackjackStateMachine) SM action loop finished: TakeInsurance
Debug: (DefaultBlackjackStateMachine) SM init block finally
Passed multiHandDirectState_takeInsurance_usesFirstHandBetOnly()
Started insuranceWin_dealerBJ_noChipEruptionEmittedForInsurancePortion()
Verbose: (DefaultBlackjackStateMachine) SM reduce: Stand
Verbose: (DefaultBlackjackStateMachine) SM action loop finished: Stand
Verbose: (DefaultBlackjackStateMachine) SM reduce: RevealDealerHole
Verbose: (DefaultBlackjackStateMachine) SM action loop finished: RevealDealerHole
Verbose: (DefaultBlackjackStateMachine) SM reduce: FinalizeGame
Verbose: (DefaultBlackjackStateMachine) SM action loop finished: FinalizeGame
Debug: (DefaultBlackjackStateMachine) SM init block finally
Passed insuranceWin_dealerBJ_noChipEruptionEmittedForInsurancePortion()
Completed InsuranceEdgeCaseTest
Started LogicImprovementsTest
Started placeBet_emitsVibrate_whenSeatIndexOutOfBounds()
Verbose: (DefaultBlackjackStateMachine) SM reduce: PlaceBet(amount=100, seatIndex=5)
Verbose: (DefaultBlackjackStateMachine) SM action loop finished: PlaceBet(amount=100, seatIndex=5)
Debug: (DefaultBlackjackStateMachine) SM init block finally
Passed placeBet_emitsVibrate_whenSeatIndexOutOfBounds()
Started selectHandCount_emitsVibrate_whenInvalidCount()
Verbose: (DefaultBlackjackStateMachine) SM reduce: SelectHandCount(count=4)
Verbose: (DefaultBlackjackStateMachine) SM action loop finished: SelectHandCount(count=4)
Verbose: (DefaultBlackjackStateMachine) SM reduce: SelectHandCount(count=0)
Verbose: (DefaultBlackjackStateMachine) SM action loop finished: SelectHandCount(count=0)
Debug: (DefaultBlackjackStateMachine) SM init block finally
Passed selectHandCount_emitsVibrate_whenInvalidCount()
Started placeBet_emitsVibrate_whenInsufficientBalance()
Verbose: (DefaultBlackjackStateMachine) SM reduce: PlaceBet(amount=100, seatIndex=0)
Verbose: (DefaultBlackjackStateMachine) SM action loop finished: PlaceBet(amount=100, seatIndex=0)
Debug: (DefaultBlackjackStateMachine) SM init block finally
Passed placeBet_emitsVibrate_whenInsufficientBalance()
Started handleDeal_reshuffles_whenDeckIsEmpty()
Verbose: (DefaultBlackjackStateMachine) SM reduce: Deal
Verbose: (DefaultBlackjackStateMachine) SM action loop finished: Deal
Verbose: (DefaultBlackjackStateMachine) SM reduce: SetDeck(deck=[Card(rank=FIVE, suit=DIAMONDS, isFaceDown=false), Card(rank=EIGHT, suit=SPADES, isFaceDown=false), Card(rank=NINE, suit=DIAMONDS, isFaceDown=false), Card(rank=THREE, suit=SPADES, isFaceDown=false), Card(rank=FIVE, suit=DIAMONDS, isFaceDown=false), Card(rank=FOUR, suit=SPADES, isFaceDown=false), Card(rank=SEVEN, suit=SPADES, isFaceDown=false), Card(rank=KING, suit=HEARTS, isFaceDown=false), Card(rank=TWO, suit=CLUBS, isFaceDown=false), Card(rank=ACE, suit=DIAMONDS, isFaceDown=false), Card(rank=TEN, suit=CLUBS, isFaceDown=false), Card(rank=JACK, suit=HEARTS, isFaceDown=false), Card(rank=SEVEN, suit=HEARTS, isFaceDown=false), Card(rank=FIVE, suit=CLUBS, isFaceDown=false), Card(rank=FOUR, suit=HEARTS, isFaceDown=false), Card(rank=KING, suit=SPADES, isFaceDown=false), Card(rank=TWO, suit=HEARTS, isFaceDown=false), Card(rank=KING, suit=DIAMONDS, isFaceDown=false), Card(rank=TWO, suit=DIAMONDS, isFaceDown=false), Card(rank=EIGHT, suit=DIAMONDS, isFaceDown=false), Card(rank=FOUR, suit=DIAMONDS, isFaceDown=false), Card(rank=ACE, suit=SPADES, isFaceDown=false), Card(rank=KING, suit=DIAMONDS, isFaceDown=false), Card(rank=EIGHT, suit=CLUBS, isFaceDown=false), Card(rank=KING, suit=SPADES, isFaceDown=false), Card(rank=KING, suit=DIAMONDS, isFaceDown=false), Card(rank=JACK, suit=DIAMONDS, isFaceDown=false), Card(rank=THREE, suit=HEARTS, isFaceDown=false), Card(rank=TWO, suit=CLUBS, isFaceDown=false), Card(rank=TEN, suit=HEARTS, isFaceDown=false), Card(rank=NINE, suit=HEARTS, isFaceDown=false), Card(rank=SEVEN, suit=DIAMONDS, isFaceDown=false), Card(rank=EIGHT, suit=SPADES, isFaceDown=false), Card(rank=TEN, suit=SPADES, isFaceDown=false), Card(rank=SEVEN, suit=DIAMONDS, isFaceDown=false), Card(rank=THREE, suit=CLUBS, isFaceDown=false), Card(rank=JACK, suit=DIAMONDS, isFaceDown=false), Card(rank=JACK, suit=DIAMONDS, isFaceDown=false), Card(rank=SIX, suit=CLUBS, isFaceDown=false), Card(rank=ACE, suit=HEARTS, isFaceDown=false), Card(rank=TWO, suit=CLUBS, isFaceDown=false), Card(rank=QUEEN, suit=DIAMONDS, isFaceDown=false), Card(rank=FIVE, suit=CLUBS, isFaceDown=false), Card(rank=QUEEN, suit=CLUBS, isFaceDown=false), Card(rank=ACE, suit=CLUBS, isFaceDown=false), Card(rank=FIVE, suit=HEARTS, isFaceDown=false), Card(rank=KING, suit=HEARTS, isFaceDown=false), Card(rank=THREE, suit=DIAMONDS, isFaceDown=false), Card(rank=SEVEN, suit=SPADES, isFaceDown=false), Card(rank=TWO, suit=SPADES, isFaceDown=false), Card(rank=FOUR, suit=HEARTS, isFaceDown=false), Card(rank=FOUR, suit=SPADES, isFaceDown=false), Card(rank=SIX, suit=SPADES, isFaceDown=false), Card(rank=SEVEN, suit=HEARTS, isFaceDown=false), Card(rank=KING, suit=CLUBS, isFaceDown=false), Card(rank=EIGHT, suit=HEARTS, isFaceDown=false), Card(rank=FIVE, suit=SPADES, isFaceDown=false), Card(rank=KING, suit=DIAMONDS, isFaceDown=false), Card(rank=QUEEN, suit=SPADES, isFaceDown=false), Card(rank=JACK, suit=SPADES, isFaceDown=false), Card(rank=NINE, suit=DIAMONDS, isFaceDown=false), Card(rank=TWO, suit=HEARTS, isFaceDown=false), Card(rank=SEVEN, suit=CLUBS, isFaceDown=false), Card(rank=TEN, suit=CLUBS, isFaceDown=false), Card(rank=TWO, suit=DIAMONDS, isFaceDown=false), Card(rank=JACK, suit=SPADES, isFaceDown=false), Card(rank=EIGHT, suit=HEARTS, isFaceDown=false), Card(rank=SIX, suit=HEARTS, isFaceDown=false), Card(rank=FIVE, suit=SPADES, isFaceDown=false), Card(rank=TEN, suit=CLUBS, isFaceDown=false), Card(rank=FIVE, suit=HEARTS, isFaceDown=false), Card(rank=KING, suit=CLUBS, isFaceDown=false), Card(rank=JACK, suit=SPADES, isFaceDown=false), Card(rank=SIX, suit=CLUBS, isFaceDown=false), Card(rank=ACE, suit=SPADES, isFaceDown=false), Card(rank=FIVE, suit=CLUBS, isFaceDown=false), Card(rank=EIGHT, suit=HEARTS, isFaceDown=false), Card(rank=FIVE, suit=HEARTS, isFaceDown=false), Card(rank=FIVE, suit=CLUBS, isFaceDown=false), Card(rank=ACE, suit=CLUBS, isFaceDown=false), Card(rank=JACK, suit=HEARTS, isFaceDown=false), Card(rank=TWO, suit=HEARTS, isFaceDown=false), Card(rank=KING, suit=HEARTS, isFaceDown=false), Card(rank=FIVE, suit=DIAMONDS, isFaceDown=false), Card(rank=NINE, suit=HEARTS, isFaceDown=false), Card(rank=SIX, suit=CLUBS, isFaceDown=false), Card(rank=JACK, suit=CLUBS, isFaceDown=false), Card(rank=TWO, suit=SPADES, isFaceDown=false), Card(rank=KING, suit=SPADES, isFaceDown=false), Card(rank=SIX, suit=HEARTS, isFaceDown=false), Card(rank=SIX, suit=DIAMONDS, isFaceDown=false), Card(rank=KING, suit=CLUBS, isFaceDown=false), Card(rank=FOUR, suit=CLUBS, isFaceDown=false), Card(rank=EIGHT, suit=DIAMONDS, isFaceDown=false), Card(rank=THREE, suit=HEARTS, isFaceDown=false), Card(rank=ACE, suit=DIAMONDS, isFaceDown=false), Card(rank=FOUR, suit=HEARTS, isFaceDown=false), Card(rank=TEN, suit=SPADES, isFaceDown=false), Card(rank=SIX, suit=DIAMONDS, isFaceDown=false), Card(rank=FOUR, suit=CLUBS, isFaceDown=false), Card(rank=JACK, suit=HEARTS, isFaceDown=false), Card(rank=TWO, suit=HEARTS, isFaceDown=false), Card(rank=TWO, suit=DIAMONDS, isFaceDown=false), Card(rank=FOUR, suit=DIAMONDS, isFaceDown=false), Card(rank=SIX, suit=CLUBS, isFaceDown=false), Card(rank=FOUR, suit=HEARTS, isFaceDown=false), Card(rank=ACE, suit=HEARTS, isFaceDown=false), Card(rank=THREE, suit=HEARTS, isFaceDown=false), Card(rank=JACK, suit=CLUBS, isFaceDown=false), Card(rank=TWO, suit=DIAMONDS, isFaceDown=false), Card(rank=KING, suit=CLUBS, isFaceDown=false), Card(rank=FIVE, suit=HEARTS, isFaceDown=false), Card(rank=SIX, suit=SPADES, isFaceDown=false), Card(rank=EIGHT, suit=DIAMONDS, isFaceDown=false), Card(rank=ACE, suit=HEARTS, isFaceDown=false), Card(rank=SEVEN, suit=CLUBS, isFaceDown=false), Card(rank=THREE, suit=DIAMONDS, isFaceDown=false), Card(rank=JACK, suit=CLUBS, isFaceDown=false), Card(rank=THREE, suit=SPADES, isFaceDown=false), Card(rank=THREE, suit=SPADES, isFaceDown=false), Card(rank=NINE, suit=SPADES, isFaceDown=false), Card(rank=FIVE, suit=SPADES, isFaceDown=false), Card(rank=NINE, suit=CLUBS, isFaceDown=false), Card(rank=TWO, suit=HEARTS, isFaceDown=false), Card(rank=KING, suit=HEARTS, isFaceDown=false), Card(rank=JACK, suit=CLUBS, isFaceDown=false), Card(rank=SIX, suit=SPADES, isFaceDown=false), Card(rank=TEN, suit=HEARTS, isFaceDown=false), Card(rank=JACK, suit=SPADES, isFaceDown=false), Card(rank=QUEEN, suit=CLUBS, isFaceDown=false), Card(rank=SEVEN, suit=SPADES, isFaceDown=false), Card(rank=ACE, suit=DIAMONDS, isFaceDown=false), Card(rank=FIVE, suit=CLUBS, isFaceDown=false), Card(rank=SEVEN, suit=SPADES, isFaceDown=false), Card(rank=FOUR, suit=CLUBS, isFaceDown=false), Card(rank=KING, suit=SPADES, isFaceDown=false), Card(rank=FOUR, suit=SPADES, isFaceDown=false), Card(rank=SIX, suit=HEARTS, isFaceDown=false), Card(rank=NINE, suit=SPADES, isFaceDown=false), Card(rank=FOUR, suit=CLUBS, isFaceDown=false), Card(rank=KING, suit=SPADES, isFaceDown=false), Card(rank=QUEEN, suit=HEARTS, isFaceDown=false), Card(rank=ACE, suit=CLUBS, isFaceDown=false), Card(rank=ACE, suit=CLUBS, isFaceDown=false), Card(rank=SEVEN, suit=DIAMONDS, isFaceDown=false), Card(rank=FIVE, suit=HEARTS, isFaceDown=false), Card(rank=JACK, suit=CLUBS, isFaceDown=false), Card(rank=SIX, suit=SPADES, isFaceDown=false), Card(rank=QUEEN, suit=CLUBS, isFaceDown=false), Card(rank=TEN, suit=HEARTS, isFaceDown=false), Card(rank=JACK, suit=DIAMONDS, isFaceDown=false), Card(rank=NINE, suit=SPADES, isFaceDown=false), Card(rank=KING, suit=SPADES, isFaceDown=false), Card(rank=ACE, suit=CLUBS, isFaceDown=false), Card(rank=QUEEN, suit=HEARTS, isFaceDown=false), Card(rank=NINE, suit=CLUBS, isFaceDown=false), Card(rank=TWO, suit=CLUBS, isFaceDown=false), Card(rank=FOUR, suit=DIAMONDS, isFaceDown=false), Card(rank=FOUR, suit=SPADES, isFaceDown=false), Card(rank=ACE, suit=SPADES, isFaceDown=false), Card(rank=TEN, suit=DIAMONDS, isFaceDown=false), Card(rank=EIGHT, suit=CLUBS, isFaceDown=false), Card(rank=SEVEN, suit=DIAMONDS, isFaceDown=false), Card(rank=EIGHT, suit=HEARTS, isFaceDown=false), Card(rank=KING, suit=CLUBS, isFaceDown=false), Card(rank=QUEEN, suit=HEARTS, isFaceDown=false), Card(rank=FIVE, suit=DIAMONDS, isFaceDown=false), Card(rank=THREE, suit=DIAMONDS, isFaceDown=false), Card(rank=TEN, suit=HEARTS, isFaceDown=false), Card(rank=FOUR, suit=CLUBS, isFaceDown=false), Card(rank=QUEEN, suit=DIAMONDS, isFaceDown=false), Card(rank=EIGHT, suit=DIAMONDS, isFaceDown=false), Card(rank=NINE, suit=HEARTS, isFaceDown=false), Card(rank=NINE, suit=DIAMONDS, isFaceDown=false), Card(rank=ACE, suit=SPADES, isFaceDown=false), Card(rank=QUEEN, suit=DIAMONDS, isFaceDown=false), Card(rank=ACE, suit=DIAMONDS, isFaceDown=false), Card(rank=FOUR, suit=HEARTS, isFaceDown=false), Card(rank=QUEEN, suit=SPADES, isFaceDown=false), Card(rank=SEVEN, suit=HEARTS, isFaceDown=false), Card(rank=ACE, suit=SPADES, isFaceDown=false), Card(rank=SIX, suit=DIAMONDS, isFaceDown=false), Card(rank=NINE, suit=HEARTS, isFaceDown=false), Card(rank=KING, suit=DIAMONDS, isFaceDown=false), Card(rank=NINE, suit=HEARTS, isFaceDown=false), Card(rank=FOUR, suit=CLUBS, isFaceDown=false), Card(rank=NINE, suit=CLUBS, isFaceDown=false), Card(rank=THREE, suit=CLUBS, isFaceDown=false), Card(rank=JACK, suit=DIAMONDS, isFaceDown=false), Card(rank=QUEEN, suit=DIAMONDS, isFaceDown=false), Card(rank=SEVEN, suit=CLUBS, isFaceDown=false), Card(rank=TWO, suit=SPADES, isFaceDown=false), Card(rank=TEN, suit=CLUBS, isFaceDown=false), Card(rank=SIX, suit=SPADES, isFaceDown=false), Card(rank=SEVEN, suit=HEARTS, isFaceDown=false), Card(rank=TWO, suit=HEARTS, isFaceDown=false), Card(rank=EIGHT, suit=SPADES, isFaceDown=false), Card(rank=QUEEN, suit=CLUBS, isFaceDown=false), Card(rank=THREE, suit=CLUBS, isFaceDown=false), Card(rank=QUEEN, suit=DIAMONDS, isFaceDown=false), Card(rank=QUEEN, suit=DIAMONDS, isFaceDown=false), Card(rank=SIX, suit=DIAMONDS, isFaceDown=false), Card(rank=NINE, suit=CLUBS, isFaceDown=false), Card(rank=EIGHT, suit=HEARTS, isFaceDown=false), Card(rank=EIGHT, suit=SPADES, isFaceDown=false), Card(rank=ACE, suit=DIAMONDS, isFaceDown=false), Card(rank=FOUR, suit=SPADES, isFaceDown=false), Card(rank=ACE, suit=HEARTS, isFaceDown=false), Card(rank=THREE, suit=DIAMONDS, isFaceDown=false), Card(rank=SEVEN, suit=DIAMONDS, isFaceDown=false), Card(rank=SIX, suit=HEARTS, isFaceDown=false), Card(rank=THREE, suit=DIAMONDS, isFaceDown=false), Card(rank=JACK, suit=CLUBS, isFaceDown=false), Card(rank=TWO, suit=SPADES, isFaceDown=false), Card(rank=TWO, suit=SPADES, isFaceDown=false), Card(rank=JACK, suit=HEARTS, isFaceDown=false), Card(rank=ACE, suit=CLUBS, isFaceDown=false), Card(rank=NINE, suit=DIAMONDS, isFaceDown=false), Card(rank=NINE, suit=CLUBS, isFaceDown=false), Card(rank=QUEEN, suit=SPADES, isFaceDown=false), Card(rank=EIGHT, suit=CLUBS, isFaceDown=false), Card(rank=THREE, suit=SPADES, isFaceDown=false), Card(rank=SIX, suit=HEARTS, isFaceDown=false), Card(rank=TEN, suit=DIAMONDS, isFaceDown=false), Card(rank=EIGHT, suit=DIAMONDS, isFaceDown=false), Card(rank=QUEEN, suit=HEARTS, isFaceDown=false), Card(rank=KING, suit=HEARTS, isFaceDown=false), Card(rank=QUEEN, suit=HEARTS, isFaceDown=false), Card(rank=FIVE, suit=SPADES, isFaceDown=false), Card(rank=TWO, suit=DIAMONDS, isFaceDown=false), Card(rank=SIX, suit=HEARTS, isFaceDown=false), Card(rank=NINE, suit=SPADES, isFaceDown=false), Card(rank=TWO, suit=CLUBS, isFaceDown=false), Card(rank=TEN, suit=DIAMONDS, isFaceDown=false), Card(rank=QUEEN, suit=CLUBS, isFaceDown=false), Card(rank=NINE, suit=SPADES, isFaceDown=false), Card(rank=THREE, suit=CLUBS, isFaceDown=false), Card(rank=SEVEN, suit=HEARTS, isFaceDown=false), Card(rank=SEVEN, suit=CLUBS, isFaceDown=false), Card(rank=SIX, suit=CLUBS, isFaceDown=false), Card(rank=FIVE, suit=SPADES, isFaceDown=false), Card(rank=KING, suit=HEARTS, isFaceDown=false), Card(rank=TEN, suit=DIAMONDS, isFaceDown=false), Card(rank=TEN, suit=SPADES, isFaceDown=false), Card(rank=ACE, suit=DIAMONDS, isFaceDown=false), Card(rank=TEN, suit=CLUBS, isFaceDown=false), Card(rank=TEN, suit=CLUBS, isFaceDown=false), Card(rank=TWO, suit=SPADES, isFaceDown=false), Card(rank=THREE, suit=CLUBS, isFaceDown=false), Card(rank=EIGHT, suit=HEARTS, isFaceDown=false), Card(rank=TEN, suit=SPADES, isFaceDown=false), Card(rank=EIGHT, suit=CLUBS, isFaceDown=false), Card(rank=FIVE, suit=CLUBS, isFaceDown=false), Card(rank=NINE, suit=CLUBS, isFaceDown=false), Card(rank=THREE, suit=DIAMONDS, isFaceDown=false), Card(rank=SIX, suit=DIAMONDS, isFaceDown=false), Card(rank=THREE, suit=SPADES, isFaceDown=false), Card(rank=SEVEN, suit=DIAMONDS, isFaceDown=false), Card(rank=NINE, suit=DIAMONDS, isFaceDown=false), Card(rank=ACE, suit=HEARTS, isFaceDown=false), Card(rank=THREE, suit=HEARTS, isFaceDown=false), Card(rank=ACE, suit=HEARTS, isFaceDown=false), Card(rank=EIGHT, suit=DIAMONDS, isFaceDown=false), Card(rank=EIGHT, suit=SPADES, isFaceDown=false), Card(rank=TEN, suit=HEARTS, isFaceDown=false), Card(rank=SEVEN, suit=CLUBS, isFaceDown=false), Card(rank=EIGHT, suit=CLUBS, isFaceDown=false), Card(rank=THREE, suit=HEARTS, isFaceDown=false), Card(rank=SEVEN, suit=CLUBS, isFaceDown=false), Card(rank=FOUR, suit=HEARTS, isFaceDown=false), Card(rank=FIVE, suit=DIAMONDS, isFaceDown=false), Card(rank=JACK, suit=SPADES, isFaceDown=false), Card(rank=EIGHT, suit=CLUBS, isFaceDown=false), Card(rank=SIX, suit=CLUBS, isFaceDown=false), Card(rank=JACK, suit=HEARTS, isFaceDown=false), Card(rank=QUEEN, suit=CLUBS, isFaceDown=false), Card(rank=THREE, suit=SPADES, isFaceDown=false), Card(rank=SEVEN, suit=SPADES, isFaceDown=false), Card(rank=QUEEN, suit=SPADES, isFaceDown=false), Card(rank=FIVE, suit=DIAMONDS, isFaceDown=false), Card(rank=TWO, suit=DIAMONDS, isFaceDown=false), Card(rank=QUEEN, suit=SPADES, isFaceDown=false), Card(rank=THREE, suit=HEARTS, isFaceDown=false), Card(rank=KING, suit=CLUBS, isFaceDown=false), Card(rank=NINE, suit=SPADES, isFaceDown=false), Card(rank=TEN, suit=DIAMONDS, isFaceDown=false), Card(rank=FOUR, suit=DIAMONDS, isFaceDown=false), Card(rank=JACK, suit=SPADES, isFaceDown=false), Card(rank=SIX, suit=DIAMONDS, isFaceDown=false), Card(rank=QUEEN, suit=HEARTS, isFaceDown=false), Card(rank=SEVEN, suit=SPADES, isFaceDown=false), Card(rank=NINE, suit=HEARTS, isFaceDown=false), Card(rank=EIGHT, suit=SPADES, isFaceDown=false), Card(rank=FOUR, suit=DIAMONDS, isFaceDown=false), Card(rank=TWO, suit=CLUBS, isFaceDown=false), Card(rank=TEN, suit=SPADES, isFaceDown=false), Card(rank=FOUR, suit=DIAMONDS, isFaceDown=false), Card(rank=JACK, suit=DIAMONDS, isFaceDown=false), Card(rank=TEN, suit=SPADES, isFaceDown=false), Card(rank=TEN, suit=DIAMONDS, isFaceDown=false), Card(rank=FIVE, suit=SPADES, isFaceDown=false), Card(rank=KING, suit=DIAMONDS, isFaceDown=false), Card(rank=FIVE, suit=HEARTS, isFaceDown=false), Card(rank=ACE, suit=SPADES, isFaceDown=false), Card(rank=THREE, suit=CLUBS, isFaceDown=false), Card(rank=QUEEN, suit=SPADES, isFaceDown=false), Card(rank=JACK, suit=HEARTS, isFaceDown=false), Card(rank=SEVEN, suit=HEARTS, isFaceDown=false), Card(rank=NINE, suit=DIAMONDS, isFaceDown=false), Card(rank=TEN, suit=HEARTS, isFaceDown=false), Card(rank=SIX, suit=SPADES, isFaceDown=false), Card(rank=FOUR, suit=SPADES, isFaceDown=false)])
Verbose: (DefaultBlackjackStateMachine) SM action loop finished: SetDeck(deck=[Card(rank=FIVE, suit=DIAMONDS, isFaceDown=false), Card(rank=EIGHT, suit=SPADES, isFaceDown=false), Card(rank=NINE, suit=DIAMONDS, isFaceDown=false), Card(rank=THREE, suit=SPADES, isFaceDown=false), Card(rank=FIVE, suit=DIAMONDS, isFaceDown=false), Card(rank=FOUR, suit=SPADES, isFaceDown=false), Card(rank=SEVEN, suit=SPADES, isFaceDown=false), Card(rank=KING, suit=HEARTS, isFaceDown=false), Card(rank=TWO, suit=CLUBS, isFaceDown=false), Card(rank=ACE, suit=DIAMONDS, isFaceDown=false), Card(rank=TEN, suit=CLUBS, isFaceDown=false), Card(rank=JACK, suit=HEARTS, isFaceDown=false), Card(rank=SEVEN, suit=HEARTS, isFaceDown=false), Card(rank=FIVE, suit=CLUBS, isFaceDown=false), Card(rank=FOUR, suit=HEARTS, isFaceDown=false), Card(rank=KING, suit=SPADES, isFaceDown=false), Card(rank=TWO, suit=HEARTS, isFaceDown=false), Card(rank=KING, suit=DIAMONDS, isFaceDown=false), Card(rank=TWO, suit=DIAMONDS, isFaceDown=false), Card(rank=EIGHT, suit=DIAMONDS, isFaceDown=false), Card(rank=FOUR, suit=DIAMONDS, isFaceDown=false), Card(rank=ACE, suit=SPADES, isFaceDown=false), Card(rank=KING, suit=DIAMONDS, isFaceDown=false), Card(rank=EIGHT, suit=CLUBS, isFaceDown=false), Card(rank=KING, suit=SPADES, isFaceDown=false), Card(rank=KING, suit=DIAMONDS, isFaceDown=false), Card(rank=JACK, suit=DIAMONDS, isFaceDown=false), Card(rank=THREE, suit=HEARTS, isFaceDown=false), Card(rank=TWO, suit=CLUBS, isFaceDown=false), Card(rank=TEN, suit=HEARTS, isFaceDown=false), Card(rank=NINE, suit=HEARTS, isFaceDown=false), Card(rank=SEVEN, suit=DIAMONDS, isFaceDown=false), Card(rank=EIGHT, suit=SPADES, isFaceDown=false), Card(rank=TEN, suit=SPADES, isFaceDown=false), Card(rank=SEVEN, suit=DIAMONDS, isFaceDown=false), Card(rank=THREE, suit=CLUBS, isFaceDown=false), Card(rank=JACK, suit=DIAMONDS, isFaceDown=false), Card(rank=JACK, suit=DIAMONDS, isFaceDown=false), Card(rank=SIX, suit=CLUBS, isFaceDown=false), Card(rank=ACE, suit=HEARTS, isFaceDown=false), Card(rank=TWO, suit=CLUBS, isFaceDown=false), Card(rank=QUEEN, suit=DIAMONDS, isFaceDown=false), Card(rank=FIVE, suit=CLUBS, isFaceDown=false), Card(rank=QUEEN, suit=CLUBS, isFaceDown=false), Card(rank=ACE, suit=CLUBS, isFaceDown=false), Card(rank=FIVE, suit=HEARTS, isFaceDown=false), Card(rank=KING, suit=HEARTS, isFaceDown=false), Card(rank=THREE, suit=DIAMONDS, isFaceDown=false), Card(rank=SEVEN, suit=SPADES, isFaceDown=false), Card(rank=TWO, suit=SPADES, isFaceDown=false), Card(rank=FOUR, suit=HEARTS, isFaceDown=false), Card(rank=FOUR, suit=SPADES, isFaceDown=false), Card(rank=SIX, suit=SPADES, isFaceDown=false), Card(rank=SEVEN, suit=HEARTS, isFaceDown=false), Card(rank=KING, suit=CLUBS, isFaceDown=false), Card(rank=EIGHT, suit=HEARTS, isFaceDown=false), Card(rank=FIVE, suit=SPADES, isFaceDown=false), Card(rank=KING, suit=DIAMONDS, isFaceDown=false), Card(rank=QUEEN, suit=SPADES, isFaceDown=false), Card(rank=JACK, suit=SPADES, isFaceDown=false), Card(rank=NINE, suit=DIAMONDS, isFaceDown=false), Card(rank=TWO, suit=HEARTS, isFaceDown=false), Card(rank=SEVEN, suit=CLUBS, isFaceDown=false), Card(rank=TEN, suit=CLUBS, isFaceDown=false), Card(rank=TWO, suit=DIAMONDS, isFaceDown=false), Card(rank=JACK, suit=SPADES, isFaceDown=false), Card(rank=EIGHT, suit=HEARTS, isFaceDown=false), Card(rank=SIX, suit=HEARTS, isFaceDown=false), Card(rank=FIVE, suit=SPADES, isFaceDown=false), Card(rank=TEN, suit=CLUBS, isFaceDown=false), Card(rank=FIVE, suit=HEARTS, isFaceDown=false), Card(rank=KING, suit=CLUBS, isFaceDown=false), Card(rank=JACK, suit=SPADES, isFaceDown=false), Card(rank=SIX, suit=CLUBS, isFaceDown=false), Card(rank=ACE, suit=SPADES, isFaceDown=false), Card(rank=FIVE, suit=CLUBS, isFaceDown=false), Card(rank=EIGHT, suit=HEARTS, isFaceDown=false), Card(rank=FIVE, suit=HEARTS, isFaceDown=false), Card(rank=FIVE, suit=CLUBS, isFaceDown=false), Card(rank=ACE, suit=CLUBS, isFaceDown=false), Card(rank=JACK, suit=HEARTS, isFaceDown=false), Card(rank=TWO, suit=HEARTS, isFaceDown=false), Card(rank=KING, suit=HEARTS, isFaceDown=false), Card(rank=FIVE, suit=DIAMONDS, isFaceDown=false), Card(rank=NINE, suit=HEARTS, isFaceDown=false), Card(rank=SIX, suit=CLUBS, isFaceDown=false), Card(rank=JACK, suit=CLUBS, isFaceDown=false), Card(rank=TWO, suit=SPADES, isFaceDown=false), Card(rank=KING, suit=SPADES, isFaceDown=false), Card(rank=SIX, suit=HEARTS, isFaceDown=false), Card(rank=SIX, suit=DIAMONDS, isFaceDown=false), Card(rank=KING, suit=CLUBS, isFaceDown=false), Card(rank=FOUR, suit=CLUBS, isFaceDown=false), Card(rank=EIGHT, suit=DIAMONDS, isFaceDown=false), Card(rank=THREE, suit=HEARTS, isFaceDown=false), Card(rank=ACE, suit=DIAMONDS, isFaceDown=false), Card(rank=FOUR, suit=HEARTS, isFaceDown=false), Card(rank=TEN, suit=SPADES, isFaceDown=false), Card(rank=SIX, suit=DIAMONDS, isFaceDown=false), Card(rank=FOUR, suit=CLUBS, isFaceDown=false), Card(rank=JACK, suit=HEARTS, isFaceDown=false), Card(rank=TWO, suit=HEARTS, isFaceDown=false), Card(rank=TWO, suit=DIAMONDS, isFaceDown=false), Card(rank=FOUR, suit=DIAMONDS, isFaceDown=false), Card(rank=SIX, suit=CLUBS, isFaceDown=false), Card(rank=FOUR, suit=HEARTS, isFaceDown=false), Card(rank=ACE, suit=HEARTS, isFaceDown=false), Card(rank=THREE, suit=HEARTS, isFaceDown=false), Card(rank=JACK, suit=CLUBS, isFaceDown=false), Card(rank=TWO, suit=DIAMONDS, isFaceDown=false), Card(rank=KING, suit=CLUBS, isFaceDown=false), Card(rank=FIVE, suit=HEARTS, isFaceDown=false), Card(rank=SIX, suit=SPADES, isFaceDown=false), Card(rank=EIGHT, suit=DIAMONDS, isFaceDown=false), Card(rank=ACE, suit=HEARTS, isFaceDown=false), Card(rank=SEVEN, suit=CLUBS, isFaceDown=false), Card(rank=THREE, suit=DIAMONDS, isFaceDown=false), Card(rank=JACK, suit=CLUBS, isFaceDown=false), Card(rank=THREE, suit=SPADES, isFaceDown=false), Card(rank=THREE, suit=SPADES, isFaceDown=false), Card(rank=NINE, suit=SPADES, isFaceDown=false), Card(rank=FIVE, suit=SPADES, isFaceDown=false), Card(rank=NINE, suit=CLUBS, isFaceDown=false), Card(rank=TWO, suit=HEARTS, isFaceDown=false), Card(rank=KING, suit=HEARTS, isFaceDown=false), Card(rank=JACK, suit=CLUBS, isFaceDown=false), Card(rank=SIX, suit=SPADES, isFaceDown=false), Card(rank=TEN, suit=HEARTS, isFaceDown=false), Card(rank=JACK, suit=SPADES, isFaceDown=false), Card(rank=QUEEN, suit=CLUBS, isFaceDown=false), Card(rank=SEVEN, suit=SPADES, isFaceDown=false), Card(rank=ACE, suit=DIAMONDS, isFaceDown=false), Card(rank=FIVE, suit=CLUBS, isFaceDown=false), Card(rank=SEVEN, suit=SPADES, isFaceDown=false), Card(rank=FOUR, suit=CLUBS, isFaceDown=false), Card(rank=KING, suit=SPADES, isFaceDown=false), Card(rank=FOUR, suit=SPADES, isFaceDown=false), Card(rank=SIX, suit=HEARTS, isFaceDown=false), Card(rank=NINE, suit=SPADES, isFaceDown=false), Card(rank=FOUR, suit=CLUBS, isFaceDown=false), Card(rank=KING, suit=SPADES, isFaceDown=false), Card(rank=QUEEN, suit=HEARTS, isFaceDown=false), Card(rank=ACE, suit=CLUBS, isFaceDown=false), Card(rank=ACE, suit=CLUBS, isFaceDown=false), Card(rank=SEVEN, suit=DIAMONDS, isFaceDown=false), Card(rank=FIVE, suit=HEARTS, isFaceDown=false), Card(rank=JACK, suit=CLUBS, isFaceDown=false), Card(rank=SIX, suit=SPADES, isFaceDown=false), Card(rank=QUEEN, suit=CLUBS, isFaceDown=false), Card(rank=TEN, suit=HEARTS, isFaceDown=false), Card(rank=JACK, suit=DIAMONDS, isFaceDown=false), Card(rank=NINE, suit=SPADES, isFaceDown=false), Card(rank=KING, suit=SPADES, isFaceDown=false), Card(rank=ACE, suit=CLUBS, isFaceDown=false), Card(rank=QUEEN, suit=HEARTS, isFaceDown=false), Card(rank=NINE, suit=CLUBS, isFaceDown=false), Card(rank=TWO, suit=CLUBS, isFaceDown=false), Card(rank=FOUR, suit=DIAMONDS, isFaceDown=false), Card(rank=FOUR, suit=SPADES, isFaceDown=false), Card(rank=ACE, suit=SPADES, isFaceDown=false), Card(rank=TEN, suit=DIAMONDS, isFaceDown=false), Card(rank=EIGHT, suit=CLUBS, isFaceDown=false), Card(rank=SEVEN, suit=DIAMONDS, isFaceDown=false), Card(rank=EIGHT, suit=HEARTS, isFaceDown=false), Card(rank=KING, suit=CLUBS, isFaceDown=false), Card(rank=QUEEN, suit=HEARTS, isFaceDown=false), Card(rank=FIVE, suit=DIAMONDS, isFaceDown=false), Card(rank=THREE, suit=DIAMONDS, isFaceDown=false), Card(rank=TEN, suit=HEARTS, isFaceDown=false), Card(rank=FOUR, suit=CLUBS, isFaceDown=false), Card(rank=QUEEN, suit=DIAMONDS, isFaceDown=false), Card(rank=EIGHT, suit=DIAMONDS, isFaceDown=false), Card(rank=NINE, suit=HEARTS, isFaceDown=false), Card(rank=NINE, suit=DIAMONDS, isFaceDown=false), Card(rank=ACE, suit=SPADES, isFaceDown=false), Card(rank=QUEEN, suit=DIAMONDS, isFaceDown=false), Card(rank=ACE, suit=DIAMONDS, isFaceDown=false), Card(rank=FOUR, suit=HEARTS, isFaceDown=false), Card(rank=QUEEN, suit=SPADES, isFaceDown=false), Card(rank=SEVEN, suit=HEARTS, isFaceDown=false), Card(rank=ACE, suit=SPADES, isFaceDown=false), Card(rank=SIX, suit=DIAMONDS, isFaceDown=false), Card(rank=NINE, suit=HEARTS, isFaceDown=false), Card(rank=KING, suit=DIAMONDS, isFaceDown=false), Card(rank=NINE, suit=HEARTS, isFaceDown=false), Card(rank=FOUR, suit=CLUBS, isFaceDown=false), Card(rank=NINE, suit=CLUBS, isFaceDown=false), Card(rank=THREE, suit=CLUBS, isFaceDown=false), Card(rank=JACK, suit=DIAMONDS, isFaceDown=false), Card(rank=QUEEN, suit=DIAMONDS, isFaceDown=false), Card(rank=SEVEN, suit=CLUBS, isFaceDown=false), Card(rank=TWO, suit=SPADES, isFaceDown=false), Card(rank=TEN, suit=CLUBS, isFaceDown=false), Card(rank=SIX, suit=SPADES, isFaceDown=false), Card(rank=SEVEN, suit=HEARTS, isFaceDown=false), Card(rank=TWO, suit=HEARTS, isFaceDown=false), Card(rank=EIGHT, suit=SPADES, isFaceDown=false), Card(rank=QUEEN, suit=CLUBS, isFaceDown=false), Card(rank=THREE, suit=CLUBS, isFaceDown=false), Card(rank=QUEEN, suit=DIAMONDS, isFaceDown=false), Card(rank=QUEEN, suit=DIAMONDS, isFaceDown=false), Card(rank=SIX, suit=DIAMONDS, isFaceDown=false), Card(rank=NINE, suit=CLUBS, isFaceDown=false), Card(rank=EIGHT, suit=HEARTS, isFaceDown=false), Card(rank=EIGHT, suit=SPADES, isFaceDown=false), Card(rank=ACE, suit=DIAMONDS, isFaceDown=false), Card(rank=FOUR, suit=SPADES, isFaceDown=false), Card(rank=ACE, suit=HEARTS, isFaceDown=false), Card(rank=THREE, suit=DIAMONDS, isFaceDown=false), Card(rank=SEVEN, suit=DIAMONDS, isFaceDown=false), Card(rank=SIX, suit=HEARTS, isFaceDown=false), Card(rank=THREE, suit=DIAMONDS, isFaceDown=false), Card(rank=JACK, suit=CLUBS, isFaceDown=false), Card(rank=TWO, suit=SPADES, isFaceDown=false), Card(rank=TWO, suit=SPADES, isFaceDown=false), Card(rank=JACK, suit=HEARTS, isFaceDown=false), Card(rank=ACE, suit=CLUBS, isFaceDown=false), Card(rank=NINE, suit=DIAMONDS, isFaceDown=false), Card(rank=NINE, suit=CLUBS, isFaceDown=false), Card(rank=QUEEN, suit=SPADES, isFaceDown=false), Card(rank=EIGHT, suit=CLUBS, isFaceDown=false), Card(rank=THREE, suit=SPADES, isFaceDown=false), Card(rank=SIX, suit=HEARTS, isFaceDown=false), Card(rank=TEN, suit=DIAMONDS, isFaceDown=false), Card(rank=EIGHT, suit=DIAMONDS, isFaceDown=false), Card(rank=QUEEN, suit=HEARTS, isFaceDown=false), Card(rank=KING, suit=HEARTS, isFaceDown=false), Card(rank=QUEEN, suit=HEARTS, isFaceDown=false), Card(rank=FIVE, suit=SPADES, isFaceDown=false), Card(rank=TWO, suit=DIAMONDS, isFaceDown=false), Card(rank=SIX, suit=HEARTS, isFaceDown=false), Card(rank=NINE, suit=SPADES, isFaceDown=false), Card(rank=TWO, suit=CLUBS, isFaceDown=false), Card(rank=TEN, suit=DIAMONDS, isFaceDown=false), Card(rank=QUEEN, suit=CLUBS, isFaceDown=false), Card(rank=NINE, suit=SPADES, isFaceDown=false), Card(rank=THREE, suit=CLUBS, isFaceDown=false), Card(rank=SEVEN, suit=HEARTS, isFaceDown=false), Card(rank=SEVEN, suit=CLUBS, isFaceDown=false), Card(rank=SIX, suit=CLUBS, isFaceDown=false), Card(rank=FIVE, suit=SPADES, isFaceDown=false), Card(rank=KING, suit=HEARTS, isFaceDown=false), Card(rank=TEN, suit=DIAMONDS, isFaceDown=false), Card(rank=TEN, suit=SPADES, isFaceDown=false), Card(rank=ACE, suit=DIAMONDS, isFaceDown=false), Card(rank=TEN, suit=CLUBS, isFaceDown=false), Card(rank=TEN, suit=CLUBS, isFaceDown=false), Card(rank=TWO, suit=SPADES, isFaceDown=false), Card(rank=THREE, suit=CLUBS, isFaceDown=false), Card(rank=EIGHT, suit=HEARTS, isFaceDown=false), Card(rank=TEN, suit=SPADES, isFaceDown=false), Card(rank=EIGHT, suit=CLUBS, isFaceDown=false), Card(rank=FIVE, suit=CLUBS, isFaceDown=false), Card(rank=NINE, suit=CLUBS, isFaceDown=false), Card(rank=THREE, suit=DIAMONDS, isFaceDown=false), Card(rank=SIX, suit=DIAMONDS, isFaceDown=false), Card(rank=THREE, suit=SPADES, isFaceDown=false), Card(rank=SEVEN, suit=DIAMONDS, isFaceDown=false), Card(rank=NINE, suit=DIAMONDS, isFaceDown=false), Card(rank=ACE, suit=HEARTS, isFaceDown=false), Card(rank=THREE, suit=HEARTS, isFaceDown=false), Card(rank=ACE, suit=HEARTS, isFaceDown=false), Card(rank=EIGHT, suit=DIAMONDS, isFaceDown=false), Card(rank=EIGHT, suit=SPADES, isFaceDown=false), Card(rank=TEN, suit=HEARTS, isFaceDown=false), Card(rank=SEVEN, suit=CLUBS, isFaceDown=false), Card(rank=EIGHT, suit=CLUBS, isFaceDown=false), Card(rank=THREE, suit=HEARTS, isFaceDown=false), Card(rank=SEVEN, suit=CLUBS, isFaceDown=false), Card(rank=FOUR, suit=HEARTS, isFaceDown=false), Card(rank=FIVE, suit=DIAMONDS, isFaceDown=false), Card(rank=JACK, suit=SPADES, isFaceDown=false), Card(rank=EIGHT, suit=CLUBS, isFaceDown=false), Card(rank=SIX, suit=CLUBS, isFaceDown=false), Card(rank=JACK, suit=HEARTS, isFaceDown=false), Card(rank=QUEEN, suit=CLUBS, isFaceDown=false), Card(rank=THREE, suit=SPADES, isFaceDown=false), Card(rank=SEVEN, suit=SPADES, isFaceDown=false), Card(rank=QUEEN, suit=SPADES, isFaceDown=false), Card(rank=FIVE, suit=DIAMONDS, isFaceDown=false), Card(rank=TWO, suit=DIAMONDS, isFaceDown=false), Card(rank=QUEEN, suit=SPADES, isFaceDown=false), Card(rank=THREE, suit=HEARTS, isFaceDown=false), Card(rank=KING, suit=CLUBS, isFaceDown=false), Card(rank=NINE, suit=SPADES, isFaceDown=false), Card(rank=TEN, suit=DIAMONDS, isFaceDown=false), Card(rank=FOUR, suit=DIAMONDS, isFaceDown=false), Card(rank=JACK, suit=SPADES, isFaceDown=false), Card(rank=SIX, suit=DIAMONDS, isFaceDown=false), Card(rank=QUEEN, suit=HEARTS, isFaceDown=false), Card(rank=SEVEN, suit=SPADES, isFaceDown=false), Card(rank=NINE, suit=HEARTS, isFaceDown=false), Card(rank=EIGHT, suit=SPADES, isFaceDown=false), Card(rank=FOUR, suit=DIAMONDS, isFaceDown=false), Card(rank=TWO, suit=CLUBS, isFaceDown=false), Card(rank=TEN, suit=SPADES, isFaceDown=false), Card(rank=FOUR, suit=DIAMONDS, isFaceDown=false), Card(rank=JACK, suit=DIAMONDS, isFaceDown=false), Card(rank=TEN, suit=SPADES, isFaceDown=false), Card(rank=TEN, suit=DIAMONDS, isFaceDown=false), Card(rank=FIVE, suit=SPADES, isFaceDown=false), Card(rank=KING, suit=DIAMONDS, isFaceDown=false), Card(rank=FIVE, suit=HEARTS, isFaceDown=false), Card(rank=ACE, suit=SPADES, isFaceDown=false), Card(rank=THREE, suit=CLUBS, isFaceDown=false), Card(rank=QUEEN, suit=SPADES, isFaceDown=false), Card(rank=JACK, suit=HEARTS, isFaceDown=false), Card(rank=SEVEN, suit=HEARTS, isFaceDown=false), Card(rank=NINE, suit=DIAMONDS, isFaceDown=false), Card(rank=TEN, suit=HEARTS, isFaceDown=false), Card(rank=SIX, suit=SPADES, isFaceDown=false), Card(rank=FOUR, suit=SPADES, isFaceDown=false)])
Verbose: (DefaultBlackjackStateMachine) SM reduce: DealCardToPlayer(seatIndex=0)
Verbose: (DefaultBlackjackStateMachine) SM action loop finished: DealCardToPlayer(seatIndex=0)
Verbose: (DefaultBlackjackStateMachine) SM reduce: DealCardToDealer(faceDown=false)
Verbose: (DefaultBlackjackStateMachine) SM action loop finished: DealCardToDealer(faceDown=false)
Verbose: (DefaultBlackjackStateMachine) SM reduce: DealCardToPlayer(seatIndex=0)
Verbose: (DefaultBlackjackStateMachine) SM action loop finished: DealCardToPlayer(seatIndex=0)
Verbose: (DefaultBlackjackStateMachine) SM reduce: DealCardToDealer(faceDown=true)
Verbose: (DefaultBlackjackStateMachine) SM action loop finished: DealCardToDealer(faceDown=true)
Verbose: (DefaultBlackjackStateMachine) SM reduce: ApplyInitialOutcome
Verbose: (DefaultBlackjackStateMachine) SM action loop finished: ApplyInitialOutcome
Debug: (DefaultBlackjackStateMachine) SM init block finally
Passed handleDeal_reshuffles_whenDeckIsEmpty()
Completed LogicImprovementsTest

Test run finished after 13774 ms
[        53 containers found      ]
[         0 containers skipped    ]
[        53 containers started    ]
[         0 containers aborted    ]
[        53 containers successful ]
[         0 containers failed     ]
[       406 tests found           ]
[         0 tests skipped         ]
[       406 tests started         ]
[         0 tests aborted         ]
[       406 tests successful      ]
[         0 tests failed          ]

